Component: ARM Compiler 5.06 update 5 (build 528) Tool: armlink [4d35e2]

==============================================================================

Section Cross References

    startup_stm32f427xx.o(RESET) refers to startup_stm32f427xx.o(STACK) for __initial_sp
    startup_stm32f427xx.o(RESET) refers to startup_stm32f427xx.o(.text) for Reset_Handler
    startup_stm32f427xx.o(RESET) refers to stm32f4xx_it.o(i.NMI_Handler) for NMI_Handler
    startup_stm32f427xx.o(RESET) refers to stm32f4xx_it.o(i.HardFault_Handler) for HardFault_Handler
    startup_stm32f427xx.o(RESET) refers to stm32f4xx_it.o(i.MemManage_Handler) for MemManage_Handler
    startup_stm32f427xx.o(RESET) refers to stm32f4xx_it.o(i.BusFault_Handler) for BusFault_Handler
    startup_stm32f427xx.o(RESET) refers to stm32f4xx_it.o(i.UsageFault_Handler) for UsageFault_Handler
    startup_stm32f427xx.o(RESET) refers to port.o(.emb_text) for SVC_Handler
    startup_stm32f427xx.o(RESET) refers to stm32f4xx_it.o(i.DebugMon_Handler) for DebugMon_Handler
    startup_stm32f427xx.o(RESET) refers to stm32f4xx_it.o(i.SysTick_Handler) for SysTick_Handler
    startup_stm32f427xx.o(RESET) refers to stm32f4xx_it.o(i.CAN1_TX_IRQHandler) for CAN1_TX_IRQHandler
    startup_stm32f427xx.o(RESET) refers to stm32f4xx_it.o(i.CAN1_RX0_IRQHandler) for CAN1_RX0_IRQHandler
    startup_stm32f427xx.o(RESET) refers to stm32f4xx_it.o(i.TIM4_IRQHandler) for TIM4_IRQHandler
    startup_stm32f427xx.o(RESET) refers to stm32f4xx_it.o(i.USART1_IRQHandler) for USART1_IRQHandler
    startup_stm32f427xx.o(RESET) refers to stm32f4xx_it.o(i.DMA2_Stream2_IRQHandler) for DMA2_Stream2_IRQHandler
    startup_stm32f427xx.o(.text) refers to system_stm32f4xx.o(i.SystemInit) for SystemInit
    startup_stm32f427xx.o(.text) refers to entry.o(.ARM.Collect$$$$00000000) for __main
    main.o(i.SystemClock_Config) refers to memseta.o(.text) for __aeabi_memclr4
    main.o(i.SystemClock_Config) refers to stm32f4xx_hal_rcc.o(i.HAL_RCC_OscConfig) for HAL_RCC_OscConfig
    main.o(i.SystemClock_Config) refers to stm32f4xx_hal_rcc.o(i.HAL_RCC_ClockConfig) for HAL_RCC_ClockConfig
    main.o(i.main) refers to stm32f4xx_hal.o(i.HAL_Init) for HAL_Init
    main.o(i.main) refers to main.o(i.SystemClock_Config) for SystemClock_Config
    main.o(i.main) refers to gpio.o(i.MX_GPIO_Init) for MX_GPIO_Init
    main.o(i.main) refers to dma.o(i.MX_DMA_Init) for MX_DMA_Init
    main.o(i.main) refers to can.o(i.MX_CAN1_Init) for MX_CAN1_Init
    main.o(i.main) refers to spi.o(i.MX_SPI1_Init) for MX_SPI1_Init
    main.o(i.main) refers to usart.o(i.MX_USART1_UART_Init) for MX_USART1_UART_Init
    main.o(i.main) refers to usart.o(i.MX_USART6_UART_Init) for MX_USART6_UART_Init
    main.o(i.main) refers to spi.o(i.MX_SPI5_Init) for MX_SPI5_Init
    main.o(i.main) refers to tim.o(i.MX_TIM3_Init) for MX_TIM3_Init
    main.o(i.main) refers to tim.o(i.MX_TIM4_Init) for MX_TIM4_Init
    main.o(i.main) refers to bsp_can.o(i.can_user_init) for can_user_init
    main.o(i.main) refers to dji_remote.o(i.HAL_UART_Receive_IT_IDLE) for HAL_UART_Receive_IT_IDLE
    main.o(i.main) refers to freertos.o(i.MX_FREERTOS_Init) for MX_FREERTOS_Init
    main.o(i.main) refers to cmsis_os.o(i.osKernelStart) for osKernelStart
    main.o(i.main) refers to can.o(.bss) for hcan1
    main.o(i.main) refers to dji_remote.o(.bss) for UART_Buffer
    main.o(i.main) refers to usart.o(.bss) for huart1
    gpio.o(i.MX_GPIO_Init) refers to memseta.o(.text) for __aeabi_memclr4
    gpio.o(i.MX_GPIO_Init) refers to stm32f4xx_hal_gpio.o(i.HAL_GPIO_WritePin) for HAL_GPIO_WritePin
    gpio.o(i.MX_GPIO_Init) refers to stm32f4xx_hal_gpio.o(i.HAL_GPIO_Init) for HAL_GPIO_Init
    gpio.o(i.led_off) refers to stm32f4xx_hal_gpio.o(i.HAL_GPIO_WritePin) for HAL_GPIO_WritePin
    can.o(i.HAL_CAN_MspDeInit) refers to stm32f4xx_hal_gpio.o(i.HAL_GPIO_DeInit) for HAL_GPIO_DeInit
    can.o(i.HAL_CAN_MspDeInit) refers to stm32f4xx_hal_cortex.o(i.HAL_NVIC_DisableIRQ) for HAL_NVIC_DisableIRQ
    can.o(i.HAL_CAN_MspInit) refers to memseta.o(.text) for __aeabi_memclr4
    can.o(i.HAL_CAN_MspInit) refers to stm32f4xx_hal_gpio.o(i.HAL_GPIO_Init) for HAL_GPIO_Init
    can.o(i.HAL_CAN_MspInit) refers to stm32f4xx_hal_cortex.o(i.HAL_NVIC_SetPriority) for HAL_NVIC_SetPriority
    can.o(i.HAL_CAN_MspInit) refers to stm32f4xx_hal_cortex.o(i.HAL_NVIC_EnableIRQ) for HAL_NVIC_EnableIRQ
    can.o(i.MX_CAN1_Init) refers to stm32f4xx_hal_can.o(i.HAL_CAN_Init) for HAL_CAN_Init
    can.o(i.MX_CAN1_Init) refers to main.o(i.Error_Handler) for Error_Handler
    can.o(i.MX_CAN1_Init) refers to can.o(.bss) for .bss
    dma.o(i.MX_DMA_Init) refers to stm32f4xx_hal_cortex.o(i.HAL_NVIC_SetPriority) for HAL_NVIC_SetPriority
    dma.o(i.MX_DMA_Init) refers to stm32f4xx_hal_cortex.o(i.HAL_NVIC_EnableIRQ) for HAL_NVIC_EnableIRQ
    freertos.o(i.MX_FREERTOS_Init) refers to memcpya.o(.text) for __aeabi_memcpy4
    freertos.o(i.MX_FREERTOS_Init) refers to cmsis_os.o(i.osThreadCreate) for osThreadCreate
[...]
    xBlockAllocatedBit                       0x20000084   Data           4  heap_4.o(.data)
    xStart                                   0x20000088   Data           8  heap_4.o(.data)
    .data                                    0x20000090   Section       12  port.o(.data)
    ucMaxSysCallPriority                     0x20000090   Data           1  port.o(.data)
    uxCriticalNesting                        0x20000094   Data           4  port.o(.data)
    ulMaxPRIGROUPValue                       0x20000098   Data           4  port.o(.data)
    .data                                    0x2000009c   Section        1  test_task.o(.data)
    .data                                    0x200000a0   Section        8  gimbal_task.o(.data)
    bias_angle                               0x200000a0   Data           4  gimbal_task.o(.data)
    angle_set                                0x200000a4   Data           4  gimbal_task.o(.data)
    .data                                    0x200000a8   Section       16  chassis_behaviour.o(.data)
    chassis_behaviour_mode                   0x200000a8   Data           1  chassis_behaviour.o(.data)
    swing_flag                               0x200000a9   Data           1  chassis_behaviour.o(.data)
    swing_time                               0x200000ac   Data           4  chassis_behaviour.o(.data)
    swing_angle                              0x200000b0   Data           4  chassis_behaviour.o(.data)
    max_angle                                0x200000b4   Data           4  chassis_behaviour.o(.data)
    .data                                    0x200000b8   Section       32  gimbal_behaviour.o(.data)
    gimbal_behaviour                         0x200000b8   Data           1  gimbal_behaviour.o(.data)
    last_gimbal_behaviour                    0x200000b9   Data           1  gimbal_behaviour.o(.data)
    gimbal_turn_flag                         0x200000ba   Data           1  gimbal_behaviour.o(.data)
    yaw_channel                              0x200000bc   Data           2  gimbal_behaviour.o(.data)
    pitch_channel                            0x200000be   Data           2  gimbal_behaviour.o(.data)
    motionless_time                          0x200000c0   Data           2  gimbal_behaviour.o(.data)
    init_time                                0x200000c2   Data           2  gimbal_behaviour.o(.data)
    init_stop_time                           0x200000c4   Data           2  gimbal_behaviour.o(.data)
    cali_time                                0x200000c6   Data           2  gimbal_behaviour.o(.data)
    last_turn_keyboard                       0x200000c8   Data           2  gimbal_behaviour.o(.data)
    rc_add_yaw                               0x200000cc   Data           4  gimbal_behaviour.o(.data)
    rc_add_pit                               0x200000d0   Data           4  gimbal_behaviour.o(.data)
    gimbal_end_angle                         0x200000d4   Data           4  gimbal_behaviour.o(.data)
    .data                                    0x200000d8   Section      114  bsp_can.o(.data)
    .data                                    0x2000014c   Section       12  dji_remote.o(.data)
    .data                                    0x20000158   Section       96  bsp_imu.o(.data)
    tx                                       0x20000158   Data           1  bsp_imu.o(.data)
    rx                                       0x20000159   Data           1  bsp_imu.o(.data)
    gx                                       0x20000178   Data           4  bsp_imu.o(.data)
    gy                                       0x2000017c   Data           4  bsp_imu.o(.data)
    gz                                       0x20000180   Data           4  bsp_imu.o(.data)
    ax                                       0x20000184   Data           4  bsp_imu.o(.data)
    ay                                       0x20000188   Data           4  bsp_imu.o(.data)
    az                                       0x2000018c   Data           4  bsp_imu.o(.data)
    mx                                       0x20000190   Data           4  bsp_imu.o(.data)
    my                                       0x20000194   Data           4  bsp_imu.o(.data)
    mz                                       0x20000198   Data           4  bsp_imu.o(.data)
    tx_buff                                  0x200001aa   Data          14  bsp_imu.o(.data)
    .data                                    0x200001b8   Section        4  stdout.o(.data)
    .bss                                     0x200001bc   Section       40  can.o(.bss)
    .bss                                     0x200001e4   Section      608  freertos.o(.bss)
    xIdleTaskTCBBuffer                       0x200001e4   Data          96  freertos.o(.bss)
    xIdleStack                               0x20000244   Data         512  freertos.o(.bss)
    .bss                                     0x20000444   Section      176  spi.o(.bss)
    .bss                                     0x200004f4   Section      128  tim.o(.bss)
    .bss                                     0x20000574   Section      224  usart.o(.bss)
    .bss                                     0x20000654   Section      240  tasks.o(.bss)
    pxReadyTasksLists                        0x20000654   Data         140  tasks.o(.bss)
    xDelayedTaskList1                        0x200006e0   Data          20  tasks.o(.bss)
    xDelayedTaskList2                        0x200006f4   Data          20  tasks.o(.bss)
    xPendingReadyList                        0x20000708   Data          20  tasks.o(.bss)
    xTasksWaitingTermination                 0x2000071c   Data          20  tasks.o(.bss)
    xSuspendedTaskList                       0x20000730   Data          20  tasks.o(.bss)
    .bss                                     0x20000744   Section    15360  heap_4.o(.bss)
    ucHeap                                   0x20000744   Data       15360  heap_4.o(.bss)
    .bss                                     0x20004344   Section      444  chassis_task.o(.bss)
    chassis_move                             0x20004344   Data         444  chassis_task.o(.bss)
    .bss                                     0x20004500   Section      364  test_task.o(.bss)
    .bss                                     0x2000466c   Section      448  gimbal_task.o(.bss)
    gimbal_control                           0x2000466c   Data         448  gimbal_task.o(.bss)
    .bss                                     0x2000482c   Section      100  dji_remote.o(.bss)
    .bss                                     0x20004890   Section       20  dji_remote.o(.bss)
    .bss                                     0x200048a4   Section     1024  oled.o(.bss)
    OLED_GRAM                                0x200048a4   Data        1024  oled.o(.bss)
    .bss                                     0x20004ca4   Section      134  bsp_imu.o(.bss)
    INS_gyro                                 0x20004cd8   Data          12  bsp_imu.o(.bss)
    INS_accel                                0x20004ce4   Data          12  bsp_imu.o(.bss)
    INS_Angle                                0x20004cf0   Data          12  bsp_imu.o(.bss)
    STACK                                    0x20004d30   Section     1024  startup_stm32f427xx.o(STACK)

    Global Symbols

    Symbol Name                              Value     Ov Type        Size  Object(Section)

    BuildAttributes$$THM_ISAv4$E$P$D$K$B$S$7EM$VFPi3$EXTD16$VFPS$VFMA$PE$A:L22UL41UL21$X:L11$S22US41US21$IEEE1$IW$USESV6$~STKCKD$USESV7$~SHL$OTIME$ROPI$IEEEX$EBA8$MICROLIB$REQ8$PRES8$EABIv2 0x00000000   Number         0  anon$$obj.o ABSOLUTE
    __ARM_use_no_argv                        0x00000000   Number         0  main.o ABSOLUTE
    _printf_a                                0x00000000   Number         0  stubs.o ABSOLUTE
    _printf_c                                0x00000000   Number         0  stubs.o ABSOLUTE
    _printf_charcount                        0x00000000   Number         0  stubs.o ABSOLUTE
    _printf_d                                0x00000000   Number         0  stubs.o ABSOLUTE
    _printf_e                                0x00000000   Number         0  stubs.o ABSOLUTE
    _printf_f                                0x00000000   Number         0  stubs.o ABSOLUTE
    _printf_flags                            0x00000000   Number         0  stubs.o ABSOLUTE
    _printf_fp_dec                           0x00000000   Number         0  stubs.o ABSOLUTE
    _printf_fp_hex                           0x00000000   Number         0  stubs.o ABSOLUTE
    _printf_g                                0x00000000   Number         0  stubs.o ABSOLUTE
    _printf_i                                0x00000000   Number         0  stubs.o ABSOLUTE
    _printf_int_dec                          0x00000000   Number         0  stubs.o ABSOLUTE
    _printf_l                                0x00000000   Number         0  stubs.o ABSOLUTE
    _printf_lc                               0x00000000   Number         0  stubs.o ABSOLUTE
    _printf_ll                               0x00000000   Number         0  stubs.o ABSOLUTE
    _printf_lld                              0x00000000   Number         0  stubs.o ABSOLUTE
    _printf_lli                              0x00000000   Number         0  stubs.o ABSOLUTE
    _printf_llo                              0x00000000   Number         0  stubs.o ABSOLUTE
    _printf_llu                              0x00000000   Number         0  stubs.o ABSOLUTE
    _printf_llx                              0x00000000   Number         0  stubs.o ABSOLUTE
    _printf_longlong_dec                     0x00000000   Number         0  stubs.o ABSOLUTE
    _printf_longlong_hex                     0x00000000   Number         0  stubs.o ABSOLUTE
    _printf_longlong_oct                     0x00000000   Number         0  stubs.o ABSOLUTE
    _printf_ls                               0x00000000   Number         0  stubs.o ABSOLUTE
    _printf_mbtowc                           0x00000000   Number         0  stubs.o ABSOLUTE
    _printf_n                                0x00000000   Number         0  stubs.o ABSOLUTE
    _printf_o                                0x00000000   Number         0  stubs.o ABSOLUTE
    _printf_p                                0x00000000   Number         0  stubs.o ABSOLUTE
    _printf_percent                          0x00000000   Number         0  stubs.o ABSOLUTE
    _printf_pre_padding                      0x00000000   Number         0  stubs.o ABSOLUTE
    _printf_return_value                     0x00000000   Number         0  stubs.o ABSOLUTE
    _printf_s                                0x00000000   Number         0  stubs.o ABSOLUTE
    _printf_sizespec                         0x00000000   Number         0  stubs.o ABSOLUTE
    _printf_str                              0x00000000   Number         0  stubs.o ABSOLUTE
    _printf_truncate_signed                  0x00000000   Number         0  stubs.o ABSOLUTE
    _printf_truncate_unsigned                0x00000000   Number         0  stubs.o ABSOLUTE
    _printf_u                                0x00000000   Number         0  stubs.o ABSOLUTE
    _printf_wc                               0x00000000   Number         0  stubs.o ABSOLUTE
    _printf_wctomb                           0x00000000   Number         0  stubs.o ABSOLUTE
    _printf_widthprec                        0x00000000   Number         0  stubs.o ABSOLUTE
    _printf_x                                0x00000000   Number         0  stubs.o ABSOLUTE
    __cpp_initialize__aeabi_                  - Undefined Weak Reference
    __cxa_finalize                            - Undefined Weak Reference
    _clock_init                               - Undefined Weak Reference
    _microlib_exit                            - Undefined Weak Reference
    __Vectors_Size                           0x000001ac   Number         0  startup_stm32f427xx.o ABSOLUTE
    __Vectors                                0x08000000   Data           4  startup_stm32f427xx.o(RESET)
    __Vectors_End                            0x080001ac   Data           0  startup_stm32f427xx.o(RESET)
    __main                                   0x080001ad   Thumb Code     0  entry.o(.ARM.Collect$$$$00000000)
    _main_stk                                0x080001ad   Thumb Code     0  entry2.o(.ARM.Collect$$$$00000001)
    _main_scatterload                        0x080001b1   Thumb Code     0  entry5.o(.ARM.Collect$$$$00000004)
    __main_after_scatterload                 0x080001b5   Thumb Code     0  entry5.o(.ARM.Collect$$$$00000004)
    _main_clock                              0x080001b5   Thumb Code     0  entry7b.o(.ARM.Collect$$$$00000008)
    _main_cpp_init                           0x080001b5   Thumb Code     0  entry8b.o(.ARM.Collect$$$$0000000A)
    _main_init                               0x080001b5   Thumb Code     0  entry9a.o(.ARM.Collect$$$$0000000B)
    __rt_final_cpp                           0x080001bd   Thumb Code     0  entry10a.o(.ARM.Collect$$$$0000000D)
    __rt_final_exit                          0x080001bd   Thumb Code     0  entry11a.o(.ARM.Collect$$$$0000000F)
    SVC_Handler                              0x080001c1   Thumb Code    28  port.o(.emb_text)
    __asm___6_port_c_39a90d8d__prvStartFirstTask 0x080001e1   Thumb Code    36  port.o(.emb_text)
    __asm___6_port_c_39a90d8d__prvEnableVFP  0x08000209   Thumb Code    16  port.o(.emb_text)
    PendSV_Handler                           0x0800021d   Thumb Code    88  port.o(.emb_text)
    vPortGetIPSR                             0x08000279   Thumb Code     6  port.o(.emb_text)
    Reset_Handler                            0x08000281   Thumb Code     8  startup_stm32f427xx.o(.text)
    ADC_IRQHandler                           0x0800029b   Thumb Code     0  startup_stm32f427xx.o(.text)
    CAN1_RX1_IRQHandler                      0x0800029b   Thumb Code     0  startup_stm32f427xx.o(.text)
    CAN1_SCE_IRQHandler                      0x0800029b   Thumb Code     0  startup_stm32f427xx.o(.text)
    CAN2_RX0_IRQHandler                      0x0800029b   Thumb Code     0  startup_stm32f427xx.o(.text)
    CAN2_RX1_IRQHandler                      0x0800029b   Thumb Code     0  startup_stm32f427xx.o(.text)
    CAN2_SCE_IRQHandler                      0x0800029b   Thumb Code     0  startup_stm32f427xx.o(.text)
    CAN2_TX_IRQHandler                       0x0800029b   Thumb Code     0  startup_stm32f427xx.o(.text)
    DCMI_IRQHandler                          0x0800029b   Thumb Code     0  startup_stm32f427xx.o(.text)
    DMA1_Stream0_IRQHandler                  0x0800029b   Thumb Code     0  startup_stm32f427xx.o(.text)
    DMA1_Stream1_IRQHandler                  0x0800029b   Thumb Code     0  startup_stm32f427xx.o(.text)
    DMA1_Stream2_IRQHandler                  0x0800029b   Thumb Code     0  startup_stm32f427xx.o(.text)
    DMA1_Stream3_IRQHandler                  0x0800029b   Thumb Code     0  startup_stm32f427xx.o(.text)
    DMA1_Stream4_IRQHandler                  0x0800029b   Thumb Code     0  startup_stm32f427xx.o(.text)
    DMA1_Stream5_IRQHandler                  0x0800029b   Thumb Code     0  startup_stm32f427xx.o(.text)
    DMA1_Stream6_IRQHandler                  0x0800029b   Thumb Code     0  startup_stm32f427xx.o(.text)
    DMA1_Stream7_IRQHandler                  0x0800029b   Thumb Code     0  startup_stm32f427xx.o(.text)
    DMA2D_IRQHandler                         0x0800029b   Thumb Code     0  startup_stm32f427xx.o(.text)
    DMA2_Stream0_IRQHandler                  0x0800029b   Thumb Code     0  startup_stm32f427xx.o(.text)
    DMA2_Stream1_IRQHandler                  0x0800029b   Thumb Code     0  startup_stm32f427xx.o(.text)
    DMA2_Stream3_IRQHandler                  0x0800029b   Thumb Code     0  startup_stm32f427xx.o(.text)
    DMA2_Stream4_IRQHandler                  0x0800029b   Thumb Code     0  startup_stm32f427xx.o(.text)
    DMA2_Stream5_IRQHandler                  0x0800029b   Thumb Code     0  startup_stm32f427xx.o(.text)
    DMA2_Stream6_IRQHandler                  0x0800029b   Thumb Code     0  startup_stm32f427xx.o(.text)
    DMA2_Stream7_IRQHandler                  0x0800029b   Thumb Code     0  startup_stm32f427xx.o(.text)
    ETH_IRQHandler                           0x0800029b   Thumb Code     0  startup_stm32f427xx.o(.text)
    ETH_WKUP_IRQHandler                      0x0800029b   Thumb Code     0  startup_stm32f427xx.o(.text)
    EXTI0_IRQHandler                         0x0800029b   Thumb Code     0  startup_stm32f427xx.o(.text)
    EXTI15_10_IRQHandler                     0x0800029b   Thumb Code     0  startup_stm32f427xx.o(.text)
    EXTI1_IRQHandler                         0x0800029b   Thumb Code     0  startup_stm32f427xx.o(.text)
    EXTI2_IRQHandler                         0x0800029b   Thumb Code     0  startup_stm32f427xx.o(.text)
    EXTI3_IRQHandler                         0x0800029b   Thumb Code     0  startup_stm32f427xx.o(.text)
    EXTI4_IRQHandler                         0x0800029b   Thumb Code     0  startup_stm32f427xx.o(.text)
    EXTI9_5_IRQHandler                       0x0800029b   Thumb Code     0  startup_stm32f427xx.o(.text)
    FLASH_IRQHandler                         0x0800029b   Thumb Code     0  startup_stm32f427xx.o(.text)
    FMC_IRQHandler                           0x0800029b   Thumb Code     0  startup_stm32f427xx.o(.text)
    FPU_IRQHandler                           0x0800029b   Thumb Code     0  startup_stm32f427xx.o(.text)
    HASH_RNG_IRQHandler                      0x0800029b   Thumb Code     0  startup_stm32f427xx.o(.text)
    I2C1_ER_IRQHandler                       0x0800029b   Thumb Code     0  startup_stm32f427xx.o(.text)
    I2C1_EV_IRQHandler                       0x0800029b   Thumb Code     0  startup_stm32f427xx.o(.text)
    I2C2_ER_IRQHandler                       0x0800029b   Thumb Code     0  startup_stm32f427xx.o(.text)
    I2C2_EV_IRQHandler                       0x0800029b   Thumb Code     0  startup_stm32f427xx.o(.text)
    I2C3_ER_IRQHandler                       0x0800029b   Thumb Code     0  startup_stm32f427xx.o(.text)
    I2C3_EV_IRQHandler                       0x0800029b   Thumb Code     0  startup_stm32f427xx.o(.text)
    OTG_FS_IRQHandler                        0x0800029b   Thumb Code     0  startup_stm32f427xx.o(.text)
    OTG_FS_WKUP_IRQHandler                   0x0800029b   Thumb Code     0  startup_stm32f427xx.o(.text)
    OTG_HS_EP1_IN_IRQHandler                 0x0800029b   Thumb Code     0  startup_stm32f427xx.o(.text)
    OTG_HS_EP1_OUT_IRQHandler                0x0800029b   Thumb Code     0  startup_stm32f427xx.o(.text)
    OTG_HS_IRQHandler                        0x0800029b   Thumb Code     0  startup_stm32f427xx.o(.text)
    OTG_HS_WKUP_IRQHandler                   0x0800029b   Thumb Code     0  startup_stm32f427xx.o(.text)
    PVD_IRQHandler                           0x0800029b   Thumb Code     0  startup_stm32f427xx.o(.text)
    RCC_IRQHandler                           0x0800029b   Thumb Code     0  startup_stm32f427xx.o(.text)
    RTC_Alarm_IRQHandler                     0x0800029b   Thumb Code     0  startup_stm32f427xx.o(.text)
    RTC_WKUP_IRQHandler                      0x0800029b   Thumb Code     0  startup_stm32f427xx.o(.text)
    SAI1_IRQHandler                          0x0800029b   Thumb Code     0  startup_stm32f427xx.o(.text)
    SDIO_IRQHandler                          0x0800029b   Thumb Code     0  startup_stm32f427xx.o(.text)
    SPI1_IRQHandler                          0x0800029b   Thumb Code     0  startup_stm32f427xx.o(.text)
    SPI2_IRQHandler                          0x0800029b   Thumb Code     0  startup_stm32f427xx.o(.text)
    SPI3_IRQHandler                          0x0800029b   Thumb Code     0  startup_stm32f427xx.o(.text)
    SPI4_IRQHandler                          0x0800029b   Thumb Code     0  startup_stm32f427xx.o(.text)
    SPI5_IRQHandler                          0x0800029b   Thumb Code     0  startup_stm32f427xx.o(.text)
    SPI6_IRQHandler                          0x0800029b   Thumb Code     0  startup_stm32f427xx.o(.text)
    TAMP_STAMP_IRQHandler                    0x0800029b   Thumb Code     0  startup_stm32f427xx.o(.text)
    TIM1_BRK_TIM9_IRQHandler                 0x0800029b   Thumb Code     0  startup_stm32f427xx.o(.text)
    TIM1_CC_IRQHandler                       0x0800029b   Thumb Code     0  startup_stm32f427xx.o(.text)
    TIM1_TRG_COM_TIM11_IRQHandler            0x0800029b   Thumb Code     0  startup_stm32f427xx.o(.text)
    TIM1_UP_TIM10_IRQHandler                 0x0800029b   Thumb Code     0  startup_stm32f427xx.o(.text)
    TIM2_IRQHandler                          0x0800029b   Thumb Code     0  startup_stm32f427xx.o(.text)
    TIM3_IRQHandler                          0x0800029b   Thumb Code     0  startup_stm32f427xx.o(.text)
    TIM5_IRQHandler                          0x0800029b   Thumb Code     0  startup_stm32f427xx.o(.text)
    TIM6_DAC_IRQHandler                      0x0800029b   Thumb Code     0  startup_stm32f427xx.o(.text)
    TIM7_IRQHandler                          0x0800029b   Thumb Code     0  startup_stm32f427xx.o(.text)
    TIM8_BRK_TIM12_IRQHandler                0x0800029b   Thumb Code     0  startup_stm32f427xx.o(.text)
    TIM8_CC_IRQHandler                       0x0800029b   Thumb Code     0  startup_stm32f427xx.o(.text)
    TIM8_TRG_COM_TIM14_IRQHandler            0x0800029b   Thumb Code     0  startup_stm32f427xx.o(.text)
    TIM8_UP_TIM13_IRQHandler                 0x0800029b   Thumb Code     0  startup_stm32f427xx.o(.text)
    UART4_IRQHandler                         0x0800029b   Thumb Code     0  startup_stm32f427xx.o(.text)
    UART5_IRQHandler                         0x0800029b   Thumb Code     0  startup_stm32f427xx.o(.text)
    UART7_IRQHandler                         0x0800029b   Thumb Code     0  startup_stm32f427xx.o(.text)
    UART8_IRQHandler                         0x0800029b   Thumb Code     0  startup_stm32f427xx.o(.text)
    USART2_IRQHandler                        0x0800029b   Thumb Code     0  startup_stm32f427xx.o(.text)
    USART3_IRQHandler                        0x0800029b   Thumb Code     0  startup_stm32f427xx.o(.text)
    USART6_IRQHandler                        0x0800029b   Thumb Code     0  startup_stm32f427xx.o(.text)
    WWDG_IRQHandler                          0x0800029b   Thumb Code     0  startup_stm32f427xx.o(.text)
    arm_cos_f32                              0x080002a5   Thumb Code   108  arm_cos_f32.o(.text)
    arm_sin_f32                              0x0800031d   Thumb Code   130  arm_sin_f32.o(.text)
    __aeabi_uldivmod                         0x080003b1   Thumb Code    98  uldiv.o(.text)
    __aeabi_memcpy                           0x08000413   Thumb Code    36  memcpya.o(.text)
    __aeabi_memcpy4                          0x08000413   Thumb Code     0  memcpya.o(.text)
    __aeabi_memcpy8                          0x08000413   Thumb Code     0  memcpya.o(.text)
    __aeabi_memset                           0x08000437   Thumb Code    14  memseta.o(.text)
    __aeabi_memset4                          0x08000437   Thumb Code     0  memseta.o(.text)
    __aeabi_memset8                          0x08000437   Thumb Code     0  memseta.o(.text)
    __aeabi_memclr                           0x08000445   Thumb Code     4  memseta.o(.text)
    __aeabi_memclr4                          0x08000445   Thumb Code     0  memseta.o(.text)
    __aeabi_memclr8                          0x08000445   Thumb Code     0  memseta.o(.text)
    memset                                   0x08000449   Thumb Code    18  memseta.o(.text)
    __aeabi_dmul                             0x0800045b   Thumb Code   228  dmul.o(.text)
    __aeabi_i2d                              0x0800053f   Thumb Code    34  dflti.o(.text)
    __aeabi_cdrcmple                         0x08000561   Thumb Code    48  cdrcmple.o(.text)
    __aeabi_uidiv                            0x08000591   Thumb Code     0  uidiv.o(.text)
    __aeabi_uidivmod                         0x08000591   Thumb Code    44  uidiv.o(.text)
    __aeabi_llsl                             0x080005bd   Thumb Code    30  llshl.o(.text)
    _ll_shift_l                              0x080005bd   Thumb Code     0  llshl.o(.text)
    __aeabi_llsr                             0x080005db   Thumb Code    32  llushr.o(.text)
    _ll_ushift_r                             0x080005db   Thumb Code     0  llushr.o(.text)
    __I$use$fp                               0x080005fb   Thumb Code     0  iusefp.o(.text)
    _double_round                            0x080005fb   Thumb Code    30  depilogue.o(.text)
    _double_epilogue                         0x08000619   Thumb Code   156  depilogue.o(.text)
    __aeabi_dadd                             0x080006b5   Thumb Code   322  dadd.o(.text)
    __aeabi_dsub                             0x080007f7   Thumb Code     6  dadd.o(.text)
    __aeabi_drsub                            0x080007fd   Thumb Code     6  dadd.o(.text)
    __aeabi_ddiv                             0x08000803   Thumb Code   222  ddiv.o(.text)
    __aeabi_d2ulz                            0x080008e1   Thumb Code    48  dfixul.o(.text)
    __scatterload                            0x08000911   Thumb Code    28  init.o(.text)
    __scatterload_rt2                        0x08000911   Thumb Code     0  init.o(.text)
    __aeabi_lasr                             0x08000935   Thumb Code    36  llsshr.o(.text)
    _ll_sshift_r                             0x08000935   Thumb Code     0  llsshr.o(.text)
    __decompress                             0x08000959   Thumb Code     0  __dczerorl.o(.text)
    __decompress0                            0x08000959   Thumb Code    58  __dczerorl.o(.text)
    BusFault_Handler                         0x08000993   Thumb Code     2  stm32f4xx_it.o(i.BusFault_Handler)
    CAN1_RX0_IRQHandler                      0x08000995   Thumb Code     6  stm32f4xx_it.o(i.CAN1_RX0_IRQHandler)
    CAN1_TX_IRQHandler                       0x080009a1   Thumb Code     6  stm32f4xx_it.o(i.CAN1_TX_IRQHandler)
    Callback_RC_Handle                       0x080009ad   Thumb Code   144  dji_remote.o(i.Callback_RC_Handle)
    Chassis_Task                             0x08000b45   Thumb Code   148  chassis_task.o(i.Chassis_Task)
    DMA2_Stream2_IRQHandler                  0x08000be5   Thumb Code     6  stm32f4xx_it.o(i.DMA2_Stream2_IRQHandler)
    DebugMon_Handler                         0x08000c95   Thumb Code     2  stm32f4xx_it.o(i.DebugMon_Handler)
    Error_Handler                            0x08000c97   Thumb Code     2  main.o(i.Error_Handler)
    Gimbal_Task                              0x08001151   Thumb Code   132  gimbal_task.o(i.Gimbal_Task)
    HAL_CAN_ActivateNotification             0x080011d9   Thumb Code    36  stm32f4xx_hal_can.o(i.HAL_CAN_ActivateNotification)
    HAL_CAN_AddTxMessage                     0x080011fd   Thumb Code   200  stm32f4xx_hal_can.o(i.HAL_CAN_AddTxMessage)
    HAL_CAN_ConfigFilter                     0x080012c5   Thumb Code   262  stm32f4xx_hal_can.o(i.HAL_CAN_ConfigFilter)
    HAL_CAN_ErrorCallback                    0x080013d1   Thumb Code     2  stm32f4xx_hal_can.o(i.HAL_CAN_ErrorCallback)
    HAL_CAN_GetRxMessage                     0x080013d3   Thumb Code   232  stm32f4xx_hal_can.o(i.HAL_CAN_GetRxMessage)
    HAL_CAN_IRQHandler                       0x080014bb   Thumb Code   508  stm32f4xx_hal_can.o(i.HAL_CAN_IRQHandler)
    HAL_CAN_Init                             0x080016b7   Thumb Code   282  stm32f4xx_hal_can.o(i.HAL_CAN_Init)
    HAL_CAN_MspInit                          0x080017d1   Thumb Code   122  can.o(i.HAL_CAN_MspInit)
    HAL_CAN_RxFifo0FullCallback              0x08001859   Thumb Code     2  stm32f4xx_hal_can.o(i.HAL_CAN_RxFifo0FullCallback)
    HAL_CAN_RxFifo0MsgPendingCallback        0x0800185d   Thumb Code    94  bsp_can.o(i.HAL_CAN_RxFifo0MsgPendingCallback)
    HAL_CAN_RxFifo1FullCallback              0x080018c5   Thumb Code     2  stm32f4xx_hal_can.o(i.HAL_CAN_RxFifo1FullCallback)
    HAL_CAN_RxFifo1MsgPendingCallback        0x080018c7   Thumb Code     2  stm32f4xx_hal_can.o(i.HAL_CAN_RxFifo1MsgPendingCallback)
    HAL_CAN_SleepCallback                    0x080018c9   Thumb Code     2  stm32f4xx_hal_can.o(i.HAL_CAN_SleepCallback)
    HAL_CAN_Start                            0x080018cd   Thumb Code    88  stm32f4xx_hal_can.o(i.HAL_CAN_Start)
    HAL_CAN_TxMailbox0AbortCallback          0x08001925   Thumb Code     2  stm32f4xx_hal_can.o(i.HAL_CAN_TxMailbox0AbortCallback)
    HAL_CAN_TxMailbox0CompleteCallback       0x08001927   Thumb Code     2  stm32f4xx_hal_can.o(i.HAL_CAN_TxMailbox0CompleteCallback)
    HAL_CAN_TxMailbox1AbortCallback          0x08001929   Thumb Code     2  stm32f4xx_hal_can.o(i.HAL_CAN_TxMailbox1AbortCallback)
    HAL_CAN_TxMailbox1CompleteCallback       0x0800192b   Thumb Code     2  stm32f4xx_hal_can.o(i.HAL_CAN_TxMailbox1CompleteCallback)
    HAL_CAN_TxMailbox2AbortCallback          0x0800192d   Thumb Code     2  stm32f4xx_hal_can.o(i.HAL_CAN_TxMailbox2AbortCallback)
    HAL_CAN_TxMailbox2CompleteCallback       0x0800192f   Thumb Code     2  stm32f4xx_hal_can.o(i.HAL_CAN_TxMailbox2CompleteCallback)
    HAL_CAN_WakeUpFromRxMsgCallback          0x08001931   Thumb Code     2  stm32f4xx_hal_can.o(i.HAL_CAN_WakeUpFromRxMsgCallback)
    HAL_DMA_IRQHandler                       0x08001935   Thumb Code   412  stm32f4xx_hal_dma.o(i.HAL_DMA_IRQHandler)
    HAL_DMA_Init                             0x08001ad5   Thumb Code   206  stm32f4xx_hal_dma.o(i.HAL_DMA_Init)
    HAL_DMA_Start                            0x08001ba9   Thumb Code    70  stm32f4xx_hal_dma.o(i.HAL_DMA_Start)
    HAL_Delay                                0x08001bf1   Thumb Code    32  stm32f4xx_hal.o(i.HAL_Delay)
    HAL_GPIO_Init                            0x08001c15   Thumb Code   408  stm32f4xx_hal_gpio.o(i.HAL_GPIO_Init)
    HAL_GPIO_WritePin                        0x08001de1   Thumb Code    10  stm32f4xx_hal_gpio.o(i.HAL_GPIO_WritePin)
    HAL_GetTick                              0x08001ded   Thumb Code     6  stm32f4xx_hal.o(i.HAL_GetTick)
    HAL_IncTick                              0x08001df9   Thumb Code    12  stm32f4xx_hal.o(i.HAL_IncTick)
    HAL_Init                                 0x08001e09   Thumb Code    48  stm32f4xx_hal.o(i.HAL_Init)
    HAL_InitTick                             0x08001e3d   Thumb Code    54  stm32f4xx_hal.o(i.HAL_InitTick)
    HAL_MspInit                              0x08001e7d   Thumb Code    52  stm32f4xx_hal_msp.o(i.HAL_MspInit)
    HAL_NVIC_EnableIRQ                       0x08001eb5   Thumb Code    26  stm32f4xx_hal_cortex.o(i.HAL_NVIC_EnableIRQ)
    HAL_NVIC_SetPriority                     0x08001ed1   Thumb Code    60  stm32f4xx_hal_cortex.o(i.HAL_NVIC_SetPriority)
    HAL_NVIC_SetPriorityGrouping             0x08001f11   Thumb Code    26  stm32f4xx_hal_cortex.o(i.HAL_NVIC_SetPriorityGrouping)
    HAL_RCC_ClockConfig                      0x08001f35   Thumb Code   286  stm32f4xx_hal_rcc.o(i.HAL_RCC_ClockConfig)
    HAL_RCC_GetPCLK1Freq                     0x08002065   Thumb Code    20  stm32f4xx_hal_rcc.o(i.HAL_RCC_GetPCLK1Freq)
    HAL_RCC_GetPCLK2Freq                     0x08002085   Thumb Code    20  stm32f4xx_hal_rcc.o(i.HAL_RCC_GetPCLK2Freq)
    HAL_RCC_GetSysClockFreq                  0x080020a5   Thumb Code    88  stm32f4xx_hal_rcc.o(i.HAL_RCC_GetSysClockFreq)
    HAL_RCC_OscConfig                        0x08002109   Thumb Code   770  stm32f4xx_hal_rcc.o(i.HAL_RCC_OscConfig)
    HAL_SPI_Init                             0x08002425   Thumb Code   128  stm32f4xx_hal_spi.o(i.HAL_SPI_Init)
    HAL_SPI_MspInit                          0x080024a5   Thumb Code   180  spi.o(i.HAL_SPI_MspInit)
    HAL_SPI_Transmit                         0x08002571   Thumb Code   348  stm32f4xx_hal_spi.o(i.HAL_SPI_Transmit)
    HAL_SPI_TransmitReceive                  0x080026cd   Thumb Code   482  stm32f4xx_hal_spi.o(i.HAL_SPI_TransmitReceive)
    HAL_SYSTICK_Config                       0x080028af   Thumb Code    40  stm32f4xx_hal_cortex.o(i.HAL_SYSTICK_Config)
    HAL_TIMEx_BreakCallback                  0x080028d7   Thumb Code     2  stm32f4xx_hal_tim_ex.o(i.HAL_TIMEx_BreakCallback)
    HAL_TIMEx_CommutCallback                 0x080028d9   Thumb Code     2  stm32f4xx_hal_tim_ex.o(i.HAL_TIMEx_CommutCallback)
    HAL_TIMEx_MasterConfigSynchronization    0x080028db   Thumb Code    66  stm32f4xx_hal_tim_ex.o(i.HAL_TIMEx_MasterConfigSynchronization)
    HAL_TIM_Base_Init                        0x0800291d   Thumb Code    54  stm32f4xx_hal_tim.o(i.HAL_TIM_Base_Init)
    HAL_TIM_Base_MspInit                     0x08002955   Thumb Code    50  tim.o(i.HAL_TIM_Base_MspInit)
    HAL_TIM_ConfigClockSource                0x08002991   Thumb Code   214  stm32f4xx_hal_tim.o(i.HAL_TIM_ConfigClockSource)
    HAL_TIM_IC_CaptureCallback               0x08002a67   Thumb Code     2  stm32f4xx_hal_tim.o(i.HAL_TIM_IC_CaptureCallback)
    HAL_TIM_IRQHandler                       0x08002a69   Thumb Code   358  stm32f4xx_hal_tim.o(i.HAL_TIM_IRQHandler)
    HAL_TIM_MspPostInit                      0x08002bd1   Thumb Code    70  tim.o(i.HAL_TIM_MspPostInit)
    HAL_TIM_OC_DelayElapsedCallback          0x08002c25   Thumb Code     2  stm32f4xx_hal_tim.o(i.HAL_TIM_OC_DelayElapsedCallback)
    HAL_TIM_PWM_ConfigChannel                0x08002c27   Thumb Code   208  stm32f4xx_hal_tim.o(i.HAL_TIM_PWM_ConfigChannel)
    HAL_TIM_PWM_Init                         0x08002cf7   Thumb Code    54  stm32f4xx_hal_tim.o(i.HAL_TIM_PWM_Init)
    HAL_TIM_PWM_MspInit                      0x08002d2d   Thumb Code    30  tim.o(i.HAL_TIM_PWM_MspInit)
    HAL_TIM_PWM_PulseFinishedCallback        0x08002d55   Thumb Code     2  stm32f4xx_hal_tim.o(i.HAL_TIM_PWM_PulseFinishedCallback)
    HAL_TIM_PeriodElapsedCallback            0x08002d57   Thumb Code     2  stm32f4xx_hal_tim.o(i.HAL_TIM_PeriodElapsedCallback)
    HAL_TIM_TriggerCallback                  0x08002d59   Thumb Code     2  stm32f4xx_hal_tim.o(i.HAL_TIM_TriggerCallback)
    HAL_UART_IDLE_IRQHandler                 0x08002d5d   Thumb Code   210  dji_remote.o(i.HAL_UART_IDLE_IRQHandler)
    HAL_UART_Init                            0x08002e3d   Thumb Code    98  stm32f4xx_hal_uart.o(i.HAL_UART_Init)
    HAL_UART_MspInit                         0x08002ea1   Thumb Code   214  usart.o(i.HAL_UART_MspInit)
    HAL_UART_Receive_IT_IDLE                 0x08002f95   Thumb Code    18  dji_remote.o(i.HAL_UART_Receive_IT_IDLE)
    HAL_UART_Transmit                        0x08002fa7   Thumb Code   186  stm32f4xx_hal_uart.o(i.HAL_UART_Transmit)
    HardFault_Handler                        0x08003061   Thumb Code     2  stm32f4xx_it.o(i.HardFault_Handler)
    Initial_Task                             0x08003065   Thumb Code   126  initial_task.o(i.Initial_Task)
    MPU6500_INITIAL                          0x08003111   Thumb Code    14  bsp_imu.o(i.MPU6500_INITIAL)
    MX_CAN1_Init                             0x08003121   Thumb Code    60  can.o(i.MX_CAN1_Init)
    MX_DMA_Init                              0x08003165   Thumb Code    40  dma.o(i.MX_DMA_Init)
    MX_FREERTOS_Init                         0x08003191   Thumb Code    36  freertos.o(i.MX_FREERTOS_Init)
    MX_GPIO_Init                             0x080031e9   Thumb Code   246  gpio.o(i.MX_GPIO_Init)
    MX_SPI1_Init                             0x080032f1   Thumb Code    66  spi.o(i.MX_SPI1_Init)
    MX_SPI5_Init                             0x0800333d   Thumb Code    62  spi.o(i.MX_SPI5_Init)
    MX_TIM3_Init                             0x08003385   Thumb Code   104  tim.o(i.MX_TIM3_Init)
    MX_TIM4_Init                             0x080033f5   Thumb Code    96  tim.o(i.MX_TIM4_Init)
    MX_USART1_UART_Init                      0x0800345d   Thumb Code    46  usart.o(i.MX_USART1_UART_Init)
    MX_USART6_UART_Init                      0x08003499   Thumb Code    48  usart.o(i.MX_USART6_UART_Init)
    MemManage_Handler                        0x080034d1   Thumb Code     2  stm32f4xx_it.o(i.MemManage_Handler)
    NMI_Handler                              0x080034d3   Thumb Code     2  stm32f4xx_it.o(i.NMI_Handler)
    Out_Control                              0x080034d5   Thumb Code     8  freertos.o(i.Out_Control)
    Protect_Task                             0x080034dd   Thumb Code    88  freertos.o(i.Protect_Task)
    Revolver_Task                            0x0800353d   Thumb Code     8  revolver_task.o(i.Revolver_Task)
    StartTask                                0x08003631   Thumb Code   178  freertos.o(i.StartTask)
    SysTick_Handler                          0x080036ed   Thumb Code    24  stm32f4xx_it.o(i.SysTick_Handler)
    SystemClock_Config                       0x08003705   Thumb Code   124  main.o(i.SystemClock_Config)
    SystemInit                               0x08003789   Thumb Code    66  system_stm32f4xx.o(i.SystemInit)
    TIM4_IRQHandler                          0x080037dd   Thumb Code    18  stm32f4xx_it.o(i.TIM4_IRQHandler)
    TIM_Base_SetConfig                       0x080037f9   Thumb Code   156  stm32f4xx_hal_tim.o(i.TIM_Base_SetConfig)
    TIM_ETR_SetConfig                        0x080038c1   Thumb Code    20  stm32f4xx_hal_tim.o(i.TIM_ETR_SetConfig)
    TIM_OC2_SetConfig                        0x08003945   Thumb Code    98  stm32f4xx_hal_tim.o(i.TIM_OC2_SetConfig)
    Task_10ms                                0x08003aaf   Thumb Code     8  freertos.o(i.Task_10ms)
    UART_Receive_DMA_NoIT                    0x08003ab7   Thumb Code   120  dji_remote.o(i.UART_Receive_DMA_NoIT)
    USART1_IRQHandler                        0x08003e41   Thumb Code     6  stm32f4xx_it.o(i.USART1_IRQHandler)
    UsageFault_Handler                       0x08003e4d   Thumb Code     2  stm32f4xx_it.o(i.UsageFault_Handler)
    __0printf                                0x08003e51   Thumb Code    22  printfa.o(i.__0printf)
    __1printf                                0x08003e51   Thumb Code     0  printfa.o(i.__0printf)
    __2printf                                0x08003e51   Thumb Code     0  printfa.o(i.__0printf)
    __c89printf                              0x08003e51   Thumb Code     0  printfa.o(i.__0printf)
    printf                                   0x08003e51   Thumb Code     0  printfa.o(i.__0printf)
    __hardfp_fabs                            0x08003e91   Thumb Code    20  fabs.o(i.__hardfp_fabs)
    __scatterload_copy                       0x08003ea5   Thumb Code    14  handlers.o(i.__scatterload_copy)
    __scatterload_null                       0x08003eb3   Thumb Code     2  handlers.o(i.__scatterload_null)
    __scatterload_zeroinit                   0x08003eb5   Thumb Code    14  handlers.o(i.__scatterload_zeroinit)
    abs_limit                                0x08004777   Thumb Code    34  user_lib.o(i.abs_limit)
    can_user_init                            0x08004799   Thumb Code    54  bsp_can.o(i.can_user_init)
    chassis_behaviour_control_set            0x080047d5   Thumb Code   224  chassis_behaviour.o(i.chassis_behaviour_control_set)
    chassis_behaviour_mode_set               0x080048cd   Thumb Code    80  chassis_behaviour.o(i.chassis_behaviour_mode_set)
    chassis_rc_to_control_vector             0x08004bd1   Thumb Code   220  chassis_task.o(i.chassis_rc_to_control_vector)
    configureTimerForRunTimeStats            0x08004e09   Thumb Code     8  test_task.o(i.configureTimerForRunTimeStats)
    first_order_filter_cali                  0x08004e15   Thumb Code    78  user_lib.o(i.first_order_filter_cali)
    first_order_filter_init                  0x08004e63   Thumb Code    18  user_lib.o(i.first_order_filter_init)
    fp32_constrain                           0x08004e75   Thumb Code    32  user_lib.o(i.fp32_constrain)
    fputc                                    0x08004e95   Thumb Code    20  usart.o(i.fputc)
    getRunTimeCounterValue                   0x08004ead   Thumb Code     6  test_task.o(i.getRunTimeCounterValue)
    get_Chassis_Motor_Measure_Point          0x08004eb9   Thumb Code    12  bsp_can.o(i.get_Chassis_Motor_Measure_Point)
    get_INS_angle_point                      0x08004ec9   Thumb Code     4  bsp_imu.o(i.get_INS_angle_point)
    get_MPU6500_Gyro_Data_Point              0x08004ed1   Thumb Code     4  bsp_imu.o(i.get_MPU6500_Gyro_Data_Point)
    get_Pitch_Gimbal_Motor_Measure_Point     0x08004ed9   Thumb Code     4  bsp_can.o(i.get_Pitch_Gimbal_Motor_Measure_Point)
    get_Yaw_Gimbal_Motor_Measure_Point       0x08004ee1   Thumb Code     4  bsp_can.o(i.get_Yaw_Gimbal_Motor_Measure_Point)
    get_remote_control_point                 0x08004ee9   Thumb Code     4  dji_remote.o(i.get_remote_control_point)
    gimbal_behaviour_control_set             0x08004fcd   Thumb Code   310  gimbal_behaviour.o(i.gimbal_behaviour_control_set)
    gimbal_behaviour_mode_set                0x08005129   Thumb Code    66  gimbal_behaviour.o(i.gimbal_behaviour_mode_set)
    gimbal_total_pid_clear                   0x08005445   Thumb Code    54  gimbal_task.o(i.gimbal_total_pid_clear)
    init_quaternion                          0x0800547d   Thumb Code   360  bsp_imu.o(i.init_quaternion)
    ist8310_init                             0x08005649   Thumb Code   256  bsp_imu.o(i.ist8310_init)
    loop_fp32_constrain                      0x080057c5   Thumb Code    72  user_lib.o(i.loop_fp32_constrain)
    main                                     0x0800580d   Thumb Code    70  main.o(i.main)
    mpu_device_init                          0x080058a1   Thumb Code    90  bsp_imu.o(i.mpu_device_init)
    mpu_offset_call                          0x08005995   Thumb Code   160  bsp_imu.o(i.mpu_offset_call)
    mpu_read_byte                            0x08005a39   Thumb Code    68  bsp_imu.o(i.mpu_read_byte)
    mpu_read_bytes                           0x08005a89   Thumb Code    80  bsp_imu.o(i.mpu_read_bytes)
    mpu_set_accel_fsr                        0x08005ae5   Thumb Code    10  bsp_imu.o(i.mpu_set_accel_fsr)
    mpu_set_gyro_fsr                         0x08005aef   Thumb Code    10  bsp_imu.o(i.mpu_set_gyro_fsr)
    mpu_write_byte                           0x08005af9   Thumb Code    72  bsp_imu.o(i.mpu_write_byte)
    oled_LOGO                                0x08005b4d   Thumb Code    94  oled.o(i.oled_LOGO)
    oled_clear                               0x08005bb1   Thumb Code    60  oled.o(i.oled_clear)
    oled_drawpoint                           0x08005bf1   Thumb Code    66  oled.o(i.oled_drawpoint)
    oled_init                                0x08005c39   Thumb Code   286  oled.o(i.oled_init)
    oled_refresh_gram                        0x08005d5d   Thumb Code    46  oled.o(i.oled_refresh_gram)
    oled_showchar                            0x08005dbd   Thumb Code   116  oled.o(i.oled_showchar)
    oled_shownum                             0x08005e35   Thumb Code   114  oled.o(i.oled_shownum)
    oled_write_byte                          0x08005ea9   Thumb Code    36  oled.o(i.oled_write_byte)
    osDelay                                  0x08005ed5   Thumb Code    14  cmsis_os.o(i.osDelay)
    osDelayUntil                             0x08005ee3   Thumb Code     4  cmsis_os.o(i.osDelayUntil)
    osKernelStart                            0x08005ee7   Thumb Code    10  cmsis_os.o(i.osKernelStart)
    osThreadCreate                           0x08005ef1   Thumb Code    84  cmsis_os.o(i.osThreadCreate)
    pid_calc                                 0x08005f45   Thumb Code   162  pid.o(i.pid_calc)
    pid_clear                                0x08005fe9   Thumb Code    38  pid.o(i.pid_clear)
    pid_init                                 0x08006015   Thumb Code     6  pid.o(i.pid_init)
    pvPortMalloc                             0x080063a5   Thumb Code   210  heap_4.o(i.pvPortMalloc)
    pxPortInitialiseStack                    0x0800647d   Thumb Code    40  port.o(i.pxPortInitialiseStack)
    set_motor_voltage                        0x080064a9   Thumb Code    96  bsp_can.o(i.set_motor_voltage)
    uxListRemove                             0x0800650d   Thumb Code    38  list.o(i.uxListRemove)
    vApplicationGetIdleTaskMemory            0x08006535   Thumb Code    16  freertos.o(i.vApplicationGetIdleTaskMemory)
    vListInitialise                          0x08006549   Thumb Code    22  list.o(i.vListInitialise)
    vListInitialiseItem                      0x0800655f   Thumb Code     6  list.o(i.vListInitialiseItem)
    vListInsert                              0x08006565   Thumb Code    48  list.o(i.vListInsert)
    vListInsertEnd                           0x08006595   Thumb Code    24  list.o(i.vListInsertEnd)
    vPortEnterCritical                       0x080065ad   Thumb Code    54  port.o(i.vPortEnterCritical)
    vPortExitCritical                        0x080065ed   Thumb Code    34  port.o(i.vPortExitCritical)
    vPortFree                                0x08006615   Thumb Code    88  heap_4.o(i.vPortFree)
    vPortSetupTimerInterrupt                 0x08006671   Thumb Code    32  port.o(i.vPortSetupTimerInterrupt)
    vTaskDelay                               0x08006695   Thumb Code    66  tasks.o(i.vTaskDelay)
    vTaskDelete                              0x080066e1   Thumb Code   158  tasks.o(i.vTaskDelete)
    vTaskResume                              0x0800678d   Thumb Code   112  tasks.o(i.vTaskResume)
    vTaskStartScheduler                      0x08006809   Thumb Code    94  tasks.o(i.vTaskStartScheduler)
    vTaskSuspend                             0x08006879   Thumb Code   174  tasks.o(i.vTaskSuspend)
    vTaskSuspendAll                          0x08006935   Thumb Code    10  tasks.o(i.vTaskSuspendAll)
    vTaskSwitchContext                       0x08006945   Thumb Code   108  tasks.o(i.vTaskSwitchContext)
    xPortStartScheduler                      0x080069b9   Thumb Code   222  port.o(i.xPortStartScheduler)
    xPortSysTickHandler                      0x08006aad   Thumb Code    38  port.o(i.xPortSysTickHandler)
    xTaskCreate                              0x08006ad9   Thumb Code    90  tasks.o(i.xTaskCreate)
    xTaskCreateStatic                        0x08006b33   Thumb Code    86  tasks.o(i.xTaskCreateStatic)
    xTaskGetSchedulerState                   0x08006b89   Thumb Code    22  tasks.o(i.xTaskGetSchedulerState)
    xTaskGetTickCount                        0x08006ba5   Thumb Code     6  tasks.o(i.xTaskGetTickCount)
    xTaskIncrementTick                       0x08006bb1   Thumb Code   192  tasks.o(i.xTaskIncrementTick)
    xTaskResumeAll                           0x08006c79   Thumb Code   182  tasks.o(i.xTaskResumeAll)
    AHBPrescTable                            0x08006e24   Data          16  system_stm32f4xx.o(.constdata)
    APBPrescTable                            0x08006e34   Data           8  system_stm32f4xx.o(.constdata)
    asc2_1206                                0x08006e44   Data        1140  oled.o(.constdata)
    LOGO_BMP                                 0x080072b8   Data        1024  oled.o(.constdata)
    sinTable_f32                             0x080076cc   Data        2052  arm_common_tables.o(.constdata)
    Region$$Table$$Base                      0x08007f48   Number         0  anon$$obj.o(Region$$Table)
    Region$$Table$$Limit                     0x08007f68   Number         0  anon$$obj.o(Region$$Table)
    vStart_TaskHandle                        0x20000004   Data           4  freertos.o(.data)
    vInitial_TaskHandle                      0x20000008   Data           4  freertos.o(.data)
    vChassis_TaskHandle                      0x2000000c   Data           4  freertos.o(.data)
    vGimbal_TaskHandle                       0x20000010   Data           4  freertos.o(.data)
    vProtect_TaskHandle                      0x20000014   Data           4  freertos.o(.data)
    vTask_10msHandle                         0x20000018   Data           4  freertos.o(.data)
    vOut_ControlHandle                       0x2000001c   Data           4  freertos.o(.data)
    vRevolver_TaskHandle                     0x20000020   Data           4  freertos.o(.data)
    uwTickFreq                               0x20000024   Data           1  stm32f4xx_hal.o(.data)
    uwTickPrio                               0x20000028   Data           4  stm32f4xx_hal.o(.data)
    uwTick                                   0x2000002c   Data           4  stm32f4xx_hal.o(.data)
    SystemCoreClock                          0x20000030   Data           4  system_stm32f4xx.o(.data)
    pxCurrentTCB                             0x20000034   Data           4  tasks.o(.data)
    ulHighFrequencyTimerTicks                0x2000009c   Data           1  test_task.o(.data)
    can_cnt                                  0x200000d8   Data           2  bsp_can.o(.data)
    motor_info                               0x200000da   Data         112  bsp_can.o(.data)
    Latest_Remote_Control_Pack_Time          0x2000014c   Data           4  dji_remote.o(.data)
    LED_Flash_Timer_remote_control           0x20000150   Data           4  dji_remote.o(.data)
    dbus_time                                0x20000154   Data           4  dji_remote.o(.data)
    id                                       0x2000015a   Data           1  bsp_imu.o(.data)
    q0                                       0x2000015c   Data           4  bsp_imu.o(.data)
    q1                                       0x20000160   Data           4  bsp_imu.o(.data)
    q2                                       0x20000164   Data           4  bsp_imu.o(.data)
    q3                                       0x20000168   Data           4  bsp_imu.o(.data)
    exInt                                    0x2000016c   Data           4  bsp_imu.o(.data)
    eyInt                                    0x20000170   Data           4  bsp_imu.o(.data)
    ezInt                                    0x20000174   Data           4  bsp_imu.o(.data)
    last_update                              0x2000019c   Data           4  bsp_imu.o(.data)
    now_update                               0x200001a0   Data           4  bsp_imu.o(.data)
    ist_buff                                 0x200001a4   Data           6  bsp_imu.o(.data)
    __stdout                                 0x200001b8   Data           4  stdout.o(.data)
    hcan1                                    0x200001bc   Data          40  can.o(.bss)
    hspi1                                    0x20000444   Data          88  spi.o(.bss)
    hspi5                                    0x2000049c   Data          88  spi.o(.bss)
    htim3                                    0x200004f4   Data          64  tim.o(.bss)
    htim4                                    0x20000534   Data          64  tim.o(.bss)
    huart1                                   0x20000574   Data          64  usart.o(.bss)
    huart6                                   0x200005b4   Data          64  usart.o(.bss)
    hdma_usart1_rx                           0x200005f4   Data          96  usart.o(.bss)
    motor_pid                                0x20004500   Data         364  test_task.o(.bss)
    UART_Buffer                              0x2000482c   Data         100  dji_remote.o(.bss)
    remote_control                           0x20004890   Data          20  dji_remote.o(.bss)
    imu                                      0x20004ca4   Data          52  bsp_imu.o(.bss)
    mpu_buff                                 0x20004cfc   Data          14  bsp_imu.o(.bss)
    mpu_data                                 0x20004d0a   Data          32  bsp_imu.o(.bss)
    __initial_sp                             0x20005130   Data           0  startup_stm32f427xx.o(STACK)



==============================================================================

Memory Map of the image

  Image Entry point : 0x080001ad

  Load Region LR_IROM1 (Base: 0x08000000, Size: 0x00008124, Max: 0x00200000, ABSOLUTE, COMPRESSED[0x00007f88])

    Execution Region ER_IROM1 (Exec base: 0x08000000, Load base: 0x08000000, Size: 0x00007f68, Max: 0x00200000, ABSOLUTE)

    Exec Addr    Load Addr    Size         Type   Attr      Idx    E Section Name        Object

    0x08000000   0x08000000   0x000001ac   Data   RO            3    RESET               startup_stm32f427xx.o
    0x080001ac   0x080001ac   0x00000000   Code   RO         6310  * .ARM.Collect$$$$00000000  mc_w.l(entry.o)
    0x080001ac   0x080001ac   0x00000004   Code   RO         6631    .ARM.Collect$$$$00000001  mc_w.l(entry2.o)
    0x080001b0   0x080001b0   0x00000004   Code   RO         6634    .ARM.Collect$$$$00000004  mc_w.l(entry5.o)
    0x080001b4   0x080001b4   0x00000000   Code   RO         6636    .ARM.Collect$$$$00000008  mc_w.l(entry7b.o)
    0x080001b4   0x080001b4   0x00000000   Code   RO         6638    .ARM.Collect$$$$0000000A  mc_w.l(entry8b.o)
    0x080001b4   0x080001b4   0x00000008   Code   RO         6639    .ARM.Collect$$$$0000000B  mc_w.l(entry9a.o)
    0x080001bc   0x080001bc   0x00000000   Code   RO         6641    .ARM.Collect$$$$0000000D  mc_w.l(entry10a.o)
    0x080001bc   0x080001bc   0x00000000   Code   RO         6643    .ARM.Collect$$$$0000000F  mc_w.l(entry11a.o)
    0x080001bc   0x080001bc   0x00000004   Code   RO         6632    .ARM.Collect$$$$00002712  mc_w.l(entry2.o)
    0x080001c0   0x080001c0   0x000000be   Code   RO         5065    .emb_text           port.o
    0x0800027e   0x0800027e   0x00000002   PAD
    0x08000280   0x08000280   0x00000024   Code   RO            4    .text               startup_stm32f427xx.o
    0x080002a4   0x080002a4   0x00000078   Code   RO         6113    .text               arm_cortexM4lf_math.lib(arm_cos_f32.o)
    0x0800031c   0x0800031c   0x00000094   Code   RO         6163    .text               arm_cortexM4lf_math.lib(arm_sin_f32.o)
    0x080003b0   0x080003b0   0x00000062   Code   RO         6313    .text               mc_w.l(uldiv.o)
    0x08000412   0x08000412   0x00000024   Code   RO         6315    .text               mc_w.l(memcpya.o)
    0x08000436   0x08000436   0x00000024   Code   RO         6319    .text               mc_w.l(memseta.o)
    0x0800045a   0x0800045a   0x000000e4   Code   RO         6588    .text               mf_w.l(dmul.o)
    0x0800053e   0x0800053e   0x00000022   Code   RO         6590    .text               mf_w.l(dflti.o)
    0x08000560   0x08000560   0x00000030   Code   RO         6594    .text               mf_w.l(cdrcmple.o)
    0x08000590   0x08000590   0x0000002c   Code   RO         6646    .text               mc_w.l(uidiv.o)
    0x080005bc   0x080005bc   0x0000001e   Code   RO         6648    .text               mc_w.l(llshl.o)
    0x080005da   0x080005da   0x00000020   Code   RO         6650    .text               mc_w.l(llushr.o)
    0x080005fa   0x080005fa   0x00000000   Code   RO         6659    .text               mc_w.l(iusefp.o)
    0x080005fa   0x080005fa   0x000000ba   Code   RO         6662    .text               mf_w.l(depilogue.o)
    0x080006b4   0x080006b4   0x0000014e   Code   RO         6664    .text               mf_w.l(dadd.o)
    0x08000802   0x08000802   0x000000de   Code   RO         6666    .text               mf_w.l(ddiv.o)
    0x080008e0   0x080008e0   0x00000030   Code   RO         6672    .text               mf_w.l(dfixul.o)
    0x08000910   0x08000910   0x00000024   Code   RO         6676    .text               mc_w.l(init.o)
    0x08000934   0x08000934   0x00000024   Code   RO         6678    .text               mc_w.l(llsshr.o)
    0x08000958   0x08000958   0x0000003a   Code   RO         6688    .text               mc_w.l(__dczerorl.o)
    0x08000992   0x08000992   0x00000002   Code   RO          597    i.BusFault_Handler  stm32f4xx_it.o
    0x08000994   0x08000994   0x0000000c   Code   RO          598    i.CAN1_RX0_IRQHandler  stm32f4xx_it.o
    0x080009a0   0x080009a0   0x0000000c   Code   RO          599    i.CAN1_TX_IRQHandler  stm32f4xx_it.o
    0x080009ac   0x080009ac   0x00000094   Code   RO         5769    i.Callback_RC_Handle  dji_remote.o
    0x08000a40   0x08000a40   0x00000104   Code   RO         5202    i.Chassis_Init      chassis_task.o
    0x08000b44   0x08000b44   0x000000a0   Code   RO         5203    i.Chassis_Task      chassis_task.o
    0x08000be4   0x08000be4   0x0000000c   Code   RO          600    i.DMA2_Stream2_IRQHandler  stm32f4xx_it.o
    0x08000bf0   0x08000bf0   0x00000028   Code   RO         3036    i.DMA_CalcBaseAndBitshift  stm32f4xx_hal_dma.o
    0x08000c18   0x08000c18   0x00000054   Code   RO         3037    i.DMA_CheckFifoParam  stm32f4xx_hal_dma.o
    0x08000c6c   0x08000c6c   0x00000028   Code   RO         3038    i.DMA_SetConfig     stm32f4xx_hal_dma.o
    0x08000c94   0x08000c94   0x00000002   Code   RO          601    i.DebugMon_Handler  stm32f4xx_it.o
    0x08000c96   0x08000c96   0x00000002   Code   RO           13    i.Error_Handler     main.o
    0x08000c98   0x08000c98   0x00000078   Code   RO         5328    i.GIMBAL_Feedback_Update  gimbal_task.o
    0x08000d10   0x08000d10   0x00000148   Code   RO         5329    i.GIMBAL_Init       gimbal_task.o
    0x08000e58   0x08000e58   0x000000a6   Code   RO         5330    i.GIMBAL_Mode_Change_Control_Transit  gimbal_task.o
    0x08000efe   0x08000efe   0x00000002   PAD
    0x08000f00   0x08000f00   0x000000a0   Code   RO         5331    i.GIMBAL_PID_Calc   gimbal_task.o
    0x08000fa0   0x08000fa0   0x00000024   Code   RO         5332    i.GIMBAL_PID_Init   gimbal_task.o
    0x08000fc4   0x08000fc4   0x00000084   Code   RO         5333    i.GIMBAL_Set_Contorl  gimbal_task.o
    0x08001048   0x08001048   0x000000a8   Code   RO         5334    i.GIMBAL_absolute_angle_limit  gimbal_task.o
    0x080010f0   0x080010f0   0x00000032   Code   RO         5335    i.GIMBAL_relative_angle_limit  gimbal_task.o
    0x08001122   0x08001122   0x00000002   PAD
    0x08001124   0x08001124   0x0000002c   Code   RO         5336    i.Gimbal_PID_clear  gimbal_task.o
    0x08001150   0x08001150   0x00000088   Code   RO         5337    i.Gimbal_Task       gimbal_task.o
    0x080011d8   0x080011d8   0x00000024   Code   RO          716    i.HAL_CAN_ActivateNotification  stm32f4xx_hal_can.o
    0x080011fc   0x080011fc   0x000000c8   Code   RO          717    i.HAL_CAN_AddTxMessage  stm32f4xx_hal_can.o
    0x080012c4   0x080012c4   0x0000010c   Code   RO          718    i.HAL_CAN_ConfigFilter  stm32f4xx_hal_can.o
    0x080013d0   0x080013d0   0x00000002   Code   RO          721    i.HAL_CAN_ErrorCallback  stm32f4xx_hal_can.o
    0x080013d2   0x080013d2   0x000000e8   Code   RO          724    i.HAL_CAN_GetRxMessage  stm32f4xx_hal_can.o
    0x080014ba   0x080014ba   0x000001fc   Code   RO          728    i.HAL_CAN_IRQHandler  stm32f4xx_hal_can.o
    0x080016b6   0x080016b6   0x0000011a   Code   RO          729    i.HAL_CAN_Init      stm32f4xx_hal_can.o
    0x080017d0   0x080017d0   0x00000088   Code   RO          261    i.HAL_CAN_MspInit   can.o
    0x08001858   0x08001858   0x00000002   Code   RO          736    i.HAL_CAN_RxFifo0FullCallback  stm32f4xx_hal_can.o
    0x0800185a   0x0800185a   0x00000002   PAD
    0x0800185c   0x0800185c   0x00000068   Code   RO         5667    i.HAL_CAN_RxFifo0MsgPendingCallback  bsp_can.o
    0x080018c4   0x080018c4   0x00000002   Code   RO          738    i.HAL_CAN_RxFifo1FullCallback  stm32f4xx_hal_can.o
    0x080018c6   0x080018c6   0x00000002   Code   RO          739    i.HAL_CAN_RxFifo1MsgPendingCallback  stm32f4xx_hal_can.o
    0x080018c8   0x080018c8   0x00000002   Code   RO          740    i.HAL_CAN_SleepCallback  stm32f4xx_hal_can.o
    0x080018ca   0x080018ca   0x00000002   PAD
    0x080018cc   0x080018cc   0x00000058   Code   RO          741    i.HAL_CAN_Start     stm32f4xx_hal_can.o
    0x08001924   0x08001924   0x00000002   Code   RO          743    i.HAL_CAN_TxMailbox0AbortCallback  stm32f4xx_hal_can.o
    0x08001926   0x08001926   0x00000002   Code   RO          744    i.HAL_CAN_TxMailbox0CompleteCallback  stm32f4xx_hal_can.o
    0x08001928   0x08001928   0x00000002   Code   RO          745    i.HAL_CAN_TxMailbox1AbortCallback  stm32f4xx_hal_can.o
    0x0800192a   0x0800192a   0x00000002   Code   RO          746    i.HAL_CAN_TxMailbox1CompleteCallback  stm32f4xx_hal_can.o
    0x0800192c   0x0800192c   0x00000002   Code   RO          747    i.HAL_CAN_TxMailbox2AbortCallback  stm32f4xx_hal_can.o
    0x0800192e   0x0800192e   0x00000002   Code   RO          748    i.HAL_CAN_TxMailbox2CompleteCallback  stm32f4xx_hal_can.o
    0x08001930   0x08001930   0x00000002   Code   RO          750    i.HAL_CAN_WakeUpFromRxMsgCallback  stm32f4xx_hal_can.o
    0x08001932   0x08001932   0x00000002   PAD
    0x08001934   0x08001934   0x000001a0   Code   RO         3044    i.HAL_DMA_IRQHandler  stm32f4xx_hal_dma.o
    0x08001ad4   0x08001ad4   0x000000d4   Code   RO         3045    i.HAL_DMA_Init      stm32f4xx_hal_dma.o
    0x08001ba8   0x08001ba8   0x00000046   Code   RO         3048    i.HAL_DMA_Start     stm32f4xx_hal_dma.o
    0x08001bee   0x08001bee   0x00000002   PAD
    0x08001bf0   0x08001bf0   0x00000024   Code   RO         3476    i.HAL_Delay         stm32f4xx_hal.o
    0x08001c14   0x08001c14   0x000001cc   Code   RO         2932    i.HAL_GPIO_Init     stm32f4xx_hal_gpio.o
    0x08001de0   0x08001de0   0x0000000a   Code   RO         2936    i.HAL_GPIO_WritePin  stm32f4xx_hal_gpio.o
    0x08001dea   0x08001dea   0x00000002   PAD
    0x08001dec   0x08001dec   0x0000000c   Code   RO         3484    i.HAL_GetTick       stm32f4xx_hal.o
    0x08001df8   0x08001df8   0x00000010   Code   RO         3490    i.HAL_IncTick       stm32f4xx_hal.o
    0x08001e08   0x08001e08   0x00000034   Code   RO         3491    i.HAL_Init          stm32f4xx_hal.o
    0x08001e3c   0x08001e3c   0x00000040   Code   RO         3492    i.HAL_InitTick      stm32f4xx_hal.o
    0x08001e7c   0x08001e7c   0x00000038   Code   RO          691    i.HAL_MspInit       stm32f4xx_hal_msp.o
    0x08001eb4   0x08001eb4   0x0000001a   Code   RO         3339    i.HAL_NVIC_EnableIRQ  stm32f4xx_hal_cortex.o
    0x08001ece   0x08001ece   0x00000002   PAD
    0x08001ed0   0x08001ed0   0x00000040   Code   RO         3345    i.HAL_NVIC_SetPriority  stm32f4xx_hal_cortex.o
    0x08001f10   0x08001f10   0x00000024   Code   RO         3346    i.HAL_NVIC_SetPriorityGrouping  stm32f4xx_hal_cortex.o
    0x08001f34   0x08001f34   0x00000130   Code   RO         2526    i.HAL_RCC_ClockConfig  stm32f4xx_hal_rcc.o
    0x08002064   0x08002064   0x00000020   Code   RO         2533    i.HAL_RCC_GetPCLK1Freq  stm32f4xx_hal_rcc.o
    0x08002084   0x08002084   0x00000020   Code   RO         2534    i.HAL_RCC_GetPCLK2Freq  stm32f4xx_hal_rcc.o
    0x080020a4   0x080020a4   0x00000064   Code   RO         2535    i.HAL_RCC_GetSysClockFreq  stm32f4xx_hal_rcc.o
    0x08002108   0x08002108   0x0000031c   Code   RO         2538    i.HAL_RCC_OscConfig  stm32f4xx_hal_rcc.o
    0x08002424   0x08002424   0x00000080   Code   RO          960    i.HAL_SPI_Init      stm32f4xx_hal_spi.o
    0x080024a4   0x080024a4   0x000000cc   Code   RO          424    i.HAL_SPI_MspInit   spi.o
    0x08002570   0x08002570   0x0000015c   Code   RO          968    i.HAL_SPI_Transmit  stm32f4xx_hal_spi.o
    0x080026cc   0x080026cc   0x000001e2   Code   RO          969    i.HAL_SPI_TransmitReceive  stm32f4xx_hal_spi.o
    0x080028ae   0x080028ae   0x00000028   Code   RO         3350    i.HAL_SYSTICK_Config  stm32f4xx_hal_cortex.o
    0x080028d6   0x080028d6   0x00000002   Code   RO         1948    i.HAL_TIMEx_BreakCallback  stm32f4xx_hal_tim_ex.o
    0x080028d8   0x080028d8   0x00000002   Code   RO         1949    i.HAL_TIMEx_CommutCallback  stm32f4xx_hal_tim_ex.o
    0x080028da   0x080028da   0x00000042   Code   RO         1966    i.HAL_TIMEx_MasterConfigSynchronization  stm32f4xx_hal_tim_ex.o
    0x0800291c   0x0800291c   0x00000036   Code   RO         1273    i.HAL_TIM_Base_Init  stm32f4xx_hal_tim.o
    0x08002952   0x08002952   0x00000002   PAD
    0x08002954   0x08002954   0x0000003c   Code   RO          472    i.HAL_TIM_Base_MspInit  tim.o
    0x08002990   0x08002990   0x000000d6   Code   RO         1282    i.HAL_TIM_ConfigClockSource  stm32f4xx_hal_tim.o
    0x08002a66   0x08002a66   0x00000002   Code   RO         1302    i.HAL_TIM_IC_CaptureCallback  stm32f4xx_hal_tim.o
    0x08002a68   0x08002a68   0x00000166   Code   RO         1316    i.HAL_TIM_IRQHandler  stm32f4xx_hal_tim.o
    0x08002bce   0x08002bce   0x00000002   PAD
    0x08002bd0   0x08002bd0   0x00000054   Code   RO          473    i.HAL_TIM_MspPostInit  tim.o
    0x08002c24   0x08002c24   0x00000002   Code   RO         1319    i.HAL_TIM_OC_DelayElapsedCallback  stm32f4xx_hal_tim.o
    0x08002c26   0x08002c26   0x000000d0   Code   RO         1340    i.HAL_TIM_PWM_ConfigChannel  stm32f4xx_hal_tim.o
    0x08002cf6   0x08002cf6   0x00000036   Code   RO         1343    i.HAL_TIM_PWM_Init  stm32f4xx_hal_tim.o
    0x08002d2c   0x08002d2c   0x00000028   Code   RO          475    i.HAL_TIM_PWM_MspInit  tim.o
    0x08002d54   0x08002d54   0x00000002   Code   RO         1346    i.HAL_TIM_PWM_PulseFinishedCallback  stm32f4xx_hal_tim.o
    0x08002d56   0x08002d56   0x00000002   Code   RO         1354    i.HAL_TIM_PeriodElapsedCallback  stm32f4xx_hal_tim.o
    0x08002d58   0x08002d58   0x00000002   Code   RO         1359    i.HAL_TIM_TriggerCallback  stm32f4xx_hal_tim.o
    0x08002d5a   0x08002d5a   0x00000002   PAD
    0x08002d5c   0x08002d5c   0x000000e0   Code   RO         5770    i.HAL_UART_IDLE_IRQHandler  dji_remote.o
    0x08002e3c   0x08002e3c   0x00000062   Code   RO         2224    i.HAL_UART_Init     stm32f4xx_hal_uart.o
    0x08002e9e   0x08002e9e   0x00000002   PAD
    0x08002ea0   0x08002ea0   0x000000f4   Code   RO          544    i.HAL_UART_MspInit  usart.o
    0x08002f94   0x08002f94   0x00000012   Code   RO         5771    i.HAL_UART_Receive_IT_IDLE  dji_remote.o
    0x08002fa6   0x08002fa6   0x000000ba   Code   RO         2232    i.HAL_UART_Transmit  stm32f4xx_hal_uart.o
    0x08003060   0x08003060   0x00000002   Code   RO          602    i.HardFault_Handler  stm32f4xx_it.o
    0x08003062   0x08003062   0x00000002   PAD
    0x08003064   0x08003064   0x000000ac   Code   RO         5145    i.Initial_Task      initial_task.o
    0x08003110   0x08003110   0x0000000e   Code   RO         5949    i.MPU6500_INITIAL   bsp_imu.o
    0x0800311e   0x0800311e   0x00000002   PAD
    0x08003120   0x08003120   0x00000044   Code   RO          262    i.MX_CAN1_Init      can.o
    0x08003164   0x08003164   0x0000002c   Code   RO          302    i.MX_DMA_Init       dma.o
    0x08003190   0x08003190   0x00000058   Code   RO          326    i.MX_FREERTOS_Init  freertos.o
    0x080031e8   0x080031e8   0x00000108   Code   RO          230    i.MX_GPIO_Init      gpio.o
    0x080032f0   0x080032f0   0x0000004c   Code   RO          425    i.MX_SPI1_Init      spi.o
    0x0800333c   0x0800333c   0x00000048   Code   RO          426    i.MX_SPI5_Init      spi.o
    0x08003384   0x08003384   0x00000070   Code   RO          477    i.MX_TIM3_Init      tim.o
    0x080033f4   0x080033f4   0x00000068   Code   RO          478    i.MX_TIM4_Init      tim.o
    0x0800345c   0x0800345c   0x0000003c   Code   RO          545    i.MX_USART1_UART_Init  usart.o
    0x08003498   0x08003498   0x00000038   Code   RO          546    i.MX_USART6_UART_Init  usart.o
    0x080034d0   0x080034d0   0x00000002   Code   RO          603    i.MemManage_Handler  stm32f4xx_it.o
    0x080034d2   0x080034d2   0x00000002   Code   RO          604    i.NMI_Handler       stm32f4xx_it.o
    0x080034d4   0x080034d4   0x00000008   Code   RO          327    i.Out_Control       freertos.o
    0x080034dc   0x080034dc   0x00000060   Code   RO          328    i.Protect_Task      freertos.o
    0x0800353c   0x0800353c   0x00000008   Code   RO         5262    i.Revolver_Task     revolver_task.o
    0x08003544   0x08003544   0x00000058   Code   RO          998    i.SPI_EndRxTxTransaction  stm32f4xx_hal_spi.o
    0x0800359c   0x0800359c   0x00000094   Code   RO         1003    i.SPI_WaitFlagStateUntilTimeout  stm32f4xx_hal_spi.o
    0x08003630   0x08003630   0x000000bc   Code   RO          329    i.StartTask         freertos.o
    0x080036ec   0x080036ec   0x00000018   Code   RO          605    i.SysTick_Handler   stm32f4xx_it.o
    0x08003704   0x08003704   0x00000084   Code   RO           14    i.SystemClock_Config  main.o
    0x08003788   0x08003788   0x00000054   Code   RO         3737    i.SystemInit        system_stm32f4xx.o
    0x080037dc   0x080037dc   0x0000001c   Code   RO          606    i.TIM4_IRQHandler   stm32f4xx_it.o
    0x080037f8   0x080037f8   0x000000c8   Code   RO         1361    i.TIM_Base_SetConfig  stm32f4xx_hal_tim.o
    0x080038c0   0x080038c0   0x00000014   Code   RO         1372    i.TIM_ETR_SetConfig  stm32f4xx_hal_tim.o
    0x080038d4   0x080038d4   0x00000010   Code   RO         1373    i.TIM_ITRx_SetConfig  stm32f4xx_hal_tim.o
    0x080038e4   0x080038e4   0x00000060   Code   RO         1374    i.TIM_OC1_SetConfig  stm32f4xx_hal_tim.o
    0x08003944   0x08003944   0x0000006c   Code   RO         1375    i.TIM_OC2_SetConfig  stm32f4xx_hal_tim.o
    0x080039b0   0x080039b0   0x00000068   Code   RO         1376    i.TIM_OC3_SetConfig  stm32f4xx_hal_tim.o
    0x08003a18   0x08003a18   0x00000050   Code   RO         1377    i.TIM_OC4_SetConfig  stm32f4xx_hal_tim.o
    0x08003a68   0x08003a68   0x00000022   Code   RO         1379    i.TIM_TI1_ConfigInputStage  stm32f4xx_hal_tim.o
    0x08003a8a   0x08003a8a   0x00000024   Code   RO         1381    i.TIM_TI2_ConfigInputStage  stm32f4xx_hal_tim.o
    0x08003aae   0x08003aae   0x00000008   Code   RO          330    i.Task_10ms         freertos.o
    0x08003ab6   0x08003ab6   0x00000078   Code   RO         5772    i.UART_Receive_DMA_NoIT  dji_remote.o
    0x08003b2e   0x08003b2e   0x00000002   PAD
    0x08003b30   0x08003b30   0x000002ac   Code   RO         2250    i.UART_SetConfig    stm32f4xx_hal_uart.o
    0x08003ddc   0x08003ddc   0x00000064   Code   RO         2252    i.UART_WaitOnFlagUntilTimeout  stm32f4xx_hal_uart.o
    0x08003e40   0x08003e40   0x0000000c   Code   RO          607    i.USART1_IRQHandler  stm32f4xx_it.o
    0x08003e4c   0x08003e4c   0x00000002   Code   RO          608    i.UsageFault_Handler  stm32f4xx_it.o
    0x08003e4e   0x08003e4e   0x00000002   PAD
    0x08003e50   0x08003e50   0x00000020   Code   RO         6560    i.__0printf         mc_w.l(printfa.o)
    0x08003e70   0x08003e70   0x00000020   Code   RO         3352    i.__NVIC_SetPriority  stm32f4xx_hal_cortex.o
    0x08003e90   0x08003e90   0x00000014   Code   RO         6292    i.__hardfp_fabs     m_wm.l(fabs.o)
    0x08003ea4   0x08003ea4   0x0000000e   Code   RO         6682    i.__scatterload_copy  mc_w.l(handlers.o)
    0x08003eb2   0x08003eb2   0x00000002   Code   RO         6683    i.__scatterload_null  mc_w.l(handlers.o)
    0x08003eb4   0x08003eb4   0x0000000e   Code   RO         6684    i.__scatterload_zeroinit  mc_w.l(handlers.o)
    0x08003ec2   0x08003ec2   0x00000002   PAD
    0x08003ec4   0x08003ec4   0x00000184   Code   RO         6567    i._fp_digits        mc_w.l(printfa.o)
    0x08004048   0x08004048   0x000006dc   Code   RO         6568    i._printf_core      mc_w.l(printfa.o)
    0x08004724   0x08004724   0x00000024   Code   RO         6569    i._printf_post_padding  mc_w.l(printfa.o)
    0x08004748   0x08004748   0x0000002e   Code   RO         6570    i._printf_pre_padding  mc_w.l(printfa.o)
    0x08004776   0x08004776   0x00000022   Code   RO         5469    i.abs_limit         user_lib.o
    0x08004798   0x08004798   0x0000003c   Code   RO         5668    i.can_user_init     bsp_can.o
    0x080047d4   0x080047d4   0x000000f8   Code   RO         5565    i.chassis_behaviour_control_set  chassis_behaviour.o
    0x080048cc   0x080048cc   0x00000054   Code   RO         5566    i.chassis_behaviour_mode_set  chassis_behaviour.o
    0x08004920   0x08004920   0x00000130   Code   RO         5204    i.chassis_control_loop  chassis_task.o
    0x08004a50   0x08004a50   0x000000bc   Code   RO         5205    i.chassis_feedback_update  chassis_task.o
    0x08004b0c   0x08004b0c   0x000000c4   Code   RO         5567    i.chassis_infantry_follow_gimbal_yaw_control  chassis_behaviour.o
    0x08004bd0   0x08004bd0   0x000000f8   Code   RO         5206    i.chassis_rc_to_control_vector  chassis_task.o
    0x08004cc8   0x08004cc8   0x00000140   Code   RO         5207    i.chassis_set_contorl  chassis_task.o
    0x08004e08   0x08004e08   0x0000000c   Code   RO         5282    i.configureTimerForRunTimeStats  test_task.o
    0x08004e14   0x08004e14   0x0000004e   Code   RO         5470    i.first_order_filter_cali  user_lib.o
    0x08004e62   0x08004e62   0x00000012   Code   RO         5471    i.first_order_filter_init  user_lib.o
    0x08004e74   0x08004e74   0x00000020   Code   RO         5472    i.fp32_constrain    user_lib.o
    0x08004e94   0x08004e94   0x00000018   Code   RO          547    i.fputc             usart.o
    0x08004eac   0x08004eac   0x0000000c   Code   RO         5283    i.getRunTimeCounterValue  test_task.o
    0x08004eb8   0x08004eb8   0x00000010   Code   RO         5669    i.get_Chassis_Motor_Measure_Point  bsp_can.o
    0x08004ec8   0x08004ec8   0x00000008   Code   RO         5951    i.get_INS_angle_point  bsp_imu.o
    0x08004ed0   0x08004ed0   0x00000008   Code   RO         5953    i.get_MPU6500_Gyro_Data_Point  bsp_imu.o
    0x08004ed8   0x08004ed8   0x00000008   Code   RO         5670    i.get_Pitch_Gimbal_Motor_Measure_Point  bsp_can.o
    0x08004ee0   0x08004ee0   0x00000008   Code   RO         5672    i.get_Yaw_Gimbal_Motor_Measure_Point  bsp_can.o
    0x08004ee8   0x08004ee8   0x00000008   Code   RO         5773    i.get_remote_control_point  dji_remote.o
    0x08004ef0   0x08004ef0   0x000000dc   Code   RO         5606    i.gimbal_absolute_angle_control  gimbal_behaviour.o
    0x08004fcc   0x08004fcc   0x0000015c   Code   RO         5607    i.gimbal_behaviour_control_set  gimbal_behaviour.o
    0x08005128   0x08005128   0x00000048   Code   RO         5608    i.gimbal_behaviour_mode_set  gimbal_behaviour.o
    0x08005170   0x08005170   0x00000124   Code   RO         5609    i.gimbal_behavour_set  gimbal_behaviour.o
    0x08005294   0x08005294   0x00000124   Code   RO         5610    i.gimbal_cali_control  gimbal_behaviour.o
    0x080053b8   0x080053b8   0x00000036   Code   RO         5338    i.gimbal_motor_absolute_angle_control  gimbal_task.o
    0x080053ee   0x080053ee   0x0000001a   Code   RO         5339    i.gimbal_motor_raw_angle_control  gimbal_task.o
    0x08005408   0x08005408   0x0000003c   Code   RO         5340    i.gimbal_motor_relative_angle_control  gimbal_task.o
    0x08005444   0x08005444   0x00000036   Code   RO         5341    i.gimbal_total_pid_clear  gimbal_task.o
    0x0800547a   0x0800547a   0x00000002   PAD
    0x0800547c   0x0800547c   0x000001cc   Code   RO         5956    i.init_quaternion   bsp_imu.o
    0x08005648   0x08005648   0x00000100   Code   RO         5959    i.ist8310_init      bsp_imu.o
    0x08005748   0x08005748   0x00000038   Code   RO         5960    i.ist_reg_read_by_mpu  bsp_imu.o
    0x08005780   0x08005780   0x00000042   Code   RO         5961    i.ist_reg_write_by_mpu  bsp_imu.o
    0x080057c2   0x080057c2   0x00000002   PAD
    0x080057c4   0x080057c4   0x00000048   Code   RO         5477    i.loop_fp32_constrain  user_lib.o
    0x0800580c   0x0800580c   0x00000054   Code   RO           15    i.main              main.o
    0x08005860   0x08005860   0x0000000c   Code   RO         4637    i.makeFreeRtosPriority  cmsis_os.o
    0x0800586c   0x0800586c   0x00000034   Code   RO         5342    i.motor_ecd_to_angle_change  gimbal_task.o
    0x080058a0   0x080058a0   0x00000064   Code   RO         5962    i.mpu_device_init   bsp_imu.o
    0x08005904   0x08005904   0x0000008e   Code   RO         5964    i.mpu_master_i2c_auto_read_config  bsp_imu.o
    0x08005992   0x08005992   0x00000002   PAD
    0x08005994   0x08005994   0x000000a4   Code   RO         5965    i.mpu_offset_call   bsp_imu.o
    0x08005a38   0x08005a38   0x00000050   Code   RO         5966    i.mpu_read_byte     bsp_imu.o
    0x08005a88   0x08005a88   0x0000005c   Code   RO         5967    i.mpu_read_bytes    bsp_imu.o
    0x08005ae4   0x08005ae4   0x0000000a   Code   RO         5968    i.mpu_set_accel_fsr  bsp_imu.o
    0x08005aee   0x08005aee   0x0000000a   Code   RO         5969    i.mpu_set_gyro_fsr  bsp_imu.o
    0x08005af8   0x08005af8   0x00000054   Code   RO         5970    i.mpu_write_byte    bsp_imu.o
    0x08005b4c   0x08005b4c   0x00000064   Code   RO         5827    i.oled_LOGO         oled.o
    0x08005bb0   0x08005bb0   0x00000040   Code   RO         5828    i.oled_clear        oled.o
    0x08005bf0   0x08005bf0   0x00000048   Code   RO         5832    i.oled_drawpoint    oled.o
    0x08005c38   0x08005c38   0x00000124   Code   RO         5833    i.oled_init         oled.o
    0x08005d5c   0x08005d5c   0x00000034   Code   RO         5835    i.oled_refresh_gram  oled.o
    0x08005d90   0x08005d90   0x0000002a   Code   RO         5836    i.oled_set_pos      oled.o
    0x08005dba   0x08005dba   0x00000002   PAD
    0x08005dbc   0x08005dbc   0x00000078   Code   RO         5837    i.oled_showchar     oled.o
    0x08005e34   0x08005e34   0x00000072   Code   RO         5838    i.oled_shownum      oled.o
    0x08005ea6   0x08005ea6   0x00000002   PAD
    0x08005ea8   0x08005ea8   0x0000002c   Code   RO         5840    i.oled_write_byte   oled.o
    0x08005ed4   0x08005ed4   0x0000000e   Code   RO         4639    i.osDelay           cmsis_os.o
    0x08005ee2   0x08005ee2   0x00000004   Code   RO         4640    i.osDelayUntil      cmsis_os.o
    0x08005ee6   0x08005ee6   0x0000000a   Code   RO         4642    i.osKernelStart     cmsis_os.o
    0x08005ef0   0x08005ef0   0x00000054   Code   RO         4676    i.osThreadCreate    cmsis_os.o
    0x08005f44   0x08005f44   0x000000a2   Code   RO         5733    i.pid_calc          pid.o
    0x08005fe6   0x08005fe6   0x00000002   PAD
    0x08005fe8   0x08005fe8   0x0000002c   Code   RO         5734    i.pid_clear         pid.o
    0x08006014   0x08006014   0x00000006   Code   RO         5735    i.pid_init          pid.o
    0x0800601a   0x0800601a   0x00000002   PAD
    0x0800601c   0x0800601c   0x00000070   Code   RO         4279    i.prvAddCurrentTaskToDelayedList  tasks.o
    0x0800608c   0x0800608c   0x000000d0   Code   RO         4280    i.prvAddNewTaskToReadyList  tasks.o
    0x0800615c   0x0800615c   0x00000034   Code   RO         4281    i.prvDeleteTCB      tasks.o
    0x08006190   0x08006190   0x0000004c   Code   RO         5004    i.prvHeapInit       heap_4.o
    0x080061dc   0x080061dc   0x00000060   Code   RO         4282    i.prvIdleTask       tasks.o
    0x0800623c   0x0800623c   0x0000009e   Code   RO         4283    i.prvInitialiseNewTask  tasks.o
    0x080062da   0x080062da   0x00000002   PAD
    0x080062dc   0x080062dc   0x0000004c   Code   RO         5005    i.prvInsertBlockIntoFreeList  heap_4.o
    0x08006328   0x08006328   0x00000020   Code   RO         4285    i.prvResetNextTaskUnblockTime  tasks.o
    0x08006348   0x08006348   0x00000028   Code   RO         5066    i.prvTaskExitError  port.o
    0x08006370   0x08006370   0x00000034   Code   RO         4286    i.prvTaskIsTaskSuspended  tasks.o
    0x080063a4   0x080063a4   0x000000d8   Code   RO         5006    i.pvPortMalloc      heap_4.o
    0x0800647c   0x0800647c   0x0000002c   Code   RO         5067    i.pxPortInitialiseStack  port.o
    0x080064a8   0x080064a8   0x00000064   Code   RO         5673    i.set_motor_voltage  bsp_can.o
    0x0800650c   0x0800650c   0x00000026   Code   RO         3887    i.uxListRemove      list.o
    0x08006532   0x08006532   0x00000002   PAD
    0x08006534   0x08006534   0x00000014   Code   RO          333    i.vApplicationGetIdleTaskMemory  freertos.o
    0x08006548   0x08006548   0x00000016   Code   RO         3888    i.vListInitialise   list.o
    0x0800655e   0x0800655e   0x00000006   Code   RO         3889    i.vListInitialiseItem  list.o
    0x08006564   0x08006564   0x00000030   Code   RO         3890    i.vListInsert       list.o
    0x08006594   0x08006594   0x00000018   Code   RO         3891    i.vListInsertEnd    list.o
    0x080065ac   0x080065ac   0x00000040   Code   RO         5069    i.vPortEnterCritical  port.o
    0x080065ec   0x080065ec   0x00000028   Code   RO         5070    i.vPortExitCritical  port.o
    0x08006614   0x08006614   0x0000005c   Code   RO         5007    i.vPortFree         heap_4.o
    0x08006670   0x08006670   0x00000024   Code   RO         5071    i.vPortSetupTimerInterrupt  port.o
    0x08006694   0x08006694   0x0000004c   Code   RO         4296    i.vTaskDelay        tasks.o
    0x080066e0   0x080066e0   0x000000ac   Code   RO         4297    i.vTaskDelete       tasks.o
    0x0800678c   0x0800678c   0x0000007c   Code   RO         4310    i.vTaskResume       tasks.o
    0x08006808   0x08006808   0x00000070   Code   RO         4313    i.vTaskStartScheduler  tasks.o
    0x08006878   0x08006878   0x000000bc   Code   RO         4314    i.vTaskSuspend      tasks.o
    0x08006934   0x08006934   0x00000010   Code   RO         4315    i.vTaskSuspendAll   tasks.o
    0x08006944   0x08006944   0x00000074   Code   RO         4316    i.vTaskSwitchContext  tasks.o
    0x080069b8   0x080069b8   0x000000f4   Code   RO         5073    i.xPortStartScheduler  port.o
    0x08006aac   0x08006aac   0x0000002c   Code   RO         5074    i.xPortSysTickHandler  port.o
    0x08006ad8   0x08006ad8   0x0000005a   Code   RO         4318    i.xTaskCreate       tasks.o
    0x08006b32   0x08006b32   0x00000056   Code   RO         4319    i.xTaskCreateStatic  tasks.o
    0x08006b88   0x08006b88   0x0000001c   Code   RO         4323    i.xTaskGetSchedulerState  tasks.o
    0x08006ba4   0x08006ba4   0x0000000c   Code   RO         4324    i.xTaskGetTickCount  tasks.o
    0x08006bb0   0x08006bb0   0x000000c8   Code   RO         4326    i.xTaskIncrementTick  tasks.o
    0x08006c78   0x08006c78   0x000000c4   Code   RO         4332    i.xTaskResumeAll    tasks.o
    0x08006d3c   0x08006d3c   0x000000e0   Data   RO          335    .constdata          freertos.o
    0x08006e1c   0x08006e1c   0x00000008   Data   RO         3051    .constdata          stm32f4xx_hal_dma.o
    0x08006e24   0x08006e24   0x00000010   Data   RO         3738    .constdata          system_stm32f4xx.o
    0x08006e34   0x08006e34   0x00000008   Data   RO         3739    .constdata          system_stm32f4xx.o
    0x08006e3c   0x08006e3c   0x00000008   Data   RO         5209    .constdata          chassis_task.o
    0x08006e44   0x08006e44   0x00000874   Data   RO         5842    .constdata          oled.o
    0x080076b8   0x080076b8   0x00000014   Data   RO         5972    .constdata          bsp_imu.o
    0x080076cc   0x080076cc   0x00000804   Data   RO         6243    .constdata          arm_cortexM4lf_math.lib(arm_common_tables.o)
    0x08007ed0   0x08007ed0   0x00000077   Data   RO          336    .conststring        freertos.o
    0x08007f47   0x08007f47   0x00000001   PAD
    0x08007f48   0x08007f48   0x00000020   Data   RO         6680    Region$$Table       anon$$obj.o


    Execution Region RW_IRAM1 (Exec base: 0x20000000, Load base: 0x08007f68, Size: 0x00005130, Max: 0x00030000, ABSOLUTE, COMPRESSED[0x00000020])

    Exec Addr    Load Addr    Size         Type   Attr      Idx    E Section Name        Object

    0x20000000   COMPRESSED   0x00000024   Data   RW          337    .data               freertos.o
    0x20000024   COMPRESSED   0x0000000c   Data   RW         3498    .data               stm32f4xx_hal.o
    0x20000030   COMPRESSED   0x00000004   Data   RW         3740    .data               system_stm32f4xx.o
    0x20000034   COMPRESSED   0x00000044   Data   RW         4335    .data               tasks.o
    0x20000078   COMPRESSED   0x00000018   Data   RW         5012    .data               heap_4.o
    0x20000090   COMPRESSED   0x0000000c   Data   RW         5075    .data               port.o
    0x2000009c   COMPRESSED   0x00000001   Data   RW         5287    .data               test_task.o
    0x2000009d   COMPRESSED   0x00000003   PAD
    0x200000a0   COMPRESSED   0x00000008   Data   RW         5344    .data               gimbal_task.o
    0x200000a8   COMPRESSED   0x00000010   Data   RW         5568    .data               chassis_behaviour.o
    0x200000b8   COMPRESSED   0x00000020   Data   RW         5613    .data               gimbal_behaviour.o
    0x200000d8   COMPRESSED   0x00000072   Data   RW         5674    .data               bsp_can.o
    0x2000014a   COMPRESSED   0x00000002   PAD
    0x2000014c   COMPRESSED   0x0000000c   Data   RW         5776    .data               dji_remote.o
    0x20000158   COMPRESSED   0x00000060   Data   RW         5973    .data               bsp_imu.o
    0x200001b8   COMPRESSED   0x00000004   Data   RW         6645    .data               mc_w.l(stdout.o)
    0x200001bc        -       0x00000028   Zero   RW          263    .bss                can.o
    0x200001e4        -       0x00000260   Zero   RW          334    .bss                freertos.o
    0x20000444        -       0x000000b0   Zero   RW          427    .bss                spi.o
    0x200004f4        -       0x00000080   Zero   RW          479    .bss                tim.o
    0x20000574        -       0x000000e0   Zero   RW          548    .bss                usart.o
    0x20000654        -       0x000000f0   Zero   RW         4334    .bss                tasks.o
    0x20000744        -       0x00003c00   Zero   RW         5011    .bss                heap_4.o
    0x20004344        -       0x000001bc   Zero   RW         5208    .bss                chassis_task.o
    0x20004500        -       0x0000016c   Zero   RW         5285    .bss                test_task.o
    0x2000466c        -       0x000001c0   Zero   RW         5343    .bss                gimbal_task.o
    0x2000482c        -       0x00000064   Zero   RW         5774    .bss                dji_remote.o
    0x20004890        -       0x00000014   Zero   RW         5775    .bss                dji_remote.o
    0x200048a4        -       0x00000400   Zero   RW         5841    .bss                oled.o
    0x20004ca4        -       0x00000086   Zero   RW         5971    .bss                bsp_imu.o
    0x20004d2a   COMPRESSED   0x00000006   PAD
    0x20004d30        -       0x00000400   Zero   RW            1    STACK               startup_stm32f427xx.o


==============================================================================

Image component sizes


      Code (inc. data)   RO Data    RW Data    ZI Data      Debug   Object Name

       296         32          0        114          0       4583   bsp_can.o
      1550        158         20         96        134      12396   bsp_imu.o
       204         22          0          0         40       1729   can.o
       528         56          0         16          0       7156   chassis_behaviour.o
      1480        124          8          0        444       7142   chassis_task.o
       124          0          0          0          0      23168   cmsis_os.o
       518         22          0         12        120       5965   dji_remote.o
        44          4          0          0          0        786   dma.o
         0          0          0          0          0      18176   event_groups.o
       408         74        343         36        608      13608   freertos.o
      1224         96          0         32          0       6238   gimbal_behaviour.o
      1586         76          0          8        448      14960   gimbal_task.o
       264         18          0          0          0       1099   gpio.o
       460         24          0         24      15360       7431   heap_4.o
       172         46          0          0          0       1595   initial_task.o
       138          0          0          0          0       3642   list.o
       218         22          0          0          0     794261   main.o
       900         40       2164          0       1024       7416   oled.o
       212          6          0          0          0       2194   pid.o
       702         72          0         12          0      11264   port.o
         8          0          0          0          0        528   revolver_task.o
       352         44          0          0        176       2450   spi.o
        36          8        428          0       1024        852   startup_stm32f427xx.o
       180         28          0         12          0       4685   stm32f4xx_hal.o
      1638          6          0          0          0      14579   stm32f4xx_hal_can.o
       198         14          0          0          0      34043   stm32f4xx_hal_cortex.o
       862         16          8          0          0       5752   stm32f4xx_hal_dma.o
       470         52          0          0          0       2484   stm32f4xx_hal_gpio.o
        56          4          0          0          0        870   stm32f4xx_hal_msp.o
      1264         80          0          0          0       5240   stm32f4xx_hal_rcc.o
      1194          8          0          0          0       6352   stm32f4xx_hal_spi.o
      1592         80          0          0          0      14868   stm32f4xx_hal_tim.o
        70          0          0          0          0       2497   stm32f4xx_hal_tim_ex.o
      1068          8          0          0          0       4188   stm32f4xx_hal_uart.o
       112         34          0          0          0       5782   stm32f4xx_it.o
         0          0          0          0          0        392   stream_buffer.o
        84         18         24          4          0       1207   system_stm32f4xx.o
      2126        162          0         68        240      21970   tasks.o
        24         10          0          1        364       1963   test_task.o
       400         50          0          0        128       3607   tim.o
       384         56          0          0        224       3110   usart.o
       234          0          0          0          0       3787   user_lib.o

    ----------------------------------------------------------------------
     23432       1570       3028        440      20340    1086015   Object Totals
         0          0         32          0          0          0   (incl. Generated)
        52          0          1          5          6          0   (incl. Padding)

    ----------------------------------------------------------------------

      Code (inc. data)   RO Data    RW Data    ZI Data      Debug   Library Member Name

         0          0       2052          0          0       4704   arm_common_tables.o
       120         12          0          0          0      17170   arm_cos_f32.o
       148         18          0          0          0        814   arm_sin_f32.o
        20          0          0          0          0        124   fabs.o
        58          0          0          0          0          0   __dczerorl.o
         0          0          0          0          0          0   entry.o
         0          0          0          0          0          0   entry10a.o
         0          0          0          0          0          0   entry11a.o
         8          4          0          0          0          0   entry2.o
         4          0          0          0          0          0   entry5.o
         0          0          0          0          0          0   entry7b.o
         0          0          0          0          0          0   entry8b.o
         8          4          0          0          0          0   entry9a.o
        30          0          0          0          0          0   handlers.o
        36          8          0          0          0         68   init.o
         0          0          0          0          0          0   iusefp.o
        30          0          0          0          0         68   llshl.o
        36          0          0          0          0         68   llsshr.o
        32          0          0          0          0         68   llushr.o
        36          0          0          0          0         68   memcpya.o
        36          0          0          0          0        108   memseta.o
      2258         90          0          0          0        452   printfa.o
         0          0          0          4          0          0   stdout.o
        44          0          0          0          0         80   uidiv.o
        98          0          0          0          0         92   uldiv.o
        48          0          0          0          0         68   cdrcmple.o
       334          0          0          0          0        148   dadd.o
       222          0          0          0          0        100   ddiv.o
       186          0          0          0          0        176   depilogue.o
        48          0          0          0          0         68   dfixul.o
        34          0          0          0          0         76   dflti.o
       228          0          0          0          0         96   dmul.o

    ----------------------------------------------------------------------
      4104        136       2052          4          0      24616   Library Totals
         2          0          0          0          0          0   (incl. Padding)

    ----------------------------------------------------------------------

      Code (inc. data)   RO Data    RW Data    ZI Data      Debug   Library Name

       268         30       2052          0          0      22688   arm_cortexM4lf_math.lib
        20          0          0          0          0        124   m_wm.l
      2714        106          0          4          0       1072   mc_w.l
      1100          0          0          0          0        732   mf_w.l

    ----------------------------------------------------------------------
      4104        136       2052          4          0      24616   Library Totals

    ----------------------------------------------------------------------

==============================================================================


      Code (inc. data)   RO Data    RW Data    ZI Data      Debug   

     27536       1706       5080        444      20340    1088079   Grand Totals
     27536       1706       5080         32      20340    1088079   ELF Image Totals (compressed)
     27536       1706       5080         32          0          0   ROM Totals

==============================================================================

    Total RO  Size (Code + RO Data)                32616 (  31.85kB)
    Total RW  Size (RW Data + ZI Data)             20784 (  20.30kB)
    Total ROM Size (Code + RO Data + RW Data)      32648 (  31.88kB)

==============================================================================

