Component: ARM Compiler 5.06 update 5 (build 528) Tool: armlink [4d35e2]

==============================================================================

Section Cross References

    startup_stm32f427xx.o(RESET) refers to startup_stm32f427xx.o(STACK) for __initial_sp
    startup_stm32f427xx.o(RESET) refers to startup_stm32f427xx.o(.text) for Reset_Handler
    startup_stm32f427xx.o(RESET) refers to stm32f4xx_it.o(i.NMI_Handler) for NMI_Handler
    startup_stm32f427xx.o(RESET) refers to stm32f4xx_it.o(i.HardFault_Handler) for HardFault_Handler
    startup_stm32f427xx.o(RESET) refers to stm32f4xx_it.o(i.MemManage_Handler) for MemManage_Handler
    startup_stm32f427xx.o(RESET) refers to stm32f4xx_it.o(i.BusFault_Handler) for BusFault_Handler
    startup_stm32f427xx.o(RESET) refers to stm32f4xx_it.o(i.UsageFault_Handler) for UsageFault_Handler
    startup_stm32f427xx.o(RESET) refers to port.o(.emb_text) for SVC_Handler
    startup_stm32f427xx.o(RESET) refers to stm32f4xx_it.o(i.DebugMon_Handler) for DebugMon_Handler
    startup_stm32f427xx.o(RESET) refers to stm32f4xx_it.o(i.SysTick_Handler) for SysTick_Handler
    startup_stm32f427xx.o(RESET) refers to stm32f4xx_it.o(i.CAN1_TX_IRQHandler) for CAN1_TX_IRQHandler
    startup_stm32f427xx.o(RESET) refers to stm32f4xx_it.o(i.CAN1_RX0_IRQHandler) for CAN1_RX0_IRQHandler
    startup_stm32f427xx.o(RESET) refers to stm32f4xx_it.o(i.USART1_IRQHandler) for USART1_IRQHandler
    startup_stm32f427xx.o(RESET) refers to stm32f4xx_it.o(i.DMA2_Stream2_IRQHandler) for DMA2_Stream2_IRQHandler
    startup_stm32f427xx.o(.text) refers to system_stm32f4xx.o(i.SystemInit) for SystemInit
    startup_stm32f427xx.o(.text) refers to entry.o(.ARM.Collect$$$$00000000) for __main
    main.o(i.SystemClock_Config) refers to memseta.o(.text) for __aeabi_memclr4
    main.o(i.SystemClock_Config) refers to stm32f4xx_hal_rcc.o(i.HAL_RCC_OscConfig) for HAL_RCC_OscConfig
    main.o(i.SystemClock_Config) refers to stm32f4xx_hal_rcc.o(i.HAL_RCC_ClockConfig) for HAL_RCC_ClockConfig
    main.o(i.main) refers to stm32f4xx_hal.o(i.HAL_Init) for HAL_Init
    main.o(i.main) refers to main.o(i.SystemClock_Config) for SystemClock_Config
    main.o(i.main) refers to gpio.o(i.MX_GPIO_Init) for MX_GPIO_Init
    main.o(i.main) refers to dma.o(i.MX_DMA_Init) for MX_DMA_Init
    main.o(i.main) refers to can.o(i.MX_CAN1_Init) for MX_CAN1_Init
    main.o(i.main) refers to spi.o(i.MX_SPI1_Init) for MX_SPI1_Init
    main.o(i.main) refers to usart.o(i.MX_USART1_UART_Init) for MX_USART1_UART_Init
    main.o(i.main) refers to usart.o(i.MX_USART6_UART_Init) for MX_USART6_UART_Init
    main.o(i.main) refers to spi.o(i.MX_SPI5_Init) for MX_SPI5_Init
    main.o(i.main) refers to tim.o(i.MX_TIM3_Init) for MX_TIM3_Init
    main.o(i.main) refers to bsp_can.o(i.can_user_init) for can_user_init
    main.o(i.main) refers to dji_remote.o(i.HAL_UART_Receive_IT_IDLE) for HAL_UART_Receive_IT_IDLE
    main.o(i.main) refers to freertos.o(i.MX_FREERTOS_Init) for MX_FREERTOS_Init
    main.o(i.main) refers to cmsis_os.o(i.osKernelStart) for osKernelStart
    main.o(i.main) refers to can.o(.bss) for hcan1
    main.o(i.main) refers to dji_remote.o(.bss) for UART_Buffer
    main.o(i.main) refers to usart.o(.bss) for huart1
    gpio.o(i.MX_GPIO_Init) refers to memseta.o(.text) for __aeabi_memclr4
    gpio.o(i.MX_GPIO_Init) refers to stm32f4xx_hal_gpio.o(i.HAL_GPIO_WritePin) for HAL_GPIO_WritePin
    gpio.o(i.MX_GPIO_Init) refers to stm32f4xx_hal_gpio.o(i.HAL_GPIO_Init) for HAL_GPIO_Init
    gpio.o(i.led_off) refers to stm32f4xx_hal_gpio.o(i.HAL_GPIO_WritePin) for HAL_GPIO_WritePin
    can.o(i.HAL_CAN_MspDeInit) refers to stm32f4xx_hal_gpio.o(i.HAL_GPIO_DeInit) for HAL_GPIO_DeInit
    can.o(i.HAL_CAN_MspDeInit) refers to stm32f4xx_hal_cortex.o(i.HAL_NVIC_DisableIRQ) for HAL_NVIC_DisableIRQ
    can.o(i.HAL_CAN_MspInit) refers to memseta.o(.text) for __aeabi_memclr4
    can.o(i.HAL_CAN_MspInit) refers to stm32f4xx_hal_gpio.o(i.HAL_GPIO_Init) for HAL_GPIO_Init
    can.o(i.HAL_CAN_MspInit) refers to stm32f4xx_hal_cortex.o(i.HAL_NVIC_SetPriority) for HAL_NVIC_SetPriority
    can.o(i.HAL_CAN_MspInit) refers to stm32f4xx_hal_cortex.o(i.HAL_NVIC_EnableIRQ) for HAL_NVIC_EnableIRQ
    can.o(i.MX_CAN1_Init) refers to stm32f4xx_hal_can.o(i.HAL_CAN_Init) for HAL_CAN_Init
    can.o(i.MX_CAN1_Init) refers to main.o(i.Error_Handler) for Error_Handler
    can.o(i.MX_CAN1_Init) refers to can.o(.bss) for .bss
    dma.o(i.MX_DMA_Init) refers to stm32f4xx_hal_cortex.o(i.HAL_NVIC_SetPriority) for HAL_NVIC_SetPriority
    dma.o(i.MX_DMA_Init) refers to stm32f4xx_hal_cortex.o(i.HAL_NVIC_EnableIRQ) for HAL_NVIC_EnableIRQ
    freertos.o(i.MX_FREERTOS_Init) refers to memcpya.o(.text) for __aeabi_memcpy4
    freertos.o(i.MX_FREERTOS_Init) refers to cmsis_os.o(i.osThreadCreate) for osThreadCreate
    freertos.o(i.MX_FREERTOS_Init) refers to printfa.o(i.__0printf) for __2printf
    freertos.o(i.MX_FREERTOS_Init) refers to freertos.o(.constdata) for .constdata
[...]
    i.__scatterload_copy                     0x08003530   Section       14  handlers.o(i.__scatterload_copy)
    i.__scatterload_null                     0x0800353e   Section        2  handlers.o(i.__scatterload_null)
    i.__scatterload_zeroinit                 0x08003540   Section       14  handlers.o(i.__scatterload_zeroinit)
    i._fp_digits                             0x08003550   Section        0  printfa.o(i._fp_digits)
    _fp_digits                               0x08003551   Thumb Code   366  printfa.o(i._fp_digits)
    i._printf_core                           0x080036d4   Section        0  printfa.o(i._printf_core)
    _printf_core                             0x080036d5   Thumb Code  1744  printfa.o(i._printf_core)
    i._printf_post_padding                   0x08003db0   Section        0  printfa.o(i._printf_post_padding)
    _printf_post_padding                     0x08003db1   Thumb Code    36  printfa.o(i._printf_post_padding)
    i._printf_pre_padding                    0x08003dd4   Section        0  printfa.o(i._printf_pre_padding)
    _printf_pre_padding                      0x08003dd5   Thumb Code    46  printfa.o(i._printf_pre_padding)
    i.can_user_init                          0x08003e04   Section        0  bsp_can.o(i.can_user_init)
    i.chassis_behaviour_control_set          0x08003e40   Section        0  chassis_behaviour.o(i.chassis_behaviour_control_set)
    i.chassis_behaviour_mode_set             0x08003f38   Section        0  chassis_behaviour.o(i.chassis_behaviour_mode_set)
    i.chassis_control_loop                   0x08003f8c   Section        0  chassis_task.o(i.chassis_control_loop)
    chassis_control_loop                     0x08003f8d   Thumb Code   290  chassis_task.o(i.chassis_control_loop)
    i.chassis_feedback_update                0x080040bc   Section        0  chassis_task.o(i.chassis_feedback_update)
    chassis_feedback_update                  0x080040bd   Thumb Code   176  chassis_task.o(i.chassis_feedback_update)
    i.chassis_infantry_follow_gimbal_yaw_control 0x08004178   Section        0  chassis_behaviour.o(i.chassis_infantry_follow_gimbal_yaw_control)
    chassis_infantry_follow_gimbal_yaw_control 0x08004179   Thumb Code   168  chassis_behaviour.o(i.chassis_infantry_follow_gimbal_yaw_control)
    i.chassis_rc_to_control_vector           0x0800423c   Section        0  chassis_task.o(i.chassis_rc_to_control_vector)
    i.chassis_set_contorl                    0x08004334   Section        0  chassis_task.o(i.chassis_set_contorl)
    chassis_set_contorl                      0x08004335   Thumb Code   308  chassis_task.o(i.chassis_set_contorl)
    i.first_order_filter_cali                0x08004474   Section        0  user_lib.o(i.first_order_filter_cali)
    i.first_order_filter_init                0x080044c2   Section        0  user_lib.o(i.first_order_filter_init)
    i.fp32_constrain                         0x080044d4   Section        0  user_lib.o(i.fp32_constrain)
    i.fputc                                  0x080044f4   Section        0  usart.o(i.fputc)
    i.get_Chassis_Motor_Measure_Point        0x0800450c   Section        0  bsp_can.o(i.get_Chassis_Motor_Measure_Point)
    i.get_remote_control_point               0x08004520   Section        0  dji_remote.o(i.get_remote_control_point)
    i.init_quaternion                        0x08004528   Section        0  bsp_imu.o(i.init_quaternion)
    i.ist8310_init                           0x080046f4   Section        0  bsp_imu.o(i.ist8310_init)
    i.ist_reg_read_by_mpu                    0x080047f4   Section        0  bsp_imu.o(i.ist_reg_read_by_mpu)
    ist_reg_read_by_mpu                      0x080047f5   Thumb Code    56  bsp_imu.o(i.ist_reg_read_by_mpu)
    i.ist_reg_write_by_mpu                   0x0800482c   Section        0  bsp_imu.o(i.ist_reg_write_by_mpu)
    ist_reg_write_by_mpu                     0x0800482d   Thumb Code    66  bsp_imu.o(i.ist_reg_write_by_mpu)
    i.loop_fp32_constrain                    0x08004870   Section        0  user_lib.o(i.loop_fp32_constrain)
    i.main                                   0x080048b8   Section        0  main.o(i.main)
    i.makeFreeRtosPriority                   0x08004908   Section        0  cmsis_os.o(i.makeFreeRtosPriority)
    makeFreeRtosPriority                     0x08004909   Thumb Code    12  cmsis_os.o(i.makeFreeRtosPriority)
    i.mpu_device_init                        0x08004914   Section        0  bsp_imu.o(i.mpu_device_init)
    i.mpu_master_i2c_auto_read_config        0x08004978   Section        0  bsp_imu.o(i.mpu_master_i2c_auto_read_config)
    mpu_master_i2c_auto_read_config          0x08004979   Thumb Code   142  bsp_imu.o(i.mpu_master_i2c_auto_read_config)
    i.mpu_offset_call                        0x08004a08   Section        0  bsp_imu.o(i.mpu_offset_call)
    i.mpu_read_byte                          0x08004aac   Section        0  bsp_imu.o(i.mpu_read_byte)
    i.mpu_read_bytes                         0x08004afc   Section        0  bsp_imu.o(i.mpu_read_bytes)
    i.mpu_set_accel_fsr                      0x08004b58   Section        0  bsp_imu.o(i.mpu_set_accel_fsr)
    i.mpu_set_gyro_fsr                       0x08004b62   Section        0  bsp_imu.o(i.mpu_set_gyro_fsr)
    i.mpu_write_byte                         0x08004b6c   Section        0  bsp_imu.o(i.mpu_write_byte)
    i.oled_LOGO                              0x08004bc0   Section        0  oled.o(i.oled_LOGO)
    i.oled_clear                             0x08004c24   Section        0  oled.o(i.oled_clear)
    i.oled_drawpoint                         0x08004c64   Section        0  oled.o(i.oled_drawpoint)
    i.oled_init                              0x08004cac   Section        0  oled.o(i.oled_init)
    i.oled_refresh_gram                      0x08004dd0   Section        0  oled.o(i.oled_refresh_gram)
    i.oled_set_pos                           0x08004e04   Section        0  oled.o(i.oled_set_pos)
    oled_set_pos                             0x08004e05   Thumb Code    42  oled.o(i.oled_set_pos)
    i.oled_showchar                          0x08004e30   Section        0  oled.o(i.oled_showchar)
    i.oled_shownum                           0x08004ea8   Section        0  oled.o(i.oled_shownum)
    i.oled_write_byte                        0x08004f1c   Section        0  oled.o(i.oled_write_byte)
    i.osDelay                                0x08004f48   Section        0  cmsis_os.o(i.osDelay)
    i.osDelayUntil                           0x08004f56   Section        0  cmsis_os.o(i.osDelayUntil)
    i.osKernelStart                          0x08004f5a   Section        0  cmsis_os.o(i.osKernelStart)
    i.osThreadCreate                         0x08004f64   Section        0  cmsis_os.o(i.osThreadCreate)
    i.pid_calc                               0x08004fb8   Section        0  pid.o(i.pid_calc)
    i.pid_init                               0x0800505a   Section        0  pid.o(i.pid_init)
    i.prvAddCurrentTaskToDelayedList         0x08005060   Section        0  tasks.o(i.prvAddCurrentTaskToDelayedList)
    prvAddCurrentTaskToDelayedList           0x08005061   Thumb Code   102  tasks.o(i.prvAddCurrentTaskToDelayedList)
    i.prvAddNewTaskToReadyList               0x080050d0   Section        0  tasks.o(i.prvAddNewTaskToReadyList)
    prvAddNewTaskToReadyList                 0x080050d1   Thumb Code   194  tasks.o(i.prvAddNewTaskToReadyList)
    i.prvDeleteTCB                           0x080051a0   Section        0  tasks.o(i.prvDeleteTCB)
    prvDeleteTCB                             0x080051a1   Thumb Code    52  tasks.o(i.prvDeleteTCB)
    i.prvHeapInit                            0x080051d4   Section        0  heap_4.o(i.prvHeapInit)
    prvHeapInit                              0x080051d5   Thumb Code    66  heap_4.o(i.prvHeapInit)
    i.prvIdleTask                            0x08005220   Section        0  tasks.o(i.prvIdleTask)
    prvIdleTask                              0x08005221   Thumb Code    82  tasks.o(i.prvIdleTask)
    i.prvInitialiseNewTask                   0x08005280   Section        0  tasks.o(i.prvInitialiseNewTask)
    prvInitialiseNewTask                     0x08005281   Thumb Code   142  tasks.o(i.prvInitialiseNewTask)
    i.prvInsertBlockIntoFreeList             0x08005310   Section        0  heap_4.o(i.prvInsertBlockIntoFreeList)
    prvInsertBlockIntoFreeList               0x08005311   Thumb Code    72  heap_4.o(i.prvInsertBlockIntoFreeList)
    i.prvResetNextTaskUnblockTime            0x0800535c   Section        0  tasks.o(i.prvResetNextTaskUnblockTime)
    prvResetNextTaskUnblockTime              0x0800535d   Thumb Code    26  tasks.o(i.prvResetNextTaskUnblockTime)
    i.prvTaskExitError                       0x0800537c   Section        0  port.o(i.prvTaskExitError)
    prvTaskExitError                         0x0800537d   Thumb Code    36  port.o(i.prvTaskExitError)
    i.prvTaskIsTaskSuspended                 0x080053a4   Section        0  tasks.o(i.prvTaskIsTaskSuspended)
    prvTaskIsTaskSuspended                   0x080053a5   Thumb Code    48  tasks.o(i.prvTaskIsTaskSuspended)
    i.pvPortMalloc                           0x080053d8   Section        0  heap_4.o(i.pvPortMalloc)
    i.pxPortInitialiseStack                  0x080054b0   Section        0  port.o(i.pxPortInitialiseStack)
    i.set_motor_voltage                      0x080054dc   Section        0  bsp_can.o(i.set_motor_voltage)
    i.uxListRemove                           0x08005530   Section        0  list.o(i.uxListRemove)
    i.vApplicationGetIdleTaskMemory          0x08005558   Section        0  freertos.o(i.vApplicationGetIdleTaskMemory)
    i.vListInitialise                        0x0800556c   Section        0  list.o(i.vListInitialise)
    i.vListInitialiseItem                    0x08005582   Section        0  list.o(i.vListInitialiseItem)
    i.vListInsert                            0x08005588   Section        0  list.o(i.vListInsert)
    i.vListInsertEnd                         0x080055b8   Section        0  list.o(i.vListInsertEnd)
    i.vPortEnterCritical                     0x080055d0   Section        0  port.o(i.vPortEnterCritical)
    i.vPortExitCritical                      0x08005610   Section        0  port.o(i.vPortExitCritical)
    i.vPortFree                              0x08005638   Section        0  heap_4.o(i.vPortFree)
    i.vPortSetupTimerInterrupt               0x08005694   Section        0  port.o(i.vPortSetupTimerInterrupt)
    i.vTaskDelay                             0x080056b8   Section        0  tasks.o(i.vTaskDelay)
    i.vTaskDelete                            0x08005704   Section        0  tasks.o(i.vTaskDelete)
    i.vTaskResume                            0x080057b0   Section        0  tasks.o(i.vTaskResume)
    i.vTaskStartScheduler                    0x0800582c   Section        0  tasks.o(i.vTaskStartScheduler)
    i.vTaskSuspend                           0x08005898   Section        0  tasks.o(i.vTaskSuspend)
    i.vTaskSuspendAll                        0x08005954   Section        0  tasks.o(i.vTaskSuspendAll)
    i.vTaskSwitchContext                     0x08005964   Section        0  tasks.o(i.vTaskSwitchContext)
    i.xPortStartScheduler                    0x080059c0   Section        0  port.o(i.xPortStartScheduler)
    i.xPortSysTickHandler                    0x08005ab4   Section        0  port.o(i.xPortSysTickHandler)
    i.xTaskCreate                            0x08005ae0   Section        0  tasks.o(i.xTaskCreate)
    i.xTaskCreateStatic                      0x08005b3a   Section        0  tasks.o(i.xTaskCreateStatic)
    i.xTaskGetSchedulerState                 0x08005b90   Section        0  tasks.o(i.xTaskGetSchedulerState)
    i.xTaskGetTickCount                      0x08005bac   Section        0  tasks.o(i.xTaskGetTickCount)
    i.xTaskIncrementTick                     0x08005bb8   Section        0  tasks.o(i.xTaskIncrementTick)
    i.xTaskResumeAll                         0x08005c80   Section        0  tasks.o(i.xTaskResumeAll)
    .constdata                               0x08005d44   Section      224  freertos.o(.constdata)
    .constdata                               0x08005e24   Section        8  stm32f4xx_hal_dma.o(.constdata)
    flagBitshiftOffset                       0x08005e24   Data           8  stm32f4xx_hal_dma.o(.constdata)
    .constdata                               0x08005e2c   Section       16  system_stm32f4xx.o(.constdata)
    .constdata                               0x08005e3c   Section        8  system_stm32f4xx.o(.constdata)
    .constdata                               0x08005e44   Section        8  chassis_task.o(.constdata)
    chassis_x_order_filter                   0x08005e44   Data           4  chassis_task.o(.constdata)
    chassis_y_order_filter                   0x08005e48   Data           4  chassis_task.o(.constdata)
    .constdata                               0x08005e4c   Section     2164  oled.o(.constdata)
    .constdata                               0x080066c0   Section       20  bsp_imu.o(.constdata)
    .constdata                               0x080066d4   Section     2052  arm_common_tables.o(.constdata)
    .conststring                             0x08006ed8   Section      119  freertos.o(.conststring)
    .data                                    0x20000000   Section       36  freertos.o(.data)
    System_Current_Time                      0x20000000   Data           4  freertos.o(.data)
    .data                                    0x20000024   Section       12  stm32f4xx_hal.o(.data)
    .data                                    0x20000030   Section        4  system_stm32f4xx.o(.data)
    .data                                    0x20000034   Section       60  tasks.o(.data)
    pxDelayedTaskList                        0x20000038   Data           4  tasks.o(.data)
    pxOverflowDelayedTaskList                0x2000003c   Data           4  tasks.o(.data)
    uxDeletedTasksWaitingCleanUp             0x20000040   Data           4  tasks.o(.data)
    uxCurrentNumberOfTasks                   0x20000044   Data           4  tasks.o(.data)
    xTickCount                               0x20000048   Data           4  tasks.o(.data)
    uxTopReadyPriority                       0x2000004c   Data           4  tasks.o(.data)
    xSchedulerRunning                        0x20000050   Data           4  tasks.o(.data)
    uxPendedTicks                            0x20000054   Data           4  tasks.o(.data)
    xYieldPending                            0x20000058   Data           4  tasks.o(.data)
    xNumOfOverflows                          0x2000005c   Data           4  tasks.o(.data)
    uxTaskNumber                             0x20000060   Data           4  tasks.o(.data)
    xNextTaskUnblockTime                     0x20000064   Data           4  tasks.o(.data)
    xIdleTaskHandle                          0x20000068   Data           4  tasks.o(.data)
    uxSchedulerSuspended                     0x2000006c   Data           4  tasks.o(.data)
    .data                                    0x20000070   Section       24  heap_4.o(.data)
    pxEnd                                    0x20000070   Data           4  heap_4.o(.data)
    xFreeBytesRemaining                      0x20000074   Data           4  heap_4.o(.data)
    xMinimumEverFreeBytesRemaining           0x20000078   Data           4  heap_4.o(.data)
    xBlockAllocatedBit                       0x2000007c   Data           4  heap_4.o(.data)
    xStart                                   0x20000080   Data           8  heap_4.o(.data)
    .data                                    0x20000088   Section       12  port.o(.data)
    ucMaxSysCallPriority                     0x20000088   Data           1  port.o(.data)
    uxCriticalNesting                        0x2000008c   Data           4  port.o(.data)
    ulMaxPRIGROUPValue                       0x20000090   Data           4  port.o(.data)
    .data                                    0x20000094   Section       16  chassis_behaviour.o(.data)
    chassis_behaviour_mode                   0x20000094   Data           1  chassis_behaviour.o(.data)
    swing_flag                               0x20000095   Data           1  chassis_behaviour.o(.data)
    swing_time                               0x20000098   Data           4  chassis_behaviour.o(.data)
    swing_angle                              0x2000009c   Data           4  chassis_behaviour.o(.data)
    max_angle                                0x200000a0   Data           4  chassis_behaviour.o(.data)
    .data                                    0x200000a4   Section      100  bsp_can.o(.data)
    .data                                    0x20000108   Section       12  dji_remote.o(.data)
    .data                                    0x20000114   Section       96  bsp_imu.o(.data)
    tx                                       0x20000114   Data           1  bsp_imu.o(.data)
    rx                                       0x20000115   Data           1  bsp_imu.o(.data)
    gx                                       0x20000134   Data           4  bsp_imu.o(.data)
    gy                                       0x20000138   Data           4  bsp_imu.o(.data)
    gz                                       0x2000013c   Data           4  bsp_imu.o(.data)
    ax                                       0x20000140   Data           4  bsp_imu.o(.data)
    ay                                       0x20000144   Data           4  bsp_imu.o(.data)
    az                                       0x20000148   Data           4  bsp_imu.o(.data)
    mx                                       0x2000014c   Data           4  bsp_imu.o(.data)
    my                                       0x20000150   Data           4  bsp_imu.o(.data)
    mz                                       0x20000154   Data           4  bsp_imu.o(.data)
    tx_buff                                  0x20000166   Data          14  bsp_imu.o(.data)
    .data                                    0x20000174   Section        4  stdout.o(.data)
    .bss                                     0x20000178   Section       40  can.o(.bss)
    .bss                                     0x200001a0   Section      596  freertos.o(.bss)
    xIdleTaskTCBBuffer                       0x200001a0   Data          84  freertos.o(.bss)
    xIdleStack                               0x200001f4   Data         512  freertos.o(.bss)
    .bss                                     0x200003f4   Section      176  spi.o(.bss)
    .bss                                     0x200004a4   Section       64  tim.o(.bss)
    .bss                                     0x200004e4   Section      224  usart.o(.bss)
    .bss                                     0x200005c4   Section      240  tasks.o(.bss)
    pxReadyTasksLists                        0x200005c4   Data         140  tasks.o(.bss)
    xDelayedTaskList1                        0x20000650   Data          20  tasks.o(.bss)
    xDelayedTaskList2                        0x20000664   Data          20  tasks.o(.bss)
    xPendingReadyList                        0x20000678   Data          20  tasks.o(.bss)
    xTasksWaitingTermination                 0x2000068c   Data          20  tasks.o(.bss)
    xSuspendedTaskList                       0x200006a0   Data          20  tasks.o(.bss)
    .bss                                     0x200006b4   Section    15360  heap_4.o(.bss)
    ucHeap                                   0x200006b4   Data       15360  heap_4.o(.bss)
    .bss                                     0x200042b4   Section      364  chassis_task.o(.bss)
    .bss                                     0x20004420   Section      444  chassis_task.o(.bss)
    chassis_move                             0x20004420   Data         444  chassis_task.o(.bss)
    .bss                                     0x200045dc   Section      100  dji_remote.o(.bss)
    .bss                                     0x20004640   Section       20  dji_remote.o(.bss)
    .bss                                     0x20004654   Section     1024  oled.o(.bss)
    OLED_GRAM                                0x20004654   Data        1024  oled.o(.bss)
    .bss                                     0x20004a54   Section       98  bsp_imu.o(.bss)
    STACK                                    0x20004ab8   Section     1024  startup_stm32f427xx.o(STACK)

    Global Symbols

    Symbol Name                              Value     Ov Type        Size  Object(Section)

    BuildAttributes$$THM_ISAv4$E$P$D$K$B$S$7EM$VFPi3$EXTD16$VFPS$VFMA$PE$A:L22UL41UL21$X:L11$S22US41US21$IEEE1$IW$USESV6$~STKCKD$USESV7$~SHL$OTIME$ROPI$IEEEX$EBA8$MICROLIB$REQ8$PRES8$EABIv2 0x00000000   Number         0  anon$$obj.o ABSOLUTE
    __ARM_use_no_argv                        0x00000000   Number         0  main.o ABSOLUTE
    __cpp_initialize__aeabi_                  - Undefined Weak Reference
    __cxa_finalize                            - Undefined Weak Reference
    _clock_init                               - Undefined Weak Reference
    _microlib_exit                            - Undefined Weak Reference
    __Vectors_Size                           0x000001ac   Number         0  startup_stm32f427xx.o ABSOLUTE
    __Vectors                                0x08000000   Data           4  startup_stm32f427xx.o(RESET)
    __Vectors_End                            0x080001ac   Data           0  startup_stm32f427xx.o(RESET)
    __main                                   0x080001ad   Thumb Code     0  entry.o(.ARM.Collect$$$$00000000)
    _main_stk                                0x080001ad   Thumb Code     0  entry2.o(.ARM.Collect$$$$00000001)
    _main_scatterload                        0x080001b1   Thumb Code     0  entry5.o(.ARM.Collect$$$$00000004)
    __main_after_scatterload                 0x080001b5   Thumb Code     0  entry5.o(.ARM.Collect$$$$00000004)
    _main_clock                              0x080001b5   Thumb Code     0  entry7b.o(.ARM.Collect$$$$00000008)
    _main_cpp_init                           0x080001b5   Thumb Code     0  entry8b.o(.ARM.Collect$$$$0000000A)
    _main_init                               0x080001b5   Thumb Code     0  entry9a.o(.ARM.Collect$$$$0000000B)
    __rt_final_cpp                           0x080001bd   Thumb Code     0  entry10a.o(.ARM.Collect$$$$0000000D)
    __rt_final_exit                          0x080001bd   Thumb Code     0  entry11a.o(.ARM.Collect$$$$0000000F)
    SVC_Handler                              0x080001c1   Thumb Code    28  port.o(.emb_text)
    __asm___6_port_c_39a90d8d__prvStartFirstTask 0x080001e1   Thumb Code    36  port.o(.emb_text)
    __asm___6_port_c_39a90d8d__prvEnableVFP  0x08000209   Thumb Code    16  port.o(.emb_text)
    PendSV_Handler                           0x0800021d   Thumb Code    88  port.o(.emb_text)
    vPortGetIPSR                             0x08000279   Thumb Code     6  port.o(.emb_text)
    Reset_Handler                            0x08000281   Thumb Code     8  startup_stm32f427xx.o(.text)
    ADC_IRQHandler                           0x0800029b   Thumb Code     0  startup_stm32f427xx.o(.text)
    CAN1_RX1_IRQHandler                      0x0800029b   Thumb Code     0  startup_stm32f427xx.o(.text)
    CAN1_SCE_IRQHandler                      0x0800029b   Thumb Code     0  startup_stm32f427xx.o(.text)
    CAN2_RX0_IRQHandler                      0x0800029b   Thumb Code     0  startup_stm32f427xx.o(.text)
    CAN2_RX1_IRQHandler                      0x0800029b   Thumb Code     0  startup_stm32f427xx.o(.text)
    CAN2_SCE_IRQHandler                      0x0800029b   Thumb Code     0  startup_stm32f427xx.o(.text)
    CAN2_TX_IRQHandler                       0x0800029b   Thumb Code     0  startup_stm32f427xx.o(.text)
    DCMI_IRQHandler                          0x0800029b   Thumb Code     0  startup_stm32f427xx.o(.text)
    DMA1_Stream0_IRQHandler                  0x0800029b   Thumb Code     0  startup_stm32f427xx.o(.text)
    DMA1_Stream1_IRQHandler                  0x0800029b   Thumb Code     0  startup_stm32f427xx.o(.text)
    DMA1_Stream2_IRQHandler                  0x0800029b   Thumb Code     0  startup_stm32f427xx.o(.text)
    DMA1_Stream3_IRQHandler                  0x0800029b   Thumb Code     0  startup_stm32f427xx.o(.text)
    DMA1_Stream4_IRQHandler                  0x0800029b   Thumb Code     0  startup_stm32f427xx.o(.text)
    DMA1_Stream5_IRQHandler                  0x0800029b   Thumb Code     0  startup_stm32f427xx.o(.text)
    DMA1_Stream6_IRQHandler                  0x0800029b   Thumb Code     0  startup_stm32f427xx.o(.text)
    DMA1_Stream7_IRQHandler                  0x0800029b   Thumb Code     0  startup_stm32f427xx.o(.text)
    DMA2D_IRQHandler                         0x0800029b   Thumb Code     0  startup_stm32f427xx.o(.text)
    DMA2_Stream0_IRQHandler                  0x0800029b   Thumb Code     0  startup_stm32f427xx.o(.text)
    DMA2_Stream1_IRQHandler                  0x0800029b   Thumb Code     0  startup_stm32f427xx.o(.text)
    DMA2_Stream3_IRQHandler                  0x0800029b   Thumb Code     0  startup_stm32f427xx.o(.text)
    DMA2_Stream4_IRQHandler                  0x0800029b   Thumb Code     0  startup_stm32f427xx.o(.text)
    DMA2_Stream5_IRQHandler                  0x0800029b   Thumb Code     0  startup_stm32f427xx.o(.text)
    DMA2_Stream6_IRQHandler                  0x0800029b   Thumb Code     0  startup_stm32f427xx.o(.text)
    DMA2_Stream7_IRQHandler                  0x0800029b   Thumb Code     0  startup_stm32f427xx.o(.text)
    ETH_IRQHandler                           0x0800029b   Thumb Code     0  startup_stm32f427xx.o(.text)
    ETH_WKUP_IRQHandler                      0x0800029b   Thumb Code     0  startup_stm32f427xx.o(.text)
    EXTI0_IRQHandler                         0x0800029b   Thumb Code     0  startup_stm32f427xx.o(.text)
    EXTI15_10_IRQHandler                     0x0800029b   Thumb Code     0  startup_stm32f427xx.o(.text)
    EXTI1_IRQHandler                         0x0800029b   Thumb Code     0  startup_stm32f427xx.o(.text)
    EXTI2_IRQHandler                         0x0800029b   Thumb Code     0  startup_stm32f427xx.o(.text)
    EXTI3_IRQHandler                         0x0800029b   Thumb Code     0  startup_stm32f427xx.o(.text)
    EXTI4_IRQHandler                         0x0800029b   Thumb Code     0  startup_stm32f427xx.o(.text)
    EXTI9_5_IRQHandler                       0x0800029b   Thumb Code     0  startup_stm32f427xx.o(.text)
    FLASH_IRQHandler                         0x0800029b   Thumb Code     0  startup_stm32f427xx.o(.text)
    FMC_IRQHandler                           0x0800029b   Thumb Code     0  startup_stm32f427xx.o(.text)
    FPU_IRQHandler                           0x0800029b   Thumb Code     0  startup_stm32f427xx.o(.text)
    HASH_RNG_IRQHandler                      0x0800029b   Thumb Code     0  startup_stm32f427xx.o(.text)
    I2C1_ER_IRQHandler                       0x0800029b   Thumb Code     0  startup_stm32f427xx.o(.text)
    I2C1_EV_IRQHandler                       0x0800029b   Thumb Code     0  startup_stm32f427xx.o(.text)
    I2C2_ER_IRQHandler                       0x0800029b   Thumb Code     0  startup_stm32f427xx.o(.text)
    I2C2_EV_IRQHandler                       0x0800029b   Thumb Code     0  startup_stm32f427xx.o(.text)
    I2C3_ER_IRQHandler                       0x0800029b   Thumb Code     0  startup_stm32f427xx.o(.text)
    I2C3_EV_IRQHandler                       0x0800029b   Thumb Code     0  startup_stm32f427xx.o(.text)
    OTG_FS_IRQHandler                        0x0800029b   Thumb Code     0  startup_stm32f427xx.o(.text)
    OTG_FS_WKUP_IRQHandler                   0x0800029b   Thumb Code     0  startup_stm32f427xx.o(.text)
    OTG_HS_EP1_IN_IRQHandler                 0x0800029b   Thumb Code     0  startup_stm32f427xx.o(.text)
    OTG_HS_EP1_OUT_IRQHandler                0x0800029b   Thumb Code     0  startup_stm32f427xx.o(.text)
    OTG_HS_IRQHandler                        0x0800029b   Thumb Code     0  startup_stm32f427xx.o(.text)
    OTG_HS_WKUP_IRQHandler                   0x0800029b   Thumb Code     0  startup_stm32f427xx.o(.text)
    PVD_IRQHandler                           0x0800029b   Thumb Code     0  startup_stm32f427xx.o(.text)
    RCC_IRQHandler                           0x0800029b   Thumb Code     0  startup_stm32f427xx.o(.text)
    RTC_Alarm_IRQHandler                     0x0800029b   Thumb Code     0  startup_stm32f427xx.o(.text)
    RTC_WKUP_IRQHandler                      0x0800029b   Thumb Code     0  startup_stm32f427xx.o(.text)
    SAI1_IRQHandler                          0x0800029b   Thumb Code     0  startup_stm32f427xx.o(.text)
    SDIO_IRQHandler                          0x0800029b   Thumb Code     0  startup_stm32f427xx.o(.text)
    SPI1_IRQHandler                          0x0800029b   Thumb Code     0  startup_stm32f427xx.o(.text)
    SPI2_IRQHandler                          0x0800029b   Thumb Code     0  startup_stm32f427xx.o(.text)
    SPI3_IRQHandler                          0x0800029b   Thumb Code     0  startup_stm32f427xx.o(.text)
    SPI4_IRQHandler                          0x0800029b   Thumb Code     0  startup_stm32f427xx.o(.text)
    SPI5_IRQHandler                          0x0800029b   Thumb Code     0  startup_stm32f427xx.o(.text)
    SPI6_IRQHandler                          0x0800029b   Thumb Code     0  startup_stm32f427xx.o(.text)
    TAMP_STAMP_IRQHandler                    0x0800029b   Thumb Code     0  startup_stm32f427xx.o(.text)
    TIM1_BRK_TIM9_IRQHandler                 0x0800029b   Thumb Code     0  startup_stm32f427xx.o(.text)
    TIM1_CC_IRQHandler                       0x0800029b   Thumb Code     0  startup_stm32f427xx.o(.text)
    TIM1_TRG_COM_TIM11_IRQHandler            0x0800029b   Thumb Code     0  startup_stm32f427xx.o(.text)
    TIM1_UP_TIM10_IRQHandler                 0x0800029b   Thumb Code     0  startup_stm32f427xx.o(.text)
    TIM2_IRQHandler                          0x0800029b   Thumb Code     0  startup_stm32f427xx.o(.text)
    TIM3_IRQHandler                          0x0800029b   Thumb Code     0  startup_stm32f427xx.o(.text)
    TIM4_IRQHandler                          0x0800029b   Thumb Code     0  startup_stm32f427xx.o(.text)
    TIM5_IRQHandler                          0x0800029b   Thumb Code     0  startup_stm32f427xx.o(.text)
    TIM6_DAC_IRQHandler                      0x0800029b   Thumb Code     0  startup_stm32f427xx.o(.text)
    TIM7_IRQHandler                          0x0800029b   Thumb Code     0  startup_stm32f427xx.o(.text)
    TIM8_BRK_TIM12_IRQHandler                0x0800029b   Thumb Code     0  startup_stm32f427xx.o(.text)
    TIM8_CC_IRQHandler                       0x0800029b   Thumb Code     0  startup_stm32f427xx.o(.text)
    TIM8_TRG_COM_TIM14_IRQHandler            0x0800029b   Thumb Code     0  startup_stm32f427xx.o(.text)
    TIM8_UP_TIM13_IRQHandler                 0x0800029b   Thumb Code     0  startup_stm32f427xx.o(.text)
    UART4_IRQHandler                         0x0800029b   Thumb Code     0  startup_stm32f427xx.o(.text)
    UART5_IRQHandler                         0x0800029b   Thumb Code     0  startup_stm32f427xx.o(.text)
    UART7_IRQHandler                         0x0800029b   Thumb Code     0  startup_stm32f427xx.o(.text)
    UART8_IRQHandler                         0x0800029b   Thumb Code     0  startup_stm32f427xx.o(.text)
    USART2_IRQHandler                        0x0800029b   Thumb Code     0  startup_stm32f427xx.o(.text)
    USART3_IRQHandler                        0x0800029b   Thumb Code     0  startup_stm32f427xx.o(.text)
    USART6_IRQHandler                        0x0800029b   Thumb Code     0  startup_stm32f427xx.o(.text)
    WWDG_IRQHandler                          0x0800029b   Thumb Code     0  startup_stm32f427xx.o(.text)
    arm_sin_f32                              0x080002a5   Thumb Code   130  arm_sin_f32.o(.text)
    __aeabi_uldivmod                         0x08000339   Thumb Code    98  uldiv.o(.text)
    __aeabi_memcpy                           0x0800039b   Thumb Code    36  memcpya.o(.text)
    __aeabi_memcpy4                          0x0800039b   Thumb Code     0  memcpya.o(.text)
    __aeabi_memcpy8                          0x0800039b   Thumb Code     0  memcpya.o(.text)
    __aeabi_memset                           0x080003bf   Thumb Code    14  memseta.o(.text)
    __aeabi_memset4                          0x080003bf   Thumb Code     0  memseta.o(.text)
    __aeabi_memset8                          0x080003bf   Thumb Code     0  memseta.o(.text)
    __aeabi_memclr                           0x080003cd   Thumb Code     4  memseta.o(.text)
    __aeabi_memclr4                          0x080003cd   Thumb Code     0  memseta.o(.text)
    __aeabi_memclr8                          0x080003cd   Thumb Code     0  memseta.o(.text)
    memset                                   0x080003d1   Thumb Code    18  memseta.o(.text)
    __aeabi_dmul                             0x080003e3   Thumb Code   228  dmul.o(.text)
    __aeabi_i2d                              0x080004c7   Thumb Code    34  dflti.o(.text)
    __aeabi_cdrcmple                         0x080004e9   Thumb Code    48  cdrcmple.o(.text)
    __aeabi_uidiv                            0x08000519   Thumb Code     0  uidiv.o(.text)
    __aeabi_uidivmod                         0x08000519   Thumb Code    44  uidiv.o(.text)
    __aeabi_llsl                             0x08000545   Thumb Code    30  llshl.o(.text)
    _ll_shift_l                              0x08000545   Thumb Code     0  llshl.o(.text)
    __aeabi_llsr                             0x08000563   Thumb Code    32  llushr.o(.text)
    _ll_ushift_r                             0x08000563   Thumb Code     0  llushr.o(.text)
    __I$use$fp                               0x08000583   Thumb Code     0  iusefp.o(.text)
    _double_round                            0x08000583   Thumb Code    30  depilogue.o(.text)
    _double_epilogue                         0x080005a1   Thumb Code   156  depilogue.o(.text)
    __aeabi_dadd                             0x0800063d   Thumb Code   322  dadd.o(.text)
    __aeabi_dsub                             0x0800077f   Thumb Code     6  dadd.o(.text)
    __aeabi_drsub                            0x08000785   Thumb Code     6  dadd.o(.text)
    __aeabi_ddiv                             0x0800078b   Thumb Code   222  ddiv.o(.text)
    __aeabi_d2ulz                            0x08000869   Thumb Code    48  dfixul.o(.text)
    __scatterload                            0x08000899   Thumb Code    28  init.o(.text)
    __scatterload_rt2                        0x08000899   Thumb Code     0  init.o(.text)
    __aeabi_lasr                             0x080008bd   Thumb Code    36  llsshr.o(.text)
    _ll_sshift_r                             0x080008bd   Thumb Code     0  llsshr.o(.text)
    __decompress                             0x080008e1   Thumb Code     0  __dczerorl.o(.text)
    __decompress0                            0x080008e1   Thumb Code    58  __dczerorl.o(.text)
    BusFault_Handler                         0x0800091b   Thumb Code     2  stm32f4xx_it.o(i.BusFault_Handler)
    CAN1_RX0_IRQHandler                      0x0800091d   Thumb Code     6  stm32f4xx_it.o(i.CAN1_RX0_IRQHandler)
    CAN1_TX_IRQHandler                       0x08000929   Thumb Code     6  stm32f4xx_it.o(i.CAN1_TX_IRQHandler)
    Callback_RC_Handle                       0x08000935   Thumb Code   144  dji_remote.o(i.Callback_RC_Handle)
    Chassis_Task                             0x08000ac9   Thumb Code   148  chassis_task.o(i.Chassis_Task)
    DMA2_Stream2_IRQHandler                  0x08000b69   Thumb Code     6  stm32f4xx_it.o(i.DMA2_Stream2_IRQHandler)
    DebugMon_Handler                         0x08000c19   Thumb Code     2  stm32f4xx_it.o(i.DebugMon_Handler)
    Error_Handler                            0x08000c1b   Thumb Code     2  main.o(i.Error_Handler)
    Gimbal_Task                              0x08000c1d   Thumb Code     8  gimbal_task.o(i.Gimbal_Task)
    HAL_CAN_ActivateNotification             0x08000c25   Thumb Code    36  stm32f4xx_hal_can.o(i.HAL_CAN_ActivateNotification)
    HAL_CAN_AddTxMessage                     0x08000c49   Thumb Code   200  stm32f4xx_hal_can.o(i.HAL_CAN_AddTxMessage)
    HAL_CAN_ConfigFilter                     0x08000d11   Thumb Code   262  stm32f4xx_hal_can.o(i.HAL_CAN_ConfigFilter)
    HAL_CAN_ErrorCallback                    0x08000e1d   Thumb Code     2  stm32f4xx_hal_can.o(i.HAL_CAN_ErrorCallback)
    HAL_CAN_GetRxMessage                     0x08000e1f   Thumb Code   232  stm32f4xx_hal_can.o(i.HAL_CAN_GetRxMessage)
    HAL_CAN_IRQHandler                       0x08000f07   Thumb Code   508  stm32f4xx_hal_can.o(i.HAL_CAN_IRQHandler)
    HAL_CAN_Init                             0x08001103   Thumb Code   282  stm32f4xx_hal_can.o(i.HAL_CAN_Init)
    HAL_CAN_MspInit                          0x0800121d   Thumb Code   122  can.o(i.HAL_CAN_MspInit)
    HAL_CAN_RxFifo0FullCallback              0x080012a5   Thumb Code     2  stm32f4xx_hal_can.o(i.HAL_CAN_RxFifo0FullCallback)
    HAL_CAN_RxFifo0MsgPendingCallback        0x080012a9   Thumb Code    98  bsp_can.o(i.HAL_CAN_RxFifo0MsgPendingCallback)
    HAL_CAN_RxFifo1FullCallback              0x08001315   Thumb Code     2  stm32f4xx_hal_can.o(i.HAL_CAN_RxFifo1FullCallback)
    HAL_CAN_RxFifo1MsgPendingCallback        0x08001317   Thumb Code     2  stm32f4xx_hal_can.o(i.HAL_CAN_RxFifo1MsgPendingCallback)
    HAL_CAN_SleepCallback                    0x08001319   Thumb Code     2  stm32f4xx_hal_can.o(i.HAL_CAN_SleepCallback)
    HAL_CAN_Start                            0x0800131d   Thumb Code    88  stm32f4xx_hal_can.o(i.HAL_CAN_Start)
    HAL_CAN_TxMailbox0AbortCallback          0x08001375   Thumb Code     2  stm32f4xx_hal_can.o(i.HAL_CAN_TxMailbox0AbortCallback)
    HAL_CAN_TxMailbox0CompleteCallback       0x08001377   Thumb Code     2  stm32f4xx_hal_can.o(i.HAL_CAN_TxMailbox0CompleteCallback)
    HAL_CAN_TxMailbox1AbortCallback          0x08001379   Thumb Code     2  stm32f4xx_hal_can.o(i.HAL_CAN_TxMailbox1AbortCallback)
    HAL_CAN_TxMailbox1CompleteCallback       0x0800137b   Thumb Code     2  stm32f4xx_hal_can.o(i.HAL_CAN_TxMailbox1CompleteCallback)
    HAL_CAN_TxMailbox2AbortCallback          0x0800137d   Thumb Code     2  stm32f4xx_hal_can.o(i.HAL_CAN_TxMailbox2AbortCallback)
    HAL_CAN_TxMailbox2CompleteCallback       0x0800137f   Thumb Code     2  stm32f4xx_hal_can.o(i.HAL_CAN_TxMailbox2CompleteCallback)
    HAL_CAN_WakeUpFromRxMsgCallback          0x08001381   Thumb Code     2  stm32f4xx_hal_can.o(i.HAL_CAN_WakeUpFromRxMsgCallback)
    HAL_DMA_IRQHandler                       0x08001385   Thumb Code   412  stm32f4xx_hal_dma.o(i.HAL_DMA_IRQHandler)
    HAL_DMA_Init                             0x08001525   Thumb Code   206  stm32f4xx_hal_dma.o(i.HAL_DMA_Init)
    HAL_DMA_Start                            0x080015f9   Thumb Code    70  stm32f4xx_hal_dma.o(i.HAL_DMA_Start)
    HAL_Delay                                0x08001641   Thumb Code    32  stm32f4xx_hal.o(i.HAL_Delay)
    HAL_GPIO_Init                            0x08001665   Thumb Code   408  stm32f4xx_hal_gpio.o(i.HAL_GPIO_Init)
    HAL_GPIO_WritePin                        0x08001831   Thumb Code    10  stm32f4xx_hal_gpio.o(i.HAL_GPIO_WritePin)
    HAL_GetTick                              0x0800183d   Thumb Code     6  stm32f4xx_hal.o(i.HAL_GetTick)
    HAL_IncTick                              0x08001849   Thumb Code    12  stm32f4xx_hal.o(i.HAL_IncTick)
    HAL_Init                                 0x08001859   Thumb Code    48  stm32f4xx_hal.o(i.HAL_Init)
    HAL_InitTick                             0x0800188d   Thumb Code    54  stm32f4xx_hal.o(i.HAL_InitTick)
    HAL_MspInit                              0x080018cd   Thumb Code    52  stm32f4xx_hal_msp.o(i.HAL_MspInit)
    HAL_NVIC_EnableIRQ                       0x08001905   Thumb Code    26  stm32f4xx_hal_cortex.o(i.HAL_NVIC_EnableIRQ)
    HAL_NVIC_SetPriority                     0x08001921   Thumb Code    60  stm32f4xx_hal_cortex.o(i.HAL_NVIC_SetPriority)
    HAL_NVIC_SetPriorityGrouping             0x08001961   Thumb Code    26  stm32f4xx_hal_cortex.o(i.HAL_NVIC_SetPriorityGrouping)
    HAL_RCC_ClockConfig                      0x08001985   Thumb Code   286  stm32f4xx_hal_rcc.o(i.HAL_RCC_ClockConfig)
    HAL_RCC_GetPCLK1Freq                     0x08001ab5   Thumb Code    20  stm32f4xx_hal_rcc.o(i.HAL_RCC_GetPCLK1Freq)
    HAL_RCC_GetPCLK2Freq                     0x08001ad5   Thumb Code    20  stm32f4xx_hal_rcc.o(i.HAL_RCC_GetPCLK2Freq)
    HAL_RCC_GetSysClockFreq                  0x08001af5   Thumb Code    88  stm32f4xx_hal_rcc.o(i.HAL_RCC_GetSysClockFreq)
    HAL_RCC_OscConfig                        0x08001b59   Thumb Code   770  stm32f4xx_hal_rcc.o(i.HAL_RCC_OscConfig)
    HAL_SPI_Init                             0x08001e75   Thumb Code   128  stm32f4xx_hal_spi.o(i.HAL_SPI_Init)
    HAL_SPI_MspInit                          0x08001ef5   Thumb Code   180  spi.o(i.HAL_SPI_MspInit)
    HAL_SPI_Transmit                         0x08001fc1   Thumb Code   348  stm32f4xx_hal_spi.o(i.HAL_SPI_Transmit)
    HAL_SPI_TransmitReceive                  0x0800211d   Thumb Code   482  stm32f4xx_hal_spi.o(i.HAL_SPI_TransmitReceive)
    HAL_SYSTICK_Config                       0x080022ff   Thumb Code    40  stm32f4xx_hal_cortex.o(i.HAL_SYSTICK_Config)
    HAL_TIMEx_MasterConfigSynchronization    0x08002327   Thumb Code    66  stm32f4xx_hal_tim_ex.o(i.HAL_TIMEx_MasterConfigSynchronization)
    HAL_TIM_MspPostInit                      0x08002369   Thumb Code    70  tim.o(i.HAL_TIM_MspPostInit)
    HAL_TIM_PWM_ConfigChannel                0x080023bd   Thumb Code   208  stm32f4xx_hal_tim.o(i.HAL_TIM_PWM_ConfigChannel)
    HAL_TIM_PWM_Init                         0x0800248d   Thumb Code    54  stm32f4xx_hal_tim.o(i.HAL_TIM_PWM_Init)
    HAL_TIM_PWM_MspInit                      0x080024c5   Thumb Code    30  tim.o(i.HAL_TIM_PWM_MspInit)
    HAL_UART_IDLE_IRQHandler                 0x080024ed   Thumb Code   210  dji_remote.o(i.HAL_UART_IDLE_IRQHandler)
    HAL_UART_Init                            0x080025cd   Thumb Code    98  stm32f4xx_hal_uart.o(i.HAL_UART_Init)
    HAL_UART_MspInit                         0x08002631   Thumb Code   214  usart.o(i.HAL_UART_MspInit)
    HAL_UART_Receive_IT_IDLE                 0x08002725   Thumb Code    18  dji_remote.o(i.HAL_UART_Receive_IT_IDLE)
    HAL_UART_Transmit                        0x08002737   Thumb Code   186  stm32f4xx_hal_uart.o(i.HAL_UART_Transmit)
    HardFault_Handler                        0x080027f1   Thumb Code     2  stm32f4xx_it.o(i.HardFault_Handler)
    Initial_Task                             0x080027f5   Thumb Code   126  initial_task.o(i.Initial_Task)
    MPU6500_INITIAL                          0x080028a1   Thumb Code    14  bsp_imu.o(i.MPU6500_INITIAL)
    MX_CAN1_Init                             0x080028b1   Thumb Code    60  can.o(i.MX_CAN1_Init)
    MX_DMA_Init                              0x080028f5   Thumb Code    40  dma.o(i.MX_DMA_Init)
    MX_FREERTOS_Init                         0x08002921   Thumb Code    36  freertos.o(i.MX_FREERTOS_Init)
    MX_GPIO_Init                             0x08002965   Thumb Code   246  gpio.o(i.MX_GPIO_Init)
    MX_SPI1_Init                             0x08002a6d   Thumb Code    66  spi.o(i.MX_SPI1_Init)
    MX_SPI5_Init                             0x08002ab9   Thumb Code    62  spi.o(i.MX_SPI5_Init)
    MX_TIM3_Init                             0x08002b01   Thumb Code   104  tim.o(i.MX_TIM3_Init)
    MX_USART1_UART_Init                      0x08002b71   Thumb Code    46  usart.o(i.MX_USART1_UART_Init)
    MX_USART6_UART_Init                      0x08002bad   Thumb Code    48  usart.o(i.MX_USART6_UART_Init)
    MemManage_Handler                        0x08002be5   Thumb Code     2  stm32f4xx_it.o(i.MemManage_Handler)
    NMI_Handler                              0x08002be7   Thumb Code     2  stm32f4xx_it.o(i.NMI_Handler)
    Out_Control                              0x08002be9   Thumb Code     8  freertos.o(i.Out_Control)
    Protect_Task                             0x08002bf1   Thumb Code    88  freertos.o(i.Protect_Task)
    Revolver_Task                            0x08002c51   Thumb Code     8  revolver_task.o(i.Revolver_Task)
    StartTask                                0x08002d45   Thumb Code   178  freertos.o(i.StartTask)
    SysTick_Handler                          0x08002e01   Thumb Code    24  stm32f4xx_it.o(i.SysTick_Handler)
    SystemClock_Config                       0x08002e19   Thumb Code   124  main.o(i.SystemClock_Config)
    SystemInit                               0x08002e9d   Thumb Code    66  system_stm32f4xx.o(i.SystemInit)
    TIM_Base_SetConfig                       0x08002ef1   Thumb Code   156  stm32f4xx_hal_tim.o(i.TIM_Base_SetConfig)
    TIM_OC2_SetConfig                        0x08003019   Thumb Code    98  stm32f4xx_hal_tim.o(i.TIM_OC2_SetConfig)
    Task_10ms                                0x0800313d   Thumb Code     8  freertos.o(i.Task_10ms)
    UART_Receive_DMA_NoIT                    0x08003145   Thumb Code   120  dji_remote.o(i.UART_Receive_DMA_NoIT)
    USART1_IRQHandler                        0x080034cd   Thumb Code     6  stm32f4xx_it.o(i.USART1_IRQHandler)
    UsageFault_Handler                       0x080034d9   Thumb Code     2  stm32f4xx_it.o(i.UsageFault_Handler)
    __0printf                                0x080034dd   Thumb Code    22  printfa.o(i.__0printf)
    __1printf                                0x080034dd   Thumb Code     0  printfa.o(i.__0printf)
    __2printf                                0x080034dd   Thumb Code     0  printfa.o(i.__0printf)
    __c89printf                              0x080034dd   Thumb Code     0  printfa.o(i.__0printf)
    printf                                   0x080034dd   Thumb Code     0  printfa.o(i.__0printf)
    __hardfp_fabs                            0x0800351d   Thumb Code    20  fabs.o(i.__hardfp_fabs)
    __scatterload_copy                       0x08003531   Thumb Code    14  handlers.o(i.__scatterload_copy)
    __scatterload_null                       0x0800353f   Thumb Code     2  handlers.o(i.__scatterload_null)
    __scatterload_zeroinit                   0x08003541   Thumb Code    14  handlers.o(i.__scatterload_zeroinit)
    can_user_init                            0x08003e05   Thumb Code    54  bsp_can.o(i.can_user_init)
    chassis_behaviour_control_set            0x08003e41   Thumb Code   224  chassis_behaviour.o(i.chassis_behaviour_control_set)
    chassis_behaviour_mode_set               0x08003f39   Thumb Code    80  chassis_behaviour.o(i.chassis_behaviour_mode_set)
    chassis_rc_to_control_vector             0x0800423d   Thumb Code   220  chassis_task.o(i.chassis_rc_to_control_vector)
    first_order_filter_cali                  0x08004475   Thumb Code    78  user_lib.o(i.first_order_filter_cali)
    first_order_filter_init                  0x080044c3   Thumb Code    18  user_lib.o(i.first_order_filter_init)
    fp32_constrain                           0x080044d5   Thumb Code    32  user_lib.o(i.fp32_constrain)
    fputc                                    0x080044f5   Thumb Code    20  usart.o(i.fputc)
    get_Chassis_Motor_Measure_Point          0x0800450d   Thumb Code    16  bsp_can.o(i.get_Chassis_Motor_Measure_Point)
    get_remote_control_point                 0x08004521   Thumb Code     4  dji_remote.o(i.get_remote_control_point)
    init_quaternion                          0x08004529   Thumb Code   360  bsp_imu.o(i.init_quaternion)
    ist8310_init                             0x080046f5   Thumb Code   256  bsp_imu.o(i.ist8310_init)
    loop_fp32_constrain                      0x08004871   Thumb Code    72  user_lib.o(i.loop_fp32_constrain)
    main                                     0x080048b9   Thumb Code    66  main.o(i.main)
    mpu_device_init                          0x08004915   Thumb Code    90  bsp_imu.o(i.mpu_device_init)
    mpu_offset_call                          0x08004a09   Thumb Code   160  bsp_imu.o(i.mpu_offset_call)
    mpu_read_byte                            0x08004aad   Thumb Code    68  bsp_imu.o(i.mpu_read_byte)
    mpu_read_bytes                           0x08004afd   Thumb Code    80  bsp_imu.o(i.mpu_read_bytes)
    mpu_set_accel_fsr                        0x08004b59   Thumb Code    10  bsp_imu.o(i.mpu_set_accel_fsr)
    mpu_set_gyro_fsr                         0x08004b63   Thumb Code    10  bsp_imu.o(i.mpu_set_gyro_fsr)
    mpu_write_byte                           0x08004b6d   Thumb Code    72  bsp_imu.o(i.mpu_write_byte)
    oled_LOGO                                0x08004bc1   Thumb Code    94  oled.o(i.oled_LOGO)
    oled_clear                               0x08004c25   Thumb Code    60  oled.o(i.oled_clear)
    oled_drawpoint                           0x08004c65   Thumb Code    66  oled.o(i.oled_drawpoint)
    oled_init                                0x08004cad   Thumb Code   286  oled.o(i.oled_init)
    oled_refresh_gram                        0x08004dd1   Thumb Code    46  oled.o(i.oled_refresh_gram)
    oled_showchar                            0x08004e31   Thumb Code   116  oled.o(i.oled_showchar)
    oled_shownum                             0x08004ea9   Thumb Code   114  oled.o(i.oled_shownum)
    oled_write_byte                          0x08004f1d   Thumb Code    36  oled.o(i.oled_write_byte)
    osDelay                                  0x08004f49   Thumb Code    14  cmsis_os.o(i.osDelay)
    osDelayUntil                             0x08004f57   Thumb Code     4  cmsis_os.o(i.osDelayUntil)
    osKernelStart                            0x08004f5b   Thumb Code    10  cmsis_os.o(i.osKernelStart)
    osThreadCreate                           0x08004f65   Thumb Code    84  cmsis_os.o(i.osThreadCreate)
    pid_calc                                 0x08004fb9   Thumb Code   162  pid.o(i.pid_calc)
    pid_init                                 0x0800505b   Thumb Code     6  pid.o(i.pid_init)
    pvPortMalloc                             0x080053d9   Thumb Code   210  heap_4.o(i.pvPortMalloc)
    pxPortInitialiseStack                    0x080054b1   Thumb Code    40  port.o(i.pxPortInitialiseStack)
    set_motor_voltage                        0x080054dd   Thumb Code    78  bsp_can.o(i.set_motor_voltage)
    uxListRemove                             0x08005531   Thumb Code    38  list.o(i.uxListRemove)
    vApplicationGetIdleTaskMemory            0x08005559   Thumb Code    16  freertos.o(i.vApplicationGetIdleTaskMemory)
    vListInitialise                          0x0800556d   Thumb Code    22  list.o(i.vListInitialise)
    vListInitialiseItem                      0x08005583   Thumb Code     6  list.o(i.vListInitialiseItem)
    vListInsert                              0x08005589   Thumb Code    48  list.o(i.vListInsert)
    vListInsertEnd                           0x080055b9   Thumb Code    24  list.o(i.vListInsertEnd)
    vPortEnterCritical                       0x080055d1   Thumb Code    54  port.o(i.vPortEnterCritical)
    vPortExitCritical                        0x08005611   Thumb Code    34  port.o(i.vPortExitCritical)
    vPortFree                                0x08005639   Thumb Code    88  heap_4.o(i.vPortFree)
    vPortSetupTimerInterrupt                 0x08005695   Thumb Code    32  port.o(i.vPortSetupTimerInterrupt)
    vTaskDelay                               0x080056b9   Thumb Code    66  tasks.o(i.vTaskDelay)
    vTaskDelete                              0x08005705   Thumb Code   158  tasks.o(i.vTaskDelete)
    vTaskResume                              0x080057b1   Thumb Code   112  tasks.o(i.vTaskResume)
    vTaskStartScheduler                      0x0800582d   Thumb Code    90  tasks.o(i.vTaskStartScheduler)
    vTaskSuspend                             0x08005899   Thumb Code   174  tasks.o(i.vTaskSuspend)
    vTaskSuspendAll                          0x08005955   Thumb Code    10  tasks.o(i.vTaskSuspendAll)
    vTaskSwitchContext                       0x08005965   Thumb Code    82  tasks.o(i.vTaskSwitchContext)
    xPortStartScheduler                      0x080059c1   Thumb Code   222  port.o(i.xPortStartScheduler)
    xPortSysTickHandler                      0x08005ab5   Thumb Code    38  port.o(i.xPortSysTickHandler)
    xTaskCreate                              0x08005ae1   Thumb Code    90  tasks.o(i.xTaskCreate)
    xTaskCreateStatic                        0x08005b3b   Thumb Code    86  tasks.o(i.xTaskCreateStatic)
    xTaskGetSchedulerState                   0x08005b91   Thumb Code    22  tasks.o(i.xTaskGetSchedulerState)
    xTaskGetTickCount                        0x08005bad   Thumb Code     6  tasks.o(i.xTaskGetTickCount)
    xTaskIncrementTick                       0x08005bb9   Thumb Code   192  tasks.o(i.xTaskIncrementTick)
    xTaskResumeAll                           0x08005c81   Thumb Code   182  tasks.o(i.xTaskResumeAll)
    AHBPrescTable                            0x08005e2c   Data          16  system_stm32f4xx.o(.constdata)
    APBPrescTable                            0x08005e3c   Data           8  system_stm32f4xx.o(.constdata)
    asc2_1206                                0x08005e4c   Data        1140  oled.o(.constdata)
    LOGO_BMP                                 0x080062c0   Data        1024  oled.o(.constdata)
    sinTable_f32                             0x080066d4   Data        2052  arm_common_tables.o(.constdata)
    Region$$Table$$Base                      0x08006f50   Number         0  anon$$obj.o(Region$$Table)
    Region$$Table$$Limit                     0x08006f70   Number         0  anon$$obj.o(Region$$Table)
    vStart_TaskHandle                        0x20000004   Data           4  freertos.o(.data)
    vInitial_TaskHandle                      0x20000008   Data           4  freertos.o(.data)
    vChassis_TaskHandle                      0x2000000c   Data           4  freertos.o(.data)
    vGimbal_TaskHandle                       0x20000010   Data           4  freertos.o(.data)
    vProtect_TaskHandle                      0x20000014   Data           4  freertos.o(.data)
    vTask_10msHandle                         0x20000018   Data           4  freertos.o(.data)
    vOut_ControlHandle                       0x2000001c   Data           4  freertos.o(.data)
    vRevolver_TaskHandle                     0x20000020   Data           4  freertos.o(.data)
    uwTickFreq                               0x20000024   Data           1  stm32f4xx_hal.o(.data)
    uwTickPrio                               0x20000028   Data           4  stm32f4xx_hal.o(.data)
    uwTick                                   0x2000002c   Data           4  stm32f4xx_hal.o(.data)
    SystemCoreClock                          0x20000030   Data           4  system_stm32f4xx.o(.data)
    pxCurrentTCB                             0x20000034   Data           4  tasks.o(.data)
    can_cnt                                  0x200000a4   Data           2  bsp_can.o(.data)
    motor_info                               0x200000a6   Data          98  bsp_can.o(.data)
    Latest_Remote_Control_Pack_Time          0x20000108   Data           4  dji_remote.o(.data)
    LED_Flash_Timer_remote_control           0x2000010c   Data           4  dji_remote.o(.data)
    dbus_time                                0x20000110   Data           4  dji_remote.o(.data)
    id                                       0x20000116   Data           1  bsp_imu.o(.data)
    q0                                       0x20000118   Data           4  bsp_imu.o(.data)
    q1                                       0x2000011c   Data           4  bsp_imu.o(.data)
    q2                                       0x20000120   Data           4  bsp_imu.o(.data)
    q3                                       0x20000124   Data           4  bsp_imu.o(.data)
    exInt                                    0x20000128   Data           4  bsp_imu.o(.data)
    eyInt                                    0x2000012c   Data           4  bsp_imu.o(.data)
    ezInt                                    0x20000130   Data           4  bsp_imu.o(.data)
    last_update                              0x20000158   Data           4  bsp_imu.o(.data)
    now_update                               0x2000015c   Data           4  bsp_imu.o(.data)
    ist_buff                                 0x20000160   Data           6  bsp_imu.o(.data)
    __stdout                                 0x20000174   Data           4  stdout.o(.data)
    hcan1                                    0x20000178   Data          40  can.o(.bss)
    hspi1                                    0x200003f4   Data          88  spi.o(.bss)
    hspi5                                    0x2000044c   Data          88  spi.o(.bss)
    htim3                                    0x200004a4   Data          64  tim.o(.bss)
    huart1                                   0x200004e4   Data          64  usart.o(.bss)
    huart6                                   0x20000524   Data          64  usart.o(.bss)
    hdma_usart1_rx                           0x20000564   Data          96  usart.o(.bss)
    motor_pid                                0x200042b4   Data         364  chassis_task.o(.bss)
    UART_Buffer                              0x200045dc   Data         100  dji_remote.o(.bss)
    remote_control                           0x20004640   Data          20  dji_remote.o(.bss)
    imu                                      0x20004a54   Data          52  bsp_imu.o(.bss)
    mpu_buff                                 0x20004a88   Data          14  bsp_imu.o(.bss)
    mpu_data                                 0x20004a96   Data          32  bsp_imu.o(.bss)
    __initial_sp                             0x20004eb8   Data           0  startup_stm32f427xx.o(STACK)



==============================================================================

Memory Map of the image

  Image Entry point : 0x080001ad

  Load Region LR_IROM1 (Base: 0x08000000, Size: 0x000070e8, Max: 0x00200000, ABSOLUTE, COMPRESSED[0x00006f90])

    Execution Region ER_IROM1 (Exec base: 0x08000000, Load base: 0x08000000, Size: 0x00006f70, Max: 0x00200000, ABSOLUTE)

    Exec Addr    Load Addr    Size         Type   Attr      Idx    E Section Name        Object

    0x08000000   0x08000000   0x000001ac   Data   RO            3    RESET               startup_stm32f427xx.o
    0x080001ac   0x080001ac   0x00000000   Code   RO         5907  * .ARM.Collect$$$$00000000  mc_w.l(entry.o)
    0x080001ac   0x080001ac   0x00000004   Code   RO         6223    .ARM.Collect$$$$00000001  mc_w.l(entry2.o)
    0x080001b0   0x080001b0   0x00000004   Code   RO         6226    .ARM.Collect$$$$00000004  mc_w.l(entry5.o)
    0x080001b4   0x080001b4   0x00000000   Code   RO         6228    .ARM.Collect$$$$00000008  mc_w.l(entry7b.o)
    0x080001b4   0x080001b4   0x00000000   Code   RO         6230    .ARM.Collect$$$$0000000A  mc_w.l(entry8b.o)
    0x080001b4   0x080001b4   0x00000008   Code   RO         6231    .ARM.Collect$$$$0000000B  mc_w.l(entry9a.o)
    0x080001bc   0x080001bc   0x00000000   Code   RO         6233    .ARM.Collect$$$$0000000D  mc_w.l(entry10a.o)
    0x080001bc   0x080001bc   0x00000000   Code   RO         6235    .ARM.Collect$$$$0000000F  mc_w.l(entry11a.o)
    0x080001bc   0x080001bc   0x00000004   Code   RO         6224    .ARM.Collect$$$$00002712  mc_w.l(entry2.o)
    0x080001c0   0x080001c0   0x000000be   Code   RO         4925    .emb_text           port.o
    0x0800027e   0x0800027e   0x00000002   PAD
    0x08000280   0x08000280   0x00000024   Code   RO            4    .text               startup_stm32f427xx.o
    0x080002a4   0x080002a4   0x00000094   Code   RO         5734    .text               arm_cortexM4lf_math.lib(arm_sin_f32.o)
    0x08000338   0x08000338   0x00000062   Code   RO         5910    .text               mc_w.l(uldiv.o)
    0x0800039a   0x0800039a   0x00000024   Code   RO         5912    .text               mc_w.l(memcpya.o)
    0x080003be   0x080003be   0x00000024   Code   RO         5916    .text               mc_w.l(memseta.o)
    0x080003e2   0x080003e2   0x000000e4   Code   RO         6180    .text               mf_w.l(dmul.o)
    0x080004c6   0x080004c6   0x00000022   Code   RO         6182    .text               mf_w.l(dflti.o)
    0x080004e8   0x080004e8   0x00000030   Code   RO         6186    .text               mf_w.l(cdrcmple.o)
    0x08000518   0x08000518   0x0000002c   Code   RO         6238    .text               mc_w.l(uidiv.o)
    0x08000544   0x08000544   0x0000001e   Code   RO         6240    .text               mc_w.l(llshl.o)
    0x08000562   0x08000562   0x00000020   Code   RO         6242    .text               mc_w.l(llushr.o)
    0x08000582   0x08000582   0x00000000   Code   RO         6251    .text               mc_w.l(iusefp.o)
    0x08000582   0x08000582   0x000000ba   Code   RO         6254    .text               mf_w.l(depilogue.o)
    0x0800063c   0x0800063c   0x0000014e   Code   RO         6256    .text               mf_w.l(dadd.o)
    0x0800078a   0x0800078a   0x000000de   Code   RO         6258    .text               mf_w.l(ddiv.o)
    0x08000868   0x08000868   0x00000030   Code   RO         6264    .text               mf_w.l(dfixul.o)
    0x08000898   0x08000898   0x00000024   Code   RO         6268    .text               mc_w.l(init.o)
    0x080008bc   0x080008bc   0x00000024   Code   RO         6270    .text               mc_w.l(llsshr.o)
    0x080008e0   0x080008e0   0x0000003a   Code   RO         6280    .text               mc_w.l(__dczerorl.o)
    0x0800091a   0x0800091a   0x00000002   Code   RO          567    i.BusFault_Handler  stm32f4xx_it.o
    0x0800091c   0x0800091c   0x0000000c   Code   RO          568    i.CAN1_RX0_IRQHandler  stm32f4xx_it.o
    0x08000928   0x08000928   0x0000000c   Code   RO          569    i.CAN1_TX_IRQHandler  stm32f4xx_it.o
    0x08000934   0x08000934   0x00000094   Code   RO         5414    i.Callback_RC_Handle  dji_remote.o
    0x080009c8   0x080009c8   0x00000100   Code   RO         5062    i.Chassis_Init      chassis_task.o
    0x08000ac8   0x08000ac8   0x000000a0   Code   RO         5063    i.Chassis_Task      chassis_task.o
    0x08000b68   0x08000b68   0x0000000c   Code   RO          570    i.DMA2_Stream2_IRQHandler  stm32f4xx_it.o
    0x08000b74   0x08000b74   0x00000028   Code   RO         3000    i.DMA_CalcBaseAndBitshift  stm32f4xx_hal_dma.o
    0x08000b9c   0x08000b9c   0x00000054   Code   RO         3001    i.DMA_CheckFifoParam  stm32f4xx_hal_dma.o
    0x08000bf0   0x08000bf0   0x00000028   Code   RO         3002    i.DMA_SetConfig     stm32f4xx_hal_dma.o
    0x08000c18   0x08000c18   0x00000002   Code   RO          571    i.DebugMon_Handler  stm32f4xx_it.o
    0x08000c1a   0x08000c1a   0x00000002   Code   RO           13    i.Error_Handler     main.o
    0x08000c1c   0x08000c1c   0x00000008   Code   RO         5128    i.Gimbal_Task       gimbal_task.o
    0x08000c24   0x08000c24   0x00000024   Code   RO          680    i.HAL_CAN_ActivateNotification  stm32f4xx_hal_can.o
    0x08000c48   0x08000c48   0x000000c8   Code   RO          681    i.HAL_CAN_AddTxMessage  stm32f4xx_hal_can.o
    0x08000d10   0x08000d10   0x0000010c   Code   RO          682    i.HAL_CAN_ConfigFilter  stm32f4xx_hal_can.o
    0x08000e1c   0x08000e1c   0x00000002   Code   RO          685    i.HAL_CAN_ErrorCallback  stm32f4xx_hal_can.o
    0x08000e1e   0x08000e1e   0x000000e8   Code   RO          688    i.HAL_CAN_GetRxMessage  stm32f4xx_hal_can.o
    0x08000f06   0x08000f06   0x000001fc   Code   RO          692    i.HAL_CAN_IRQHandler  stm32f4xx_hal_can.o
    0x08001102   0x08001102   0x0000011a   Code   RO          693    i.HAL_CAN_Init      stm32f4xx_hal_can.o
    0x0800121c   0x0800121c   0x00000088   Code   RO          261    i.HAL_CAN_MspInit   can.o
    0x080012a4   0x080012a4   0x00000002   Code   RO          700    i.HAL_CAN_RxFifo0FullCallback  stm32f4xx_hal_can.o
    0x080012a6   0x080012a6   0x00000002   PAD
    0x080012a8   0x080012a8   0x0000006c   Code   RO         5336    i.HAL_CAN_RxFifo0MsgPendingCallback  bsp_can.o
    0x08001314   0x08001314   0x00000002   Code   RO          702    i.HAL_CAN_RxFifo1FullCallback  stm32f4xx_hal_can.o
    0x08001316   0x08001316   0x00000002   Code   RO          703    i.HAL_CAN_RxFifo1MsgPendingCallback  stm32f4xx_hal_can.o
    0x08001318   0x08001318   0x00000002   Code   RO          704    i.HAL_CAN_SleepCallback  stm32f4xx_hal_can.o
    0x0800131a   0x0800131a   0x00000002   PAD
    0x0800131c   0x0800131c   0x00000058   Code   RO          705    i.HAL_CAN_Start     stm32f4xx_hal_can.o
    0x08001374   0x08001374   0x00000002   Code   RO          707    i.HAL_CAN_TxMailbox0AbortCallback  stm32f4xx_hal_can.o
    0x08001376   0x08001376   0x00000002   Code   RO          708    i.HAL_CAN_TxMailbox0CompleteCallback  stm32f4xx_hal_can.o
    0x08001378   0x08001378   0x00000002   Code   RO          709    i.HAL_CAN_TxMailbox1AbortCallback  stm32f4xx_hal_can.o
    0x0800137a   0x0800137a   0x00000002   Code   RO          710    i.HAL_CAN_TxMailbox1CompleteCallback  stm32f4xx_hal_can.o
    0x0800137c   0x0800137c   0x00000002   Code   RO          711    i.HAL_CAN_TxMailbox2AbortCallback  stm32f4xx_hal_can.o
    0x0800137e   0x0800137e   0x00000002   Code   RO          712    i.HAL_CAN_TxMailbox2CompleteCallback  stm32f4xx_hal_can.o
    0x08001380   0x08001380   0x00000002   Code   RO          714    i.HAL_CAN_WakeUpFromRxMsgCallback  stm32f4xx_hal_can.o
    0x08001382   0x08001382   0x00000002   PAD
    0x08001384   0x08001384   0x000001a0   Code   RO         3008    i.HAL_DMA_IRQHandler  stm32f4xx_hal_dma.o
    0x08001524   0x08001524   0x000000d4   Code   RO         3009    i.HAL_DMA_Init      stm32f4xx_hal_dma.o
    0x080015f8   0x080015f8   0x00000046   Code   RO         3012    i.HAL_DMA_Start     stm32f4xx_hal_dma.o
    0x0800163e   0x0800163e   0x00000002   PAD
    0x08001640   0x08001640   0x00000024   Code   RO         3440    i.HAL_Delay         stm32f4xx_hal.o
    0x08001664   0x08001664   0x000001cc   Code   RO         2896    i.HAL_GPIO_Init     stm32f4xx_hal_gpio.o
    0x08001830   0x08001830   0x0000000a   Code   RO         2900    i.HAL_GPIO_WritePin  stm32f4xx_hal_gpio.o
    0x0800183a   0x0800183a   0x00000002   PAD
    0x0800183c   0x0800183c   0x0000000c   Code   RO         3448    i.HAL_GetTick       stm32f4xx_hal.o
    0x08001848   0x08001848   0x00000010   Code   RO         3454    i.HAL_IncTick       stm32f4xx_hal.o
    0x08001858   0x08001858   0x00000034   Code   RO         3455    i.HAL_Init          stm32f4xx_hal.o
    0x0800188c   0x0800188c   0x00000040   Code   RO         3456    i.HAL_InitTick      stm32f4xx_hal.o
    0x080018cc   0x080018cc   0x00000038   Code   RO          655    i.HAL_MspInit       stm32f4xx_hal_msp.o
    0x08001904   0x08001904   0x0000001a   Code   RO         3303    i.HAL_NVIC_EnableIRQ  stm32f4xx_hal_cortex.o
    0x0800191e   0x0800191e   0x00000002   PAD
    0x08001920   0x08001920   0x00000040   Code   RO         3309    i.HAL_NVIC_SetPriority  stm32f4xx_hal_cortex.o
    0x08001960   0x08001960   0x00000024   Code   RO         3310    i.HAL_NVIC_SetPriorityGrouping  stm32f4xx_hal_cortex.o
    0x08001984   0x08001984   0x00000130   Code   RO         2490    i.HAL_RCC_ClockConfig  stm32f4xx_hal_rcc.o
    0x08001ab4   0x08001ab4   0x00000020   Code   RO         2497    i.HAL_RCC_GetPCLK1Freq  stm32f4xx_hal_rcc.o
    0x08001ad4   0x08001ad4   0x00000020   Code   RO         2498    i.HAL_RCC_GetPCLK2Freq  stm32f4xx_hal_rcc.o
    0x08001af4   0x08001af4   0x00000064   Code   RO         2499    i.HAL_RCC_GetSysClockFreq  stm32f4xx_hal_rcc.o
    0x08001b58   0x08001b58   0x0000031c   Code   RO         2502    i.HAL_RCC_OscConfig  stm32f4xx_hal_rcc.o
    0x08001e74   0x08001e74   0x00000080   Code   RO          924    i.HAL_SPI_Init      stm32f4xx_hal_spi.o
    0x08001ef4   0x08001ef4   0x000000cc   Code   RO          412    i.HAL_SPI_MspInit   spi.o
    0x08001fc0   0x08001fc0   0x0000015c   Code   RO          932    i.HAL_SPI_Transmit  stm32f4xx_hal_spi.o
    0x0800211c   0x0800211c   0x000001e2   Code   RO          933    i.HAL_SPI_TransmitReceive  stm32f4xx_hal_spi.o
    0x080022fe   0x080022fe   0x00000028   Code   RO         3314    i.HAL_SYSTICK_Config  stm32f4xx_hal_cortex.o
    0x08002326   0x08002326   0x00000042   Code   RO         1930    i.HAL_TIMEx_MasterConfigSynchronization  stm32f4xx_hal_tim_ex.o
    0x08002368   0x08002368   0x00000054   Code   RO          459    i.HAL_TIM_MspPostInit  tim.o
    0x080023bc   0x080023bc   0x000000d0   Code   RO         1304    i.HAL_TIM_PWM_ConfigChannel  stm32f4xx_hal_tim.o
    0x0800248c   0x0800248c   0x00000036   Code   RO         1307    i.HAL_TIM_PWM_Init  stm32f4xx_hal_tim.o
    0x080024c2   0x080024c2   0x00000002   PAD
    0x080024c4   0x080024c4   0x00000028   Code   RO          461    i.HAL_TIM_PWM_MspInit  tim.o
    0x080024ec   0x080024ec   0x000000e0   Code   RO         5415    i.HAL_UART_IDLE_IRQHandler  dji_remote.o
    0x080025cc   0x080025cc   0x00000062   Code   RO         2188    i.HAL_UART_Init     stm32f4xx_hal_uart.o
    0x0800262e   0x0800262e   0x00000002   PAD
    0x08002630   0x08002630   0x000000f4   Code   RO          514    i.HAL_UART_MspInit  usart.o
    0x08002724   0x08002724   0x00000012   Code   RO         5416    i.HAL_UART_Receive_IT_IDLE  dji_remote.o
    0x08002736   0x08002736   0x000000ba   Code   RO         2196    i.HAL_UART_Transmit  stm32f4xx_hal_uart.o
    0x080027f0   0x080027f0   0x00000002   Code   RO          572    i.HardFault_Handler  stm32f4xx_it.o
    0x080027f2   0x080027f2   0x00000002   PAD
    0x080027f4   0x080027f4   0x000000ac   Code   RO         5005    i.Initial_Task      initial_task.o
    0x080028a0   0x080028a0   0x0000000e   Code   RO         5594    i.MPU6500_INITIAL   bsp_imu.o
    0x080028ae   0x080028ae   0x00000002   PAD
    0x080028b0   0x080028b0   0x00000044   Code   RO          262    i.MX_CAN1_Init      can.o
    0x080028f4   0x080028f4   0x0000002c   Code   RO          302    i.MX_DMA_Init       dma.o
    0x08002920   0x08002920   0x00000044   Code   RO          326    i.MX_FREERTOS_Init  freertos.o
    0x08002964   0x08002964   0x00000108   Code   RO          230    i.MX_GPIO_Init      gpio.o
    0x08002a6c   0x08002a6c   0x0000004c   Code   RO          413    i.MX_SPI1_Init      spi.o
    0x08002ab8   0x08002ab8   0x00000048   Code   RO          414    i.MX_SPI5_Init      spi.o
    0x08002b00   0x08002b00   0x00000070   Code   RO          463    i.MX_TIM3_Init      tim.o
    0x08002b70   0x08002b70   0x0000003c   Code   RO          515    i.MX_USART1_UART_Init  usart.o
    0x08002bac   0x08002bac   0x00000038   Code   RO          516    i.MX_USART6_UART_Init  usart.o
    0x08002be4   0x08002be4   0x00000002   Code   RO          573    i.MemManage_Handler  stm32f4xx_it.o
    0x08002be6   0x08002be6   0x00000002   Code   RO          574    i.NMI_Handler       stm32f4xx_it.o
    0x08002be8   0x08002be8   0x00000008   Code   RO          327    i.Out_Control       freertos.o
    0x08002bf0   0x08002bf0   0x00000060   Code   RO          328    i.Protect_Task      freertos.o
    0x08002c50   0x08002c50   0x00000008   Code   RO         5144    i.Revolver_Task     revolver_task.o
    0x08002c58   0x08002c58   0x00000058   Code   RO          962    i.SPI_EndRxTxTransaction  stm32f4xx_hal_spi.o
    0x08002cb0   0x08002cb0   0x00000094   Code   RO          967    i.SPI_WaitFlagStateUntilTimeout  stm32f4xx_hal_spi.o
    0x08002d44   0x08002d44   0x000000bc   Code   RO          329    i.StartTask         freertos.o
    0x08002e00   0x08002e00   0x00000018   Code   RO          575    i.SysTick_Handler   stm32f4xx_it.o
    0x08002e18   0x08002e18   0x00000084   Code   RO           14    i.SystemClock_Config  main.o
    0x08002e9c   0x08002e9c   0x00000054   Code   RO         3701    i.SystemInit        system_stm32f4xx.o
    0x08002ef0   0x08002ef0   0x000000c8   Code   RO         1325    i.TIM_Base_SetConfig  stm32f4xx_hal_tim.o
    0x08002fb8   0x08002fb8   0x00000060   Code   RO         1338    i.TIM_OC1_SetConfig  stm32f4xx_hal_tim.o
    0x08003018   0x08003018   0x0000006c   Code   RO         1339    i.TIM_OC2_SetConfig  stm32f4xx_hal_tim.o
    0x08003084   0x08003084   0x00000068   Code   RO         1340    i.TIM_OC3_SetConfig  stm32f4xx_hal_tim.o
    0x080030ec   0x080030ec   0x00000050   Code   RO         1341    i.TIM_OC4_SetConfig  stm32f4xx_hal_tim.o
    0x0800313c   0x0800313c   0x00000008   Code   RO          330    i.Task_10ms         freertos.o
    0x08003144   0x08003144   0x00000078   Code   RO         5417    i.UART_Receive_DMA_NoIT  dji_remote.o
    0x080031bc   0x080031bc   0x000002ac   Code   RO         2214    i.UART_SetConfig    stm32f4xx_hal_uart.o
    0x08003468   0x08003468   0x00000064   Code   RO         2216    i.UART_WaitOnFlagUntilTimeout  stm32f4xx_hal_uart.o
    0x080034cc   0x080034cc   0x0000000c   Code   RO          576    i.USART1_IRQHandler  stm32f4xx_it.o
    0x080034d8   0x080034d8   0x00000002   Code   RO          577    i.UsageFault_Handler  stm32f4xx_it.o
    0x080034da   0x080034da   0x00000002   PAD
    0x080034dc   0x080034dc   0x00000020   Code   RO         6153    i.__0printf         mc_w.l(printfa.o)
    0x080034fc   0x080034fc   0x00000020   Code   RO         3316    i.__NVIC_SetPriority  stm32f4xx_hal_cortex.o
    0x0800351c   0x0800351c   0x00000014   Code   RO         5889    i.__hardfp_fabs     m_wm.l(fabs.o)
    0x08003530   0x08003530   0x0000000e   Code   RO         6274    i.__scatterload_copy  mc_w.l(handlers.o)
    0x0800353e   0x0800353e   0x00000002   Code   RO         6275    i.__scatterload_null  mc_w.l(handlers.o)
    0x08003540   0x08003540   0x0000000e   Code   RO         6276    i.__scatterload_zeroinit  mc_w.l(handlers.o)
    0x0800354e   0x0800354e   0x00000002   PAD
    0x08003550   0x08003550   0x00000184   Code   RO         6160    i._fp_digits        mc_w.l(printfa.o)
    0x080036d4   0x080036d4   0x000006dc   Code   RO         6161    i._printf_core      mc_w.l(printfa.o)
    0x08003db0   0x08003db0   0x00000024   Code   RO         6162    i._printf_post_padding  mc_w.l(printfa.o)
    0x08003dd4   0x08003dd4   0x0000002e   Code   RO         6163    i._printf_pre_padding  mc_w.l(printfa.o)
    0x08003e02   0x08003e02   0x00000002   PAD
    0x08003e04   0x08003e04   0x0000003c   Code   RO         5337    i.can_user_init     bsp_can.o
    0x08003e40   0x08003e40   0x000000f8   Code   RO         5295    i.chassis_behaviour_control_set  chassis_behaviour.o
    0x08003f38   0x08003f38   0x00000054   Code   RO         5296    i.chassis_behaviour_mode_set  chassis_behaviour.o
    0x08003f8c   0x08003f8c   0x00000130   Code   RO         5064    i.chassis_control_loop  chassis_task.o
    0x080040bc   0x080040bc   0x000000bc   Code   RO         5065    i.chassis_feedback_update  chassis_task.o
    0x08004178   0x08004178   0x000000c4   Code   RO         5297    i.chassis_infantry_follow_gimbal_yaw_control  chassis_behaviour.o
    0x0800423c   0x0800423c   0x000000f8   Code   RO         5066    i.chassis_rc_to_control_vector  chassis_task.o
    0x08004334   0x08004334   0x00000140   Code   RO         5067    i.chassis_set_contorl  chassis_task.o
    0x08004474   0x08004474   0x0000004e   Code   RO         5200    i.first_order_filter_cali  user_lib.o
    0x080044c2   0x080044c2   0x00000012   Code   RO         5201    i.first_order_filter_init  user_lib.o
    0x080044d4   0x080044d4   0x00000020   Code   RO         5202    i.fp32_constrain    user_lib.o
    0x080044f4   0x080044f4   0x00000018   Code   RO          517    i.fputc             usart.o
    0x0800450c   0x0800450c   0x00000014   Code   RO         5338    i.get_Chassis_Motor_Measure_Point  bsp_can.o
    0x08004520   0x08004520   0x00000008   Code   RO         5418    i.get_remote_control_point  dji_remote.o
    0x08004528   0x08004528   0x000001cc   Code   RO         5597    i.init_quaternion   bsp_imu.o
    0x080046f4   0x080046f4   0x00000100   Code   RO         5600    i.ist8310_init      bsp_imu.o
    0x080047f4   0x080047f4   0x00000038   Code   RO         5601    i.ist_reg_read_by_mpu  bsp_imu.o
    0x0800482c   0x0800482c   0x00000042   Code   RO         5602    i.ist_reg_write_by_mpu  bsp_imu.o
    0x0800486e   0x0800486e   0x00000002   PAD
    0x08004870   0x08004870   0x00000048   Code   RO         5207    i.loop_fp32_constrain  user_lib.o
    0x080048b8   0x080048b8   0x00000050   Code   RO           15    i.main              main.o
    0x08004908   0x08004908   0x0000000c   Code   RO         4497    i.makeFreeRtosPriority  cmsis_os.o
    0x08004914   0x08004914   0x00000064   Code   RO         5603    i.mpu_device_init   bsp_imu.o
    0x08004978   0x08004978   0x0000008e   Code   RO         5605    i.mpu_master_i2c_auto_read_config  bsp_imu.o
    0x08004a06   0x08004a06   0x00000002   PAD
    0x08004a08   0x08004a08   0x000000a4   Code   RO         5606    i.mpu_offset_call   bsp_imu.o
    0x08004aac   0x08004aac   0x00000050   Code   RO         5607    i.mpu_read_byte     bsp_imu.o
    0x08004afc   0x08004afc   0x0000005c   Code   RO         5608    i.mpu_read_bytes    bsp_imu.o
    0x08004b58   0x08004b58   0x0000000a   Code   RO         5609    i.mpu_set_accel_fsr  bsp_imu.o
    0x08004b62   0x08004b62   0x0000000a   Code   RO         5610    i.mpu_set_gyro_fsr  bsp_imu.o
    0x08004b6c   0x08004b6c   0x00000054   Code   RO         5611    i.mpu_write_byte    bsp_imu.o
    0x08004bc0   0x08004bc0   0x00000064   Code   RO         5472    i.oled_LOGO         oled.o
    0x08004c24   0x08004c24   0x00000040   Code   RO         5473    i.oled_clear        oled.o
    0x08004c64   0x08004c64   0x00000048   Code   RO         5477    i.oled_drawpoint    oled.o
    0x08004cac   0x08004cac   0x00000124   Code   RO         5478    i.oled_init         oled.o
    0x08004dd0   0x08004dd0   0x00000034   Code   RO         5480    i.oled_refresh_gram  oled.o
    0x08004e04   0x08004e04   0x0000002a   Code   RO         5481    i.oled_set_pos      oled.o
    0x08004e2e   0x08004e2e   0x00000002   PAD
    0x08004e30   0x08004e30   0x00000078   Code   RO         5482    i.oled_showchar     oled.o
    0x08004ea8   0x08004ea8   0x00000072   Code   RO         5483    i.oled_shownum      oled.o
    0x08004f1a   0x08004f1a   0x00000002   PAD
    0x08004f1c   0x08004f1c   0x0000002c   Code   RO         5485    i.oled_write_byte   oled.o
    0x08004f48   0x08004f48   0x0000000e   Code   RO         4499    i.osDelay           cmsis_os.o
    0x08004f56   0x08004f56   0x00000004   Code   RO         4500    i.osDelayUntil      cmsis_os.o
    0x08004f5a   0x08004f5a   0x0000000a   Code   RO         4502    i.osKernelStart     cmsis_os.o
    0x08004f64   0x08004f64   0x00000054   Code   RO         4536    i.osThreadCreate    cmsis_os.o
    0x08004fb8   0x08004fb8   0x000000a2   Code   RO         5384    i.pid_calc          pid.o
    0x0800505a   0x0800505a   0x00000006   Code   RO         5385    i.pid_init          pid.o
    0x08005060   0x08005060   0x00000070   Code   RO         4194    i.prvAddCurrentTaskToDelayedList  tasks.o
    0x080050d0   0x080050d0   0x000000d0   Code   RO         4195    i.prvAddNewTaskToReadyList  tasks.o
    0x080051a0   0x080051a0   0x00000034   Code   RO         4196    i.prvDeleteTCB      tasks.o
    0x080051d4   0x080051d4   0x0000004c   Code   RO         4864    i.prvHeapInit       heap_4.o
    0x08005220   0x08005220   0x00000060   Code   RO         4197    i.prvIdleTask       tasks.o
    0x08005280   0x08005280   0x0000008e   Code   RO         4198    i.prvInitialiseNewTask  tasks.o
    0x0800530e   0x0800530e   0x00000002   PAD
    0x08005310   0x08005310   0x0000004c   Code   RO         4865    i.prvInsertBlockIntoFreeList  heap_4.o
    0x0800535c   0x0800535c   0x00000020   Code   RO         4199    i.prvResetNextTaskUnblockTime  tasks.o
    0x0800537c   0x0800537c   0x00000028   Code   RO         4926    i.prvTaskExitError  port.o
    0x080053a4   0x080053a4   0x00000034   Code   RO         4200    i.prvTaskIsTaskSuspended  tasks.o
    0x080053d8   0x080053d8   0x000000d8   Code   RO         4866    i.pvPortMalloc      heap_4.o
    0x080054b0   0x080054b0   0x0000002c   Code   RO         4927    i.pxPortInitialiseStack  port.o
    0x080054dc   0x080054dc   0x00000054   Code   RO         5339    i.set_motor_voltage  bsp_can.o
    0x08005530   0x08005530   0x00000026   Code   RO         3839    i.uxListRemove      list.o
    0x08005556   0x08005556   0x00000002   PAD
    0x08005558   0x08005558   0x00000014   Code   RO          331    i.vApplicationGetIdleTaskMemory  freertos.o
    0x0800556c   0x0800556c   0x00000016   Code   RO         3840    i.vListInitialise   list.o
    0x08005582   0x08005582   0x00000006   Code   RO         3841    i.vListInitialiseItem  list.o
    0x08005588   0x08005588   0x00000030   Code   RO         3842    i.vListInsert       list.o
    0x080055b8   0x080055b8   0x00000018   Code   RO         3843    i.vListInsertEnd    list.o
    0x080055d0   0x080055d0   0x00000040   Code   RO         4929    i.vPortEnterCritical  port.o
    0x08005610   0x08005610   0x00000028   Code   RO         4930    i.vPortExitCritical  port.o
    0x08005638   0x08005638   0x0000005c   Code   RO         4867    i.vPortFree         heap_4.o
    0x08005694   0x08005694   0x00000024   Code   RO         4931    i.vPortSetupTimerInterrupt  port.o
    0x080056b8   0x080056b8   0x0000004c   Code   RO         4207    i.vTaskDelay        tasks.o
    0x08005704   0x08005704   0x000000ac   Code   RO         4208    i.vTaskDelete       tasks.o
    0x080057b0   0x080057b0   0x0000007c   Code   RO         4218    i.vTaskResume       tasks.o
    0x0800582c   0x0800582c   0x0000006c   Code   RO         4220    i.vTaskStartScheduler  tasks.o
    0x08005898   0x08005898   0x000000bc   Code   RO         4221    i.vTaskSuspend      tasks.o
    0x08005954   0x08005954   0x00000010   Code   RO         4222    i.vTaskSuspendAll   tasks.o
    0x08005964   0x08005964   0x0000005c   Code   RO         4223    i.vTaskSwitchContext  tasks.o
    0x080059c0   0x080059c0   0x000000f4   Code   RO         4933    i.xPortStartScheduler  port.o
    0x08005ab4   0x08005ab4   0x0000002c   Code   RO         4934    i.xPortSysTickHandler  port.o
    0x08005ae0   0x08005ae0   0x0000005a   Code   RO         4225    i.xTaskCreate       tasks.o
    0x08005b3a   0x08005b3a   0x00000056   Code   RO         4226    i.xTaskCreateStatic  tasks.o
    0x08005b90   0x08005b90   0x0000001c   Code   RO         4230    i.xTaskGetSchedulerState  tasks.o
    0x08005bac   0x08005bac   0x0000000c   Code   RO         4231    i.xTaskGetTickCount  tasks.o
    0x08005bb8   0x08005bb8   0x000000c8   Code   RO         4233    i.xTaskIncrementTick  tasks.o
    0x08005c80   0x08005c80   0x000000c4   Code   RO         4239    i.xTaskResumeAll    tasks.o
    0x08005d44   0x08005d44   0x000000e0   Data   RO          334    .constdata          freertos.o
    0x08005e24   0x08005e24   0x00000008   Data   RO         3015    .constdata          stm32f4xx_hal_dma.o
    0x08005e2c   0x08005e2c   0x00000010   Data   RO         3702    .constdata          system_stm32f4xx.o
    0x08005e3c   0x08005e3c   0x00000008   Data   RO         3703    .constdata          system_stm32f4xx.o
    0x08005e44   0x08005e44   0x00000008   Data   RO         5070    .constdata          chassis_task.o
    0x08005e4c   0x08005e4c   0x00000874   Data   RO         5487    .constdata          oled.o
    0x080066c0   0x080066c0   0x00000014   Data   RO         5613    .constdata          bsp_imu.o
    0x080066d4   0x080066d4   0x00000804   Data   RO         5840    .constdata          arm_cortexM4lf_math.lib(arm_common_tables.o)
    0x08006ed8   0x08006ed8   0x00000077   Data   RO          335    .conststring        freertos.o
    0x08006f4f   0x08006f4f   0x00000001   PAD
    0x08006f50   0x08006f50   0x00000020   Data   RO         6272    Region$$Table       anon$$obj.o


    Execution Region RW_IRAM1 (Exec base: 0x20000000, Load base: 0x08006f70, Size: 0x00004eb8, Max: 0x00030000, ABSOLUTE, COMPRESSED[0x00000020])

    Exec Addr    Load Addr    Size         Type   Attr      Idx    E Section Name        Object

    0x20000000   COMPRESSED   0x00000024   Data   RW          336    .data               freertos.o
    0x20000024   COMPRESSED   0x0000000c   Data   RW         3462    .data               stm32f4xx_hal.o
    0x20000030   COMPRESSED   0x00000004   Data   RW         3704    .data               system_stm32f4xx.o
    0x20000034   COMPRESSED   0x0000003c   Data   RW         4242    .data               tasks.o
    0x20000070   COMPRESSED   0x00000018   Data   RW         4872    .data               heap_4.o
    0x20000088   COMPRESSED   0x0000000c   Data   RW         4935    .data               port.o
    0x20000094   COMPRESSED   0x00000010   Data   RW         5298    .data               chassis_behaviour.o
    0x200000a4   COMPRESSED   0x00000064   Data   RW         5340    .data               bsp_can.o
    0x20000108   COMPRESSED   0x0000000c   Data   RW         5421    .data               dji_remote.o
    0x20000114   COMPRESSED   0x00000060   Data   RW         5614    .data               bsp_imu.o
    0x20000174   COMPRESSED   0x00000004   Data   RW         6237    .data               mc_w.l(stdout.o)
    0x20000178        -       0x00000028   Zero   RW          263    .bss                can.o
    0x200001a0        -       0x00000254   Zero   RW          333    .bss                freertos.o
    0x200003f4        -       0x000000b0   Zero   RW          415    .bss                spi.o
    0x200004a4        -       0x00000040   Zero   RW          464    .bss                tim.o
    0x200004e4        -       0x000000e0   Zero   RW          518    .bss                usart.o
    0x200005c4        -       0x000000f0   Zero   RW         4241    .bss                tasks.o
    0x200006b4        -       0x00003c00   Zero   RW         4871    .bss                heap_4.o
    0x200042b4        -       0x0000016c   Zero   RW         5068    .bss                chassis_task.o
    0x20004420        -       0x000001bc   Zero   RW         5069    .bss                chassis_task.o
    0x200045dc        -       0x00000064   Zero   RW         5419    .bss                dji_remote.o
    0x20004640        -       0x00000014   Zero   RW         5420    .bss                dji_remote.o
    0x20004654        -       0x00000400   Zero   RW         5486    .bss                oled.o
    0x20004a54        -       0x00000062   Zero   RW         5612    .bss                bsp_imu.o
    0x20004ab6   COMPRESSED   0x00000002   PAD
    0x20004ab8        -       0x00000400   Zero   RW            1    STACK               startup_stm32f427xx.o


==============================================================================

Image component sizes


      Code (inc. data)   RO Data    RW Data    ZI Data      Debug   Object Name

       272         26          0        100          0       3359   bsp_can.o
      1534        150         20         96         98      10976   bsp_imu.o
       204         22          0          0         40       1729   can.o
       528         56          0         16          0       7156   chassis_behaviour.o
      1476        120          8          0        808      10175   chassis_task.o
       124          0          0          0          0      23184   cmsis_os.o
       518         22          0         12        120       5965   dji_remote.o
        44          4          0          0          0        786   dma.o
         0          0          0          0          0      18192   event_groups.o
       388         54        343         36        596      10578   freertos.o
         8          0          0          0          0        518   gimbal_task.o
       264         18          0          0          0       1099   gpio.o
       460         24          0         24      15360       7431   heap_4.o
       172         46          0          0          0       1595   initial_task.o
       138          0          0          0          0       3642   list.o
       214         22          0          0          0     789653   main.o
       900         40       2164          0       1024       7416   oled.o
       168          0          0          0          0       1670   pid.o
       702         72          0         12          0      11264   port.o
         8          0          0          0          0        528   revolver_task.o
       352         44          0          0        176       2450   spi.o
        36          8        428          0       1024        852   startup_stm32f427xx.o
       180         28          0         12          0       4685   stm32f4xx_hal.o
      1638          6          0          0          0      14579   stm32f4xx_hal_can.o
       198         14          0          0          0      34043   stm32f4xx_hal_cortex.o
       862         16          8          0          0       5752   stm32f4xx_hal_dma.o
       470         52          0          0          0       2484   stm32f4xx_hal_gpio.o
        56          4          0          0          0        870   stm32f4xx_hal_msp.o
      1264         80          0          0          0       5240   stm32f4xx_hal_rcc.o
      1194          8          0          0          0       6352   stm32f4xx_hal_spi.o
       850         80          0          0          0       6938   stm32f4xx_hal_tim.o
        66          0          0          0          0       1356   stm32f4xx_hal_tim_ex.o
      1068          8          0          0          0       4188   stm32f4xx_hal_uart.o
        84         24          0          0          0       5280   stm32f4xx_it.o
         0          0          0          0          0        392   stream_buffer.o
        84         18         24          4          0       1207   system_stm32f4xx.o
      2082        166          0         60        240      21586   tasks.o
       236         32          0          0         64       2327   tim.o
       384         56          0          0        224       3110   usart.o
       200          0          0          0          0       3219   user_lib.o

    ----------------------------------------------------------------------
     19462       1320       3028        372      19776    1043826   Object Totals
         0          0         32          0          0          0   (incl. Generated)
        36          0          1          0          2          0   (incl. Padding)

    ----------------------------------------------------------------------

      Code (inc. data)   RO Data    RW Data    ZI Data      Debug   Library Member Name

         0          0       2052          0          0       4704   arm_common_tables.o
       148         18          0          0          0      17238   arm_sin_f32.o
        20          0          0          0          0        124   fabs.o
        58          0          0          0          0          0   __dczerorl.o
         0          0          0          0          0          0   entry.o
         0          0          0          0          0          0   entry10a.o
         0          0          0          0          0          0   entry11a.o
         8          4          0          0          0          0   entry2.o
         4          0          0          0          0          0   entry5.o
         0          0          0          0          0          0   entry7b.o
         0          0          0          0          0          0   entry8b.o
         8          4          0          0          0          0   entry9a.o
        30          0          0          0          0          0   handlers.o
        36          8          0          0          0         68   init.o
         0          0          0          0          0          0   iusefp.o
        30          0          0          0          0         68   llshl.o
        36          0          0          0          0         68   llsshr.o
        32          0          0          0          0         68   llushr.o
        36          0          0          0          0         68   memcpya.o
        36          0          0          0          0        108   memseta.o
      2258         90          0          0          0        452   printfa.o
         0          0          0          4          0          0   stdout.o
        44          0          0          0          0         80   uidiv.o
        98          0          0          0          0         92   uldiv.o
        48          0          0          0          0         68   cdrcmple.o
       334          0          0          0          0        148   dadd.o
       222          0          0          0          0        100   ddiv.o
       186          0          0          0          0        176   depilogue.o
        48          0          0          0          0         68   dfixul.o
        34          0          0          0          0         76   dflti.o
       228          0          0          0          0         96   dmul.o

    ----------------------------------------------------------------------
      3986        124       2052          4          0      23870   Library Totals
         4          0          0          0          0          0   (incl. Padding)

    ----------------------------------------------------------------------

      Code (inc. data)   RO Data    RW Data    ZI Data      Debug   Library Name

       148         18       2052          0          0      21942   arm_cortexM4lf_math.lib
        20          0          0          0          0        124   m_wm.l
      2714        106          0          4          0       1072   mc_w.l
      1100          0          0          0          0        732   mf_w.l

    ----------------------------------------------------------------------
      3986        124       2052          4          0      23870   Library Totals

    ----------------------------------------------------------------------

==============================================================================


      Code (inc. data)   RO Data    RW Data    ZI Data      Debug   

     23448       1444       5080        376      19776    1049544   Grand Totals
     23448       1444       5080         32      19776    1049544   ELF Image Totals (compressed)
     23448       1444       5080         32          0          0   ROM Totals

==============================================================================

    Total RO  Size (Code + RO Data)                28528 (  27.86kB)
    Total RW  Size (RW Data + ZI Data)             20152 (  19.68kB)
    Total ROM Size (Code + RO Data + RW Data)      28560 (  27.89kB)

==============================================================================

