<html>
<body>
<pre>
<h1>µVision Build Log</h1>
<h2>Tool Versions:</h2>
IDE-Version: ¦ÌVision V5.24.2.0
Copyright (C) 2017 ARM Ltd and ARM Germany GmbH. All rights reserved.
License Information: 1 Windows, HP Inc., LIC=NQQDY-IKQRP-3MI9Q-NUDD6-FZ8P5-L9WTN
 
Tool Versions:
Toolchain:       MDK-ARM Plus  Version: 5.24.1
Toolchain Path:  F:\Keil_v5\ARM\ARMCC\Bin
C Compiler:      Armcc.exe V5.06 update 5 (build 528)
Assembler:       Armasm.exe V5.06 update 5 (build 528)
Linker/Locator:  ArmLink.exe V5.06 update 5 (build 528)
Library Manager: ArmAr.exe V5.06 update 5 (build 528)
Hex Converter:   FromElf.exe V5.06 update 5 (build 528)
CPU DLL:         SARMCM3.DLL V5.24.1
Dialog DLL:      DCM.DLL V1.16.0.0
Target DLL:      CMSIS_AGDI.dll V1.28.3.0
Dialog DLL:      TCM.DLL V1.32.0.0
 
<h2>Project:</h2>
F:\STM32\test program\Robomaster\Roboamster_Hero\Robot_chassis_test7\MDK-ARM\Robot_chassis_test3.uvprojx
Project File Date:  01/14/2020

<h2>Output:</h2>
*** Using Compiler 'V5.06 update 5 (build 528)', folder: 'F:\Keil_v5\ARM\ARMCC\Bin'
Rebuild target 'Robot_chassis_test3'
assembling startup_stm32f427xx.s...
compiling gpio.c...
compiling freertos.c...
compiling dma.c...
compiling tim.c...
compiling can.c...
compiling spi.c...
compiling usart.c...
compiling main.c...
compiling stm32f4xx_hal_msp.c...
compiling stm32f4xx_hal_pcd.c...
compiling stm32f4xx_hal_pcd_ex.c...
compiling stm32f4xx_it.c...
compiling usbd_desc.c...
compiling usbd_conf.c...
compiling usbd_cdc_if.c...
compiling usb_device.c...
compiling stm32f4xx_ll_usb.c...
compiling stm32f4xx_hal_can.c...
compiling stm32f4xx_hal_tim_ex.c...
compiling stm32f4xx_hal_rcc.c...
compiling stm32f4xx_hal_spi.c...
compiling stm32f4xx_hal_tim.c...
compiling stm32f4xx_hal_uart.c...
compiling stm32f4xx_hal_rcc_ex.c...
compiling stm32f4xx_hal_flash_ex.c...
compiling stm32f4xx_hal_flash.c...
compiling stm32f4xx_hal_flash_ramfunc.c...
compiling stm32f4xx_hal_pwr.c...
compiling stm32f4xx_hal_gpio.c...
compiling stm32f4xx_hal_dma_ex.c...
compiling croutine.c...
compiling event_groups.c...
compiling list.c...
compiling stm32f4xx_hal_pwr_ex.c...
compiling queue.c...
compiling stream_buffer.c...
compiling timers.c...
compiling tasks.c...
compiling heap_4.c...
compiling stm32f4xx_hal_dma.c...
compiling cmsis_os.c...
compiling stm32f4xx_hal_cortex.c...
compiling port.c...
compiling stm32f4xx_hal.c...
compiling stm32f4xx_hal_exti.c...
compiling system_stm32f4xx.c...
compiling Test_Task.c...
..\Task\Test_Task\Test_Task.c(257): warning:  #550-D: variable "DOWN_Set_Current"  was set but never used
  	static int16_t UP_Set_Current = 0, DOWN_Set_Current = 0;
..\Task\Test_Task\Test_Task.c: 1 warning, 0 errors
compiling Revolver_Task.c...
compiling Chassis_Task.c...
compiling Gimbal_Task1.c...
compiling Initial_Task.c...
compiling User_lib.c...
compiling robomaster_vcan.c...
compiling robomaster_filter.c...
compiling bsp_can.c...
compiling chassis_behaviour.c...
compiling Robot_Status.c...
..\APP\Robot_Status\Robot_Status.c(62): warning:  #177-D: function "Robot_Status_First_Select"  was declared but never referenced
  static void Robot_Status_First_Select(Robot_Status_t *robot_status_first_select)
..\APP\Robot_Status\Robot_Status.c(86): warning:  #177-D: function "Robot_Status_Second_Select"  was declared but never referenced
  static void Robot_Status_Second_Select(Robot_Status_t *robot_status_second_select)
..\APP\Robot_Status\Robot_Status.c: 2 warnings, 0 errors
compiling pid.c...
compiling oled.c...
compiling dji_remote.c...
compiling usbd_core.c...
compiling usbd_ioreq.c...
compiling usbd_ctlreq.c...
compiling usbd_cdc.c...
compiling bsp_imu.c...
linking...
Program Size: Code=41924 RO-data=5332 RW-data=1176 ZI-data=50744  
FromELF: creating hex file...
"Robot_chassis_test3\Robot_chassis_test3.axf" - 0 Error(s), 3 Warning(s).

<h2>Software Packages used:</h2>

Package Vendor: ARM
                http://www.keil.com/pack/ARM.CMSIS.5.0.1.pack
                ARM.CMSIS.5.0.1
                CMSIS (Cortex Microcontroller Software Interface Standard)
   * Component: CORE Version: 5.0.1

Package Vendor: Keil
                http://www.keil.com/pack/Keil.STM32F4xx_DFP.2.13.0.pack
                Keil.STM32F4xx_DFP.2.13.0
                STMicroelectronics STM32F4 Series Device Support, Drivers and Examples

<h2>Collection of Component include folders:</h2>
  .\RTE\_Robot_chassis_test3
  F:\Keil_v5\ARM\PACK\ARM\CMSIS\5.0.1\CMSIS\Include
  F:\Keil_v5\ARM\PACK\Keil\STM32F4xx_DFP\2.13.0\Drivers\CMSIS\Device\ST\STM32F4xx\Include

<h2>Collection of Component Files used:</h2>

   * Component: ARM::CMSIS:CORE:5.0.1
Build Time Elapsed:  00:01:08
</pre>
</body>
</html>
