Component: ARM Compiler 5.06 update 5 (build 528) Tool: armlink [4d35e2]

==============================================================================

Section Cross References

    startup_stm32f427xx.o(RESET) refers to startup_stm32f427xx.o(STACK) for __initial_sp
    startup_stm32f427xx.o(RESET) refers to startup_stm32f427xx.o(.text) for Reset_Handler
    startup_stm32f427xx.o(RESET) refers to stm32f4xx_it.o(i.NMI_Handler) for NMI_Handler
    startup_stm32f427xx.o(RESET) refers to stm32f4xx_it.o(i.HardFault_Handler) for HardFault_Handler
    startup_stm32f427xx.o(RESET) refers to stm32f4xx_it.o(i.MemManage_Handler) for MemManage_Handler
    startup_stm32f427xx.o(RESET) refers to stm32f4xx_it.o(i.BusFault_Handler) for BusFault_Handler
    startup_stm32f427xx.o(RESET) refers to stm32f4xx_it.o(i.UsageFault_Handler) for UsageFault_Handler
    startup_stm32f427xx.o(RESET) refers to port.o(.emb_text) for SVC_Handler
    startup_stm32f427xx.o(RESET) refers to stm32f4xx_it.o(i.DebugMon_Handler) for DebugMon_Handler
    startup_stm32f427xx.o(RESET) refers to stm32f4xx_it.o(i.SysTick_Handler) for SysTick_Handler
    startup_stm32f427xx.o(RESET) refers to stm32f4xx_it.o(i.CAN1_TX_IRQHandler) for CAN1_TX_IRQHandler
    startup_stm32f427xx.o(RESET) refers to stm32f4xx_it.o(i.CAN1_RX0_IRQHandler) for CAN1_RX0_IRQHandler
    startup_stm32f427xx.o(RESET) refers to stm32f4xx_it.o(i.TIM4_IRQHandler) for TIM4_IRQHandler
    startup_stm32f427xx.o(RESET) refers to stm32f4xx_it.o(i.USART1_IRQHandler) for USART1_IRQHandler
    startup_stm32f427xx.o(RESET) refers to stm32f4xx_it.o(i.DMA2_Stream2_IRQHandler) for DMA2_Stream2_IRQHandler
    startup_stm32f427xx.o(RESET) refers to stm32f4xx_it.o(i.CAN2_TX_IRQHandler) for CAN2_TX_IRQHandler
    startup_stm32f427xx.o(RESET) refers to stm32f4xx_it.o(i.CAN2_RX0_IRQHandler) for CAN2_RX0_IRQHandler
    startup_stm32f427xx.o(RESET) refers to stm32f4xx_it.o(i.OTG_FS_IRQHandler) for OTG_FS_IRQHandler
    startup_stm32f427xx.o(.text) refers to system_stm32f4xx.o(i.SystemInit) for SystemInit
    startup_stm32f427xx.o(.text) refers to entry.o(.ARM.Collect$$$$00000000) for __main
    main.o(i.SystemClock_Config) refers to memseta.o(.text) for __aeabi_memclr4
    main.o(i.SystemClock_Config) refers to stm32f4xx_hal_rcc.o(i.HAL_RCC_OscConfig) for HAL_RCC_OscConfig
    main.o(i.SystemClock_Config) refers to stm32f4xx_hal_rcc.o(i.HAL_RCC_ClockConfig) for HAL_RCC_ClockConfig
    main.o(i.main) refers to stm32f4xx_hal.o(i.HAL_Init) for HAL_Init
    main.o(i.main) refers to main.o(i.SystemClock_Config) for SystemClock_Config
    main.o(i.main) refers to gpio.o(i.MX_GPIO_Init) for MX_GPIO_Init
    main.o(i.main) refers to dma.o(i.MX_DMA_Init) for MX_DMA_Init
    main.o(i.main) refers to can.o(i.MX_CAN1_Init) for MX_CAN1_Init
    main.o(i.main) refers to spi.o(i.MX_SPI1_Init) for MX_SPI1_Init
    main.o(i.main) refers to usart.o(i.MX_USART1_UART_Init) for MX_USART1_UART_Init
    main.o(i.main) refers to usart.o(i.MX_USART6_UART_Init) for MX_USART6_UART_Init
    main.o(i.main) refers to spi.o(i.MX_SPI5_Init) for MX_SPI5_Init
    main.o(i.main) refers to tim.o(i.MX_TIM4_Init) for MX_TIM4_Init
    main.o(i.main) refers to can.o(i.MX_CAN2_Init) for MX_CAN2_Init
    main.o(i.main) refers to bsp_can.o(i.can_user_init) for can_user_init
    main.o(i.main) refers to dji_remote.o(i.HAL_UART_Receive_IT_IDLE) for HAL_UART_Receive_IT_IDLE
    main.o(i.main) refers to freertos.o(i.MX_FREERTOS_Init) for MX_FREERTOS_Init
    main.o(i.main) refers to cmsis_os.o(i.osKernelStart) for osKernelStart
    main.o(i.main) refers to can.o(.bss) for hcan1
    main.o(i.main) refers to dji_remote.o(.bss) for UART_Buffer
    main.o(i.main) refers to usart.o(.bss) for huart1
    gpio.o(i.MX_GPIO_Init) refers to memseta.o(.text) for __aeabi_memclr4
    gpio.o(i.MX_GPIO_Init) refers to stm32f4xx_hal_gpio.o(i.HAL_GPIO_WritePin) for HAL_GPIO_WritePin
    gpio.o(i.MX_GPIO_Init) refers to stm32f4xx_hal_gpio.o(i.HAL_GPIO_Init) for HAL_GPIO_Init
    gpio.o(i.led_off) refers to stm32f4xx_hal_gpio.o(i.HAL_GPIO_WritePin) for HAL_GPIO_WritePin
    can.o(i.HAL_CAN_MspDeInit) refers to stm32f4xx_hal_gpio.o(i.HAL_GPIO_DeInit) for HAL_GPIO_DeInit
    can.o(i.HAL_CAN_MspDeInit) refers to stm32f4xx_hal_cortex.o(i.HAL_NVIC_DisableIRQ) for HAL_NVIC_DisableIRQ
    can.o(i.HAL_CAN_MspDeInit) refers to can.o(.data) for .data
    can.o(i.HAL_CAN_MspInit) refers to memseta.o(.text) for __aeabi_memclr4
    can.o(i.HAL_CAN_MspInit) refers to stm32f4xx_hal_gpio.o(i.HAL_GPIO_Init) for HAL_GPIO_Init
    can.o(i.HAL_CAN_MspInit) refers to stm32f4xx_hal_cortex.o(i.HAL_NVIC_SetPriority) for HAL_NVIC_SetPriority
    can.o(i.HAL_CAN_MspInit) refers to stm32f4xx_hal_cortex.o(i.HAL_NVIC_EnableIRQ) for HAL_NVIC_EnableIRQ
    can.o(i.HAL_CAN_MspInit) refers to can.o(.data) for .data
    can.o(i.MX_CAN1_Init) refers to stm32f4xx_hal_can.o(i.HAL_CAN_Init) for HAL_CAN_Init
    can.o(i.MX_CAN1_Init) refers to main.o(i.Error_Handler) for Error_Handler
[...]
    Task_10ms                                0x08004bff   Thumb Code     8  freertos.o(i.Task_10ms)
    UART_Receive_DMA_NoIT                    0x08004c07   Thumb Code   120  dji_remote.o(i.UART_Receive_DMA_NoIT)
    USART1_IRQHandler                        0x08004f91   Thumb Code     6  stm32f4xx_it.o(i.USART1_IRQHandler)
    USBD_CDC_GetDeviceQualifierDescriptor    0x0800507d   Thumb Code     8  usbd_cdc.o(i.USBD_CDC_GetDeviceQualifierDescriptor)
    USBD_CDC_ReceivePacket                   0x08005141   Thumb Code    40  usbd_cdc.o(i.USBD_CDC_ReceivePacket)
    USBD_CDC_RegisterInterface               0x08005169   Thumb Code    16  usbd_cdc.o(i.USBD_CDC_RegisterInterface)
    USBD_CDC_SetRxBuffer                     0x08005179   Thumb Code    12  usbd_cdc.o(i.USBD_CDC_SetRxBuffer)
    USBD_CDC_SetTxBuffer                     0x08005185   Thumb Code    16  usbd_cdc.o(i.USBD_CDC_SetTxBuffer)
    USBD_CDC_TransmitPacket                  0x08005241   Thumb Code    54  usbd_cdc.o(i.USBD_CDC_TransmitPacket)
    USBD_ClrClassConfig                      0x08005277   Thumb Code    14  usbd_core.o(i.USBD_ClrClassConfig)
    USBD_CtlContinueRx                       0x08005285   Thumb Code    16  usbd_ioreq.o(i.USBD_CtlContinueRx)
    USBD_CtlContinueSendData                 0x08005295   Thumb Code    16  usbd_ioreq.o(i.USBD_CtlContinueSendData)
    USBD_CtlError                            0x080052a5   Thumb Code    22  usbd_ctlreq.o(i.USBD_CtlError)
    USBD_CtlPrepareRx                        0x080052bb   Thumb Code    30  usbd_ioreq.o(i.USBD_CtlPrepareRx)
    USBD_CtlReceiveStatus                    0x080052d9   Thumb Code    22  usbd_ioreq.o(i.USBD_CtlReceiveStatus)
    USBD_CtlSendData                         0x080052ef   Thumb Code    26  usbd_ioreq.o(i.USBD_CtlSendData)
    USBD_CtlSendStatus                       0x08005309   Thumb Code    22  usbd_ioreq.o(i.USBD_CtlSendStatus)
    USBD_FS_ConfigStrDescriptor              0x08005321   Thumb Code    16  usbd_desc.o(i.USBD_FS_ConfigStrDescriptor)
    USBD_FS_DeviceDescriptor                 0x08005341   Thumb Code     8  usbd_desc.o(i.USBD_FS_DeviceDescriptor)
    USBD_FS_InterfaceStrDescriptor           0x0800534d   Thumb Code    16  usbd_desc.o(i.USBD_FS_InterfaceStrDescriptor)
    USBD_FS_LangIDStrDescriptor              0x08005371   Thumb Code     8  usbd_desc.o(i.USBD_FS_LangIDStrDescriptor)
    USBD_FS_ManufacturerStrDescriptor        0x0800537d   Thumb Code    16  usbd_desc.o(i.USBD_FS_ManufacturerStrDescriptor)
    USBD_FS_ProductStrDescriptor             0x080053a5   Thumb Code    16  usbd_desc.o(i.USBD_FS_ProductStrDescriptor)
    USBD_FS_SerialStrDescriptor              0x080053d1   Thumb Code    48  usbd_desc.o(i.USBD_FS_SerialStrDescriptor)
    USBD_GetString                           0x080054f1   Thumb Code    72  usbd_ctlreq.o(i.USBD_GetString)
    USBD_Get_USB_Status                      0x08005539   Thumb Code    24  usbd_conf.o(i.USBD_Get_USB_Status)
    USBD_Init                                0x08005551   Thumb Code    42  usbd_core.o(i.USBD_Init)
    USBD_LL_ClearStallEP                     0x0800557b   Thumb Code    18  usbd_conf.o(i.USBD_LL_ClearStallEP)
    USBD_LL_CloseEP                          0x0800558d   Thumb Code    18  usbd_conf.o(i.USBD_LL_CloseEP)
    USBD_LL_DataInStage                      0x0800559f   Thumb Code   198  usbd_core.o(i.USBD_LL_DataInStage)
    USBD_LL_DataOutStage                     0x08005665   Thumb Code   130  usbd_core.o(i.USBD_LL_DataOutStage)
    USBD_LL_DevConnected                     0x080056e7   Thumb Code     4  usbd_core.o(i.USBD_LL_DevConnected)
    USBD_LL_DevDisconnected                  0x080056eb   Thumb Code    22  usbd_core.o(i.USBD_LL_DevDisconnected)
    USBD_LL_GetRxDataSize                    0x08005701   Thumb Code     8  usbd_conf.o(i.USBD_LL_GetRxDataSize)
    USBD_LL_Init                             0x08005709   Thumb Code    90  usbd_conf.o(i.USBD_LL_Init)
    USBD_LL_IsStallEP                        0x08005769   Thumb Code    32  usbd_conf.o(i.USBD_LL_IsStallEP)
    USBD_LL_IsoINIncomplete                  0x08005789   Thumb Code     4  usbd_core.o(i.USBD_LL_IsoINIncomplete)
    USBD_LL_IsoOUTIncomplete                 0x0800578d   Thumb Code     4  usbd_core.o(i.USBD_LL_IsoOUTIncomplete)
    USBD_LL_OpenEP                           0x08005791   Thumb Code    24  usbd_conf.o(i.USBD_LL_OpenEP)
    USBD_LL_PrepareReceive                   0x080057a9   Thumb Code    18  usbd_conf.o(i.USBD_LL_PrepareReceive)
    USBD_LL_Reset                            0x080057bb   Thumb Code    80  usbd_core.o(i.USBD_LL_Reset)
    USBD_LL_Resume                           0x0800580b   Thumb Code    12  usbd_core.o(i.USBD_LL_Resume)
    USBD_LL_SOF                              0x08005817   Thumb Code    24  usbd_core.o(i.USBD_LL_SOF)
    USBD_LL_SetSpeed                         0x0800582f   Thumb Code     6  usbd_core.o(i.USBD_LL_SetSpeed)
    USBD_LL_SetUSBAddress                    0x08005835   Thumb Code    18  usbd_conf.o(i.USBD_LL_SetUSBAddress)
    USBD_LL_SetupStage                       0x08005847   Thumb Code    90  usbd_core.o(i.USBD_LL_SetupStage)
    USBD_LL_StallEP                          0x080058a1   Thumb Code    18  usbd_conf.o(i.USBD_LL_StallEP)
    USBD_LL_Start                            0x080058b3   Thumb Code    18  usbd_conf.o(i.USBD_LL_Start)
    USBD_LL_Suspend                          0x080058c5   Thumb Code    18  usbd_core.o(i.USBD_LL_Suspend)
    USBD_LL_Transmit                         0x080058d7   Thumb Code    18  usbd_conf.o(i.USBD_LL_Transmit)
    USBD_ParseSetupRequest                   0x080058e9   Thumb Code    40  usbd_ctlreq.o(i.USBD_ParseSetupRequest)
    USBD_RegisterClass                       0x08005911   Thumb Code    16  usbd_core.o(i.USBD_RegisterClass)
    USBD_SetClassConfig                      0x08005921   Thumb Code    22  usbd_core.o(i.USBD_SetClassConfig)
    USBD_Start                               0x080059bd   Thumb Code    10  usbd_core.o(i.USBD_Start)
    USBD_StdDevReq                           0x080059c7   Thumb Code   274  usbd_ctlreq.o(i.USBD_StdDevReq)
    USBD_StdEPReq                            0x08005ad9   Thumb Code   336  usbd_ctlreq.o(i.USBD_StdEPReq)
    USBD_StdItfReq                           0x08005c29   Thumb Code    78  usbd_ctlreq.o(i.USBD_StdItfReq)
    USB_ActivateEndpoint                     0x08005c79   Thumb Code   122  stm32f4xx_ll_usb.o(i.USB_ActivateEndpoint)
    USB_ActivateSetup                        0x08005cf9   Thumb Code    52  stm32f4xx_ll_usb.o(i.USB_ActivateSetup)
    USB_CoreInit                             0x08005d2d   Thumb Code   112  stm32f4xx_ll_usb.o(i.USB_CoreInit)
    USB_DeactivateEndpoint                   0x08005dd9   Thumb Code   118  stm32f4xx_ll_usb.o(i.USB_DeactivateEndpoint)
    USB_DevConnect                           0x08005e59   Thumb Code    24  stm32f4xx_ll_usb.o(i.USB_DevConnect)
    USB_DevDisconnect                        0x08005e71   Thumb Code    24  stm32f4xx_ll_usb.o(i.USB_DevDisconnect)
    USB_DevInit                              0x08005e89   Thumb Code   378  stm32f4xx_ll_usb.o(i.USB_DevInit)
    USB_DisableGlobalInt                     0x08006015   Thumb Code    12  stm32f4xx_ll_usb.o(i.USB_DisableGlobalInt)
    USB_EP0StartXfer                         0x08006021   Thumb Code   276  stm32f4xx_ll_usb.o(i.USB_EP0StartXfer)
    USB_EP0_OutStart                         0x08006139   Thumb Code    84  stm32f4xx_ll_usb.o(i.USB_EP0_OutStart)
    USB_EPClearStall                         0x08006191   Thumb Code    88  stm32f4xx_ll_usb.o(i.USB_EPClearStall)
    USB_EPSetStall                           0x080061e9   Thumb Code    88  stm32f4xx_ll_usb.o(i.USB_EPSetStall)
    USB_EPStartXfer                          0x08006241   Thumb Code   482  stm32f4xx_ll_usb.o(i.USB_EPStartXfer)
    USB_EnableGlobalInt                      0x08006429   Thumb Code    12  stm32f4xx_ll_usb.o(i.USB_EnableGlobalInt)
    USB_FlushRxFifo                          0x08006435   Thumb Code    28  stm32f4xx_ll_usb.o(i.USB_FlushRxFifo)
    USB_FlushTxFifo                          0x08006455   Thumb Code    32  stm32f4xx_ll_usb.o(i.USB_FlushTxFifo)
    USB_GetDevSpeed                          0x08006479   Thumb Code    26  stm32f4xx_ll_usb.o(i.USB_GetDevSpeed)
    USB_GetMode                              0x08006493   Thumb Code     8  stm32f4xx_ll_usb.o(i.USB_GetMode)
    USB_ReadDevAllInEpInterrupt              0x0800649b   Thumb Code    14  stm32f4xx_ll_usb.o(i.USB_ReadDevAllInEpInterrupt)
    USB_ReadDevAllOutEpInterrupt             0x080064a9   Thumb Code    14  stm32f4xx_ll_usb.o(i.USB_ReadDevAllOutEpInterrupt)
    USB_ReadDevInEPInterrupt                 0x080064b7   Thumb Code    36  stm32f4xx_ll_usb.o(i.USB_ReadDevInEPInterrupt)
    USB_ReadDevOutEPInterrupt                0x080064db   Thumb Code    16  stm32f4xx_ll_usb.o(i.USB_ReadDevOutEPInterrupt)
    USB_ReadInterrupts                       0x080064eb   Thumb Code     8  stm32f4xx_ll_usb.o(i.USB_ReadInterrupts)
    USB_ReadPacket                           0x080064f3   Thumb Code    28  stm32f4xx_ll_usb.o(i.USB_ReadPacket)
    USB_SetCurrentMode                       0x0800650f   Thumb Code    46  stm32f4xx_ll_usb.o(i.USB_SetCurrentMode)
    USB_SetDevAddress                        0x0800653d   Thumb Code    34  stm32f4xx_ll_usb.o(i.USB_SetDevAddress)
    USB_SetTurnaroundTime                    0x08006561   Thumb Code   158  stm32f4xx_ll_usb.o(i.USB_SetTurnaroundTime)
    USB_WritePacket                          0x08006649   Thumb Code    36  stm32f4xx_ll_usb.o(i.USB_WritePacket)
    UsageFault_Handler                       0x0800666d   Thumb Code     2  stm32f4xx_it.o(i.UsageFault_Handler)
    __0printf                                0x08006671   Thumb Code    22  printfa.o(i.__0printf)
    __1printf                                0x08006671   Thumb Code     0  printfa.o(i.__0printf)
    __2printf                                0x08006671   Thumb Code     0  printfa.o(i.__0printf)
    __c89printf                              0x08006671   Thumb Code     0  printfa.o(i.__0printf)
    printf                                   0x08006671   Thumb Code     0  printfa.o(i.__0printf)
    __ARM_fpclassify                         0x08006691   Thumb Code    48  fpclassify.o(i.__ARM_fpclassify)
    __hardfp_asin                            0x080066e1   Thumb Code   770  asin.o(i.__hardfp_asin)
    __hardfp_atan                            0x08006a41   Thumb Code   622  atan.o(i.__hardfp_atan)
    __hardfp_atan2                           0x08006d19   Thumb Code   432  atan2.o(i.__hardfp_atan2)
    __hardfp_fabs                            0x08006f09   Thumb Code    20  fabs.o(i.__hardfp_fabs)
    __hardfp_sqrt                            0x08006f1d   Thumb Code   122  sqrt_full.o(i.__hardfp_sqrt)
    __kernel_poly                            0x08006f97   Thumb Code   248  poly.o(i.__kernel_poly)
    __mathlib_dbl_infnan                     0x0800708f   Thumb Code    20  dunder.o(i.__mathlib_dbl_infnan)
    __mathlib_dbl_infnan2                    0x080070a3   Thumb Code    20  dunder.o(i.__mathlib_dbl_infnan2)
    __mathlib_dbl_invalid                    0x080070b9   Thumb Code    24  dunder.o(i.__mathlib_dbl_invalid)
    __mathlib_dbl_underflow                  0x080070d9   Thumb Code    24  dunder.o(i.__mathlib_dbl_underflow)
    __scatterload_copy                       0x080070f9   Thumb Code    14  handlers.o(i.__scatterload_copy)
    __scatterload_null                       0x08007107   Thumb Code     2  handlers.o(i.__scatterload_null)
    __scatterload_zeroinit                   0x08007109   Thumb Code    14  handlers.o(i.__scatterload_zeroinit)
    __set_errno                              0x08007119   Thumb Code     6  errno.o(i.__set_errno)
    atan                                     0x080079d7   Thumb Code    16  atan.o(i.atan)
    can_user_init                            0x080079e9   Thumb Code    76  bsp_can.o(i.can_user_init)
    chassis_behaviour_control_set            0x08007a3d   Thumb Code   224  chassis_behaviour.o(i.chassis_behaviour_control_set)
    chassis_behaviour_mode_set               0x08007b35   Thumb Code    84  chassis_behaviour.o(i.chassis_behaviour_mode_set)
    chassis_rc_to_control_vector             0x08007ea9   Thumb Code   220  chassis_task.o(i.chassis_rc_to_control_vector)
    configureTimerForRunTimeStats            0x0800810d   Thumb Code     8  test_task.o(i.configureTimerForRunTimeStats)
    fabs                                     0x08008119   Thumb Code    24  fabs.o(i.fabs)
    first_order_filter_cali                  0x08008131   Thumb Code    78  user_lib.o(i.first_order_filter_cali)
    first_order_filter_init                  0x0800817f   Thumb Code    18  user_lib.o(i.first_order_filter_init)
    fp32_constrain                           0x08008191   Thumb Code    32  user_lib.o(i.fp32_constrain)
    fputc                                    0x080081b1   Thumb Code    20  usart.o(i.fputc)
    free                                     0x080081c9   Thumb Code    76  malloc.o(i.free)
    getRunTimeCounterValue                   0x08008219   Thumb Code     6  test_task.o(i.getRunTimeCounterValue)
    get_Chassis_Motor_Measure_Point          0x08008225   Thumb Code    16  bsp_can.o(i.get_Chassis_Motor_Measure_Point)
    get_INS_angle_point                      0x08008239   Thumb Code     4  bsp_imu.o(i.get_INS_angle_point)
    get_MPU6500_Gyro_Data_Point              0x08008241   Thumb Code     4  bsp_imu.o(i.get_MPU6500_Gyro_Data_Point)
    get_PAN_Trigger_Motor_Measure_Point      0x08008249   Thumb Code     4  bsp_can.o(i.get_PAN_Trigger_Motor_Measure_Point)
    get_Pitch_Gimbal_Motor_Measure_Point     0x08008251   Thumb Code     4  bsp_can.o(i.get_Pitch_Gimbal_Motor_Measure_Point)
    get_Shooting_Down_Motor_Measure_Point    0x08008259   Thumb Code     4  bsp_can.o(i.get_Shooting_Down_Motor_Measure_Point)
    get_Shooting_Up_Motor_Measure_Point      0x08008261   Thumb Code     4  bsp_can.o(i.get_Shooting_Up_Motor_Measure_Point)
    get_Trigger_Motor_Measure_Point          0x08008269   Thumb Code     4  bsp_can.o(i.get_Trigger_Motor_Measure_Point)
    get_Yaw_Gimbal_Motor_Measure_Point       0x08008271   Thumb Code     4  bsp_can.o(i.get_Yaw_Gimbal_Motor_Measure_Point)
    get_pitch_motor_point                    0x08008279   Thumb Code     4  gimbal_task1.o(i.get_pitch_motor_point)
    get_remote_control_point                 0x08008281   Thumb Code     4  dji_remote.o(i.get_remote_control_point)
    get_yaw_motor_point                      0x08008289   Thumb Code     4  gimbal_task1.o(i.get_yaw_motor_point)
    imu_ahrs_update                          0x08008291   Thumb Code  1138  bsp_imu.o(i.imu_ahrs_update)
    imu_attitude_update                      0x08008705   Thumb Code   346  bsp_imu.o(i.imu_attitude_update)
    init_quaternion                          0x08008879   Thumb Code   360  bsp_imu.o(i.init_quaternion)
    inv_sqrt                                 0x08008a45   Thumb Code    40  bsp_imu.o(i.inv_sqrt)
    ist8310_get_data                         0x08008a71   Thumb Code    10  bsp_imu.o(i.ist8310_get_data)
    ist8310_init                             0x08008a7b   Thumb Code   256  bsp_imu.o(i.ist8310_init)
    loop_fp32_constrain                      0x08008bf5   Thumb Code    72  user_lib.o(i.loop_fp32_constrain)
    main                                     0x08008c3d   Thumb Code    76  main.o(i.main)
    malloc                                   0x08008ca5   Thumb Code    92  malloc.o(i.malloc)
    mpu_device_init                          0x08008d45   Thumb Code   322  bsp_imu.o(i.mpu_device_init)
    mpu_get_data                             0x08008ea9   Thumb Code   512  bsp_imu.o(i.mpu_get_data)
    mpu_offset_call                          0x08009179   Thumb Code   160  bsp_imu.o(i.mpu_offset_call)
    mpu_read_byte                            0x0800921d   Thumb Code    68  bsp_imu.o(i.mpu_read_byte)
    mpu_read_bytes                           0x0800926d   Thumb Code    80  bsp_imu.o(i.mpu_read_bytes)
    mpu_set_accel_fsr                        0x080092c9   Thumb Code    10  bsp_imu.o(i.mpu_set_accel_fsr)
    mpu_set_gyro_fsr                         0x080092d3   Thumb Code    10  bsp_imu.o(i.mpu_set_gyro_fsr)
    mpu_write_byte                           0x080092dd   Thumb Code    72  bsp_imu.o(i.mpu_write_byte)
    oled_LOGO                                0x08009331   Thumb Code    94  oled.o(i.oled_LOGO)
    oled_clear                               0x08009395   Thumb Code    60  oled.o(i.oled_clear)
    oled_drawpoint                           0x080093d5   Thumb Code    66  oled.o(i.oled_drawpoint)
    oled_init                                0x0800941d   Thumb Code   286  oled.o(i.oled_init)
    oled_refresh_gram                        0x08009541   Thumb Code    46  oled.o(i.oled_refresh_gram)
    oled_write_byte                          0x080095a1   Thumb Code    36  oled.o(i.oled_write_byte)
    osDelay                                  0x080095cd   Thumb Code    14  cmsis_os.o(i.osDelay)
    osDelayUntil                             0x080095db   Thumb Code     4  cmsis_os.o(i.osDelayUntil)
    osKernelStart                            0x080095df   Thumb Code    10  cmsis_os.o(i.osKernelStart)
    osThreadCreate                           0x080095e9   Thumb Code    84  cmsis_os.o(i.osThreadCreate)
    pid_calc                                 0x0800963d   Thumb Code   174  pid.o(i.pid_calc)
    pid_clear                                0x080096f1   Thumb Code    38  pid.o(i.pid_clear)
    pid_init                                 0x0800971d   Thumb Code    10  pid.o(i.pid_init)
    pvPortMalloc                             0x08009ab1   Thumb Code   210  heap_4.o(i.pvPortMalloc)
    pxPortInitialiseStack                    0x08009b89   Thumb Code    40  port.o(i.pxPortInitialiseStack)
    send_data                                0x08009bb5   Thumb Code    16  robomaster_vcan.o(i.send_data)
    set_motor_voltage_CAN1                   0x08009bc9   Thumb Code    96  bsp_can.o(i.set_motor_voltage_CAN1)
    set_motor_voltage_CAN2                   0x08009c2d   Thumb Code    96  bsp_can.o(i.set_motor_voltage_CAN2)
    shanwai_send_wave_form                   0x08009c91   Thumb Code    64  robomaster_vcan.o(i.shanwai_send_wave_form)
    sqrt                                     0x08009cd5   Thumb Code   110  sqrt_full.o(i.sqrt)
    uxListRemove                             0x08009d43   Thumb Code    38  list.o(i.uxListRemove)
    vApplicationGetIdleTaskMemory            0x08009d69   Thumb Code    16  freertos.o(i.vApplicationGetIdleTaskMemory)
    vListInitialise                          0x08009d7d   Thumb Code    22  list.o(i.vListInitialise)
    vListInitialiseItem                      0x08009d93   Thumb Code     6  list.o(i.vListInitialiseItem)
    vListInsert                              0x08009d99   Thumb Code    48  list.o(i.vListInsert)
    vListInsertEnd                           0x08009dc9   Thumb Code    24  list.o(i.vListInsertEnd)
    vPortEnterCritical                       0x08009de1   Thumb Code    54  port.o(i.vPortEnterCritical)
    vPortExitCritical                        0x08009e21   Thumb Code    34  port.o(i.vPortExitCritical)
    vPortFree                                0x08009e49   Thumb Code    88  heap_4.o(i.vPortFree)
    vPortSetupTimerInterrupt                 0x08009ea5   Thumb Code    32  port.o(i.vPortSetupTimerInterrupt)
    vTaskDelay                               0x08009ec9   Thumb Code    66  tasks.o(i.vTaskDelay)
    vTaskDelete                              0x08009f15   Thumb Code   158  tasks.o(i.vTaskDelete)
    vTaskResume                              0x08009fc1   Thumb Code   112  tasks.o(i.vTaskResume)
    vTaskStartScheduler                      0x0800a03d   Thumb Code    94  tasks.o(i.vTaskStartScheduler)
    vTaskSuspend                             0x0800a0ad   Thumb Code   174  tasks.o(i.vTaskSuspend)
    vTaskSuspendAll                          0x0800a169   Thumb Code    10  tasks.o(i.vTaskSuspendAll)
    vTaskSwitchContext                       0x0800a179   Thumb Code   108  tasks.o(i.vTaskSwitchContext)
    xPortStartScheduler                      0x0800a1ed   Thumb Code   222  port.o(i.xPortStartScheduler)
    xPortSysTickHandler                      0x0800a2e1   Thumb Code    38  port.o(i.xPortSysTickHandler)
    xTaskCreate                              0x0800a30d   Thumb Code    90  tasks.o(i.xTaskCreate)
    xTaskCreateStatic                        0x0800a367   Thumb Code    86  tasks.o(i.xTaskCreateStatic)
    xTaskGetSchedulerState                   0x0800a3bd   Thumb Code    22  tasks.o(i.xTaskGetSchedulerState)
    xTaskGetTickCount                        0x0800a3d9   Thumb Code     6  tasks.o(i.xTaskGetTickCount)
    xTaskIncrementTick                       0x0800a3e5   Thumb Code   192  tasks.o(i.xTaskIncrementTick)
    xTaskResumeAll                           0x0800a4ad   Thumb Code   182  tasks.o(i.xTaskResumeAll)
    AHBPrescTable                            0x0800a658   Data          16  system_stm32f4xx.o(.constdata)
    APBPrescTable                            0x0800a668   Data           8  system_stm32f4xx.o(.constdata)
    asc2_1206                                0x0800a680   Data        1140  oled.o(.constdata)
    LOGO_BMP                                 0x0800aaf4   Data        1024  oled.o(.constdata)
    sinTable_f32                             0x0800af08   Data        2052  arm_common_tables.o(.constdata)
    __mathlib_zero                           0x0800b7f8   Data           8  qnan.o(.constdata)
    Region$$Table$$Base                      0x0800b878   Number         0  anon$$obj.o(Region$$Table)
    Region$$Table$$Limit                     0x0800b898   Number         0  anon$$obj.o(Region$$Table)
    vStart_TaskHandle                        0x20000008   Data           4  freertos.o(.data)
    vInitial_TaskHandle                      0x2000000c   Data           4  freertos.o(.data)
    vChassis_TaskHandle                      0x20000010   Data           4  freertos.o(.data)
    vGimbal_TaskHandle                       0x20000014   Data           4  freertos.o(.data)
    vProtect_TaskHandle                      0x20000018   Data           4  freertos.o(.data)
    vTask_10msHandle                         0x2000001c   Data           4  freertos.o(.data)
    vOut_ControlHandle                       0x20000020   Data           4  freertos.o(.data)
    vRevolver_TaskHandle                     0x20000024   Data           4  freertos.o(.data)
    FS_Desc                                  0x20000028   Data          28  usbd_desc.o(.data)
    USBD_LangIDDesc                          0x20000044   Data           4  usbd_desc.o(.data)
    USBD_FS_DeviceDesc                       0x20000048   Data          18  usbd_desc.o(.data)
    USBD_StringSerial                        0x2000005c   Data          26  usbd_desc.o(.data)
    USBD_Interface_fops_FS                   0x20000078   Data          16  usbd_cdc_if.o(.data)
    uwTickFreq                               0x20000088   Data           1  stm32f4xx_hal.o(.data)
    uwTickPrio                               0x2000008c   Data           4  stm32f4xx_hal.o(.data)
    uwTick                                   0x20000090   Data           4  stm32f4xx_hal.o(.data)
    SystemCoreClock                          0x20000094   Data           4  system_stm32f4xx.o(.data)
    pxCurrentTCB                             0x20000098   Data           4  tasks.o(.data)
    ulHighFrequencyTimerTicks                0x2000010a   Data           1  test_task.o(.data)
    gimbal_mode                              0x20000114   Data           2  gimbal_task1.o(.data)
    Accel_Parameter                          0x20000130   Data          24  robomaster_filter.o(.data)
    Gyro_Parameter                           0x20000148   Data          24  robomaster_filter.o(.data)
    Bandstop_Filter_Parameter_30_94          0x20000160   Data          24  robomaster_filter.o(.data)
    Bandstop_Filter_Parameter_30_98          0x20000178   Data          24  robomaster_filter.o(.data)
    robot_status                             0x20000198   Data           4  robot_status.o(.data)
    can_cnt_1                                0x2000019c   Data           2  bsp_can.o(.data)
    can_cnt_2                                0x2000019e   Data           2  bsp_can.o(.data)
    motor_info                               0x200001a0   Data         180  bsp_can.o(.data)
    motor_info_2                             0x20000254   Data         180  bsp_can.o(.data)
    Latest_Remote_Control_Pack_Time          0x20000308   Data           4  dji_remote.o(.data)
    LED_Flash_Timer_remote_control           0x2000030c   Data           4  dji_remote.o(.data)
    dbus_time                                0x20000310   Data           4  dji_remote.o(.data)
    id                                       0x20000316   Data           1  bsp_imu.o(.data)
    q0                                       0x20000318   Data           4  bsp_imu.o(.data)
    q1                                       0x2000031c   Data           4  bsp_imu.o(.data)
    q2                                       0x20000320   Data           4  bsp_imu.o(.data)
    q3                                       0x20000324   Data           4  bsp_imu.o(.data)
    exInt                                    0x20000328   Data           4  bsp_imu.o(.data)
    eyInt                                    0x2000032c   Data           4  bsp_imu.o(.data)
    ezInt                                    0x20000330   Data           4  bsp_imu.o(.data)
    last_update                              0x20000358   Data           4  bsp_imu.o(.data)
    now_update                               0x2000035c   Data           4  bsp_imu.o(.data)
    ist_buff                                 0x20000360   Data           6  bsp_imu.o(.data)
    USBD_CDC_CfgHSDesc                       0x20000384   Data          67  usbd_cdc.o(.data)
    USBD_CDC_CfgFSDesc                       0x200003c8   Data          67  usbd_cdc.o(.data)
    USBD_CDC_OtherSpeedCfgDesc               0x2000040c   Data          67  usbd_cdc.o(.data)
    USBD_CDC                                 0x20000450   Data          56  usbd_cdc.o(.data)
    __stdout                                 0x20000488   Data           4  stdout.o(.data)
    __microlib_freelist                      0x2000048c   Data           4  mvars.o(.data)
    __microlib_freelist_initialised          0x20000490   Data           4  mvars.o(.data)
    hcan1                                    0x20000498   Data          40  can.o(.bss)
    hcan2                                    0x200004c0   Data          40  can.o(.bss)
    hspi1                                    0x20000748   Data          88  spi.o(.bss)
    hspi5                                    0x200007a0   Data          88  spi.o(.bss)
    htim4                                    0x200007f8   Data          64  tim.o(.bss)
    huart1                                   0x20000838   Data          64  usart.o(.bss)
    huart6                                   0x20000878   Data          64  usart.o(.bss)
    hdma_usart1_rx                           0x200008b8   Data          96  usart.o(.bss)
    hUsbDeviceFS                             0x20000918   Data         668  usb_device.o(.bss)
    hpcd_USB_OTG_FS                          0x20000bb4   Data        1032  usbd_conf.o(.bss)
    USBD_StrDesc                             0x20000fbc   Data         512  usbd_desc.o(.bss)
    Visual_Ture                              0x200011bc   Data         132  usbd_cdc_if.o(.bss)
    UserRxBufferFS                           0x20001240   Data        2048  usbd_cdc_if.o(.bss)
    UserTxBufferFS                           0x20001a40   Data        2048  usbd_cdc_if.o(.bss)
    shooting_control                         0x20005f30   Data         408  revolver_task.o(.bss)
    wave_form_data                           0x2000643c   Data          16  robomaster_vcan.o(.bss)
    Accel_BufferData                         0x2000644c   Data          72  robomaster_filter.o(.bss)
    Accel_BufferData_BPF                     0x20006494   Data          72  robomaster_filter.o(.bss)
    Gyro_BufferData_BPF                      0x200064dc   Data          72  robomaster_filter.o(.bss)
    Gyro_BufferData                          0x20006524   Data          72  robomaster_filter.o(.bss)
    UART_Buffer                              0x20006578   Data         100  dji_remote.o(.bss)
    remote_control                           0x200065dc   Data          20  dji_remote.o(.bss)
    imu                                      0x200069f0   Data         124  bsp_imu.o(.bss)
    mpu_buff                                 0x20006a90   Data          14  bsp_imu.o(.bss)
    mpu_data                                 0x20006a9e   Data          32  bsp_imu.o(.bss)
    gyro_status                              0x20006ac0   Data          12  bsp_imu.o(.bss)
    __heap_base                              0x20006ad0   Data           0  startup_stm32f427xx.o(HEAP)
    __heap_limit                             0x20008ad0   Data           0  startup_stm32f427xx.o(HEAP)
    __initial_sp                             0x2000cad0   Data           0  startup_stm32f427xx.o(STACK)



==============================================================================

Memory Map of the image

  Image Entry point : 0x080001ad

  Load Region LR_IROM1 (Base: 0x08000000, Size: 0x0000bd30, Max: 0x00200000, ABSOLUTE, COMPRESSED[0x0000b9cc])

    Execution Region ER_IROM1 (Exec base: 0x08000000, Load base: 0x08000000, Size: 0x0000b898, Max: 0x00200000, ABSOLUTE)

    Exec Addr    Load Addr    Size         Type   Attr      Idx    E Section Name        Object

    0x08000000   0x08000000   0x000001ac   Data   RO            3    RESET               startup_stm32f427xx.o
    0x080001ac   0x080001ac   0x00000000   Code   RO         7842  * .ARM.Collect$$$$00000000  mc_w.l(entry.o)
    0x080001ac   0x080001ac   0x00000004   Code   RO         8210    .ARM.Collect$$$$00000001  mc_w.l(entry2.o)
    0x080001b0   0x080001b0   0x00000004   Code   RO         8213    .ARM.Collect$$$$00000004  mc_w.l(entry5.o)
    0x080001b4   0x080001b4   0x00000000   Code   RO         8215    .ARM.Collect$$$$00000008  mc_w.l(entry7b.o)
    0x080001b4   0x080001b4   0x00000000   Code   RO         8217    .ARM.Collect$$$$0000000A  mc_w.l(entry8b.o)
    0x080001b4   0x080001b4   0x00000008   Code   RO         8218    .ARM.Collect$$$$0000000B  mc_w.l(entry9a.o)
    0x080001bc   0x080001bc   0x00000000   Code   RO         8220    .ARM.Collect$$$$0000000D  mc_w.l(entry10a.o)
    0x080001bc   0x080001bc   0x00000000   Code   RO         8222    .ARM.Collect$$$$0000000F  mc_w.l(entry11a.o)
    0x080001bc   0x080001bc   0x00000004   Code   RO         8211    .ARM.Collect$$$$00002712  mc_w.l(entry2.o)
    0x080001c0   0x080001c0   0x000000be   Code   RO         6032    .emb_text           port.o
    0x0800027e   0x0800027e   0x00000002   PAD
    0x08000280   0x08000280   0x00000024   Code   RO            4    .text               startup_stm32f427xx.o
    0x080002a4   0x080002a4   0x00000078   Code   RO         7621    .text               arm_cortexM4lf_math.lib(arm_cos_f32.o)
    0x0800031c   0x0800031c   0x00000094   Code   RO         7671    .text               arm_cortexM4lf_math.lib(arm_sin_f32.o)
    0x080003b0   0x080003b0   0x00000062   Code   RO         7845    .text               mc_w.l(uldiv.o)
    0x08000412   0x08000412   0x00000024   Code   RO         7847    .text               mc_w.l(memcpya.o)
    0x08000436   0x08000436   0x00000024   Code   RO         7851    .text               mc_w.l(memseta.o)
    0x0800045a   0x0800045a   0x000000e4   Code   RO         8148    .text               mf_w.l(dmul.o)
    0x0800053e   0x0800053e   0x00000022   Code   RO         8150    .text               mf_w.l(dflti.o)
    0x08000560   0x08000560   0x00000026   Code   RO         8152    .text               mf_w.l(f2d.o)
    0x08000586   0x08000586   0x00000002   PAD
    0x08000588   0x08000588   0x00000030   Code   RO         8154    .text               mf_w.l(cdrcmple.o)
    0x080005b8   0x080005b8   0x00000038   Code   RO         8156    .text               mf_w.l(d2f.o)
    0x080005f0   0x080005f0   0x0000002c   Code   RO         8225    .text               mc_w.l(uidiv.o)
    0x0800061c   0x0800061c   0x0000001e   Code   RO         8227    .text               mc_w.l(llshl.o)
    0x0800063a   0x0800063a   0x00000020   Code   RO         8229    .text               mc_w.l(llushr.o)
    0x0800065a   0x0800065a   0x00000000   Code   RO         8240    .text               mc_w.l(iusefp.o)
    0x0800065a   0x0800065a   0x0000006e   Code   RO         8241    .text               mf_w.l(fepilogue.o)
    0x080006c8   0x080006c8   0x000000ba   Code   RO         8243    .text               mf_w.l(depilogue.o)
    0x08000782   0x08000782   0x0000014e   Code   RO         8245    .text               mf_w.l(dadd.o)
    0x080008d0   0x080008d0   0x000000de   Code   RO         8247    .text               mf_w.l(ddiv.o)
    0x080009ae   0x080009ae   0x000000a2   Code   RO         8251    .text               mf_w.l(dsqrt.o)
    0x08000a50   0x08000a50   0x00000030   Code   RO         8253    .text               mf_w.l(dfixul.o)
    0x08000a80   0x08000a80   0x00000024   Code   RO         8257    .text               mc_w.l(init.o)
    0x08000aa4   0x08000aa4   0x00000024   Code   RO         8259    .text               mc_w.l(llsshr.o)
    0x08000ac8   0x08000ac8   0x00000056   Code   RO         8269    .text               mc_w.l(__dczerorl2.o)
    0x08000b1e   0x08000b1e   0x00000002   Code   RO          984    i.BusFault_Handler  stm32f4xx_it.o
    0x08000b20   0x08000b20   0x00000056   Code   RO         6621    i.Butterworth_Filter  robomaster_filter.o
    0x08000b76   0x08000b76   0x00000002   PAD
    0x08000b78   0x08000b78   0x0000000c   Code   RO          985    i.CAN1_RX0_IRQHandler  stm32f4xx_it.o
    0x08000b84   0x08000b84   0x0000000c   Code   RO          986    i.CAN1_TX_IRQHandler  stm32f4xx_it.o
    0x08000b90   0x08000b90   0x0000000c   Code   RO          987    i.CAN2_RX0_IRQHandler  stm32f4xx_it.o
    0x08000b9c   0x08000b9c   0x0000000c   Code   RO          988    i.CAN2_TX_IRQHandler  stm32f4xx_it.o
    0x08000ba8   0x08000ba8   0x00000004   Code   RO          932    i.CDC_Control_FS    usbd_cdc_if.o
    0x08000bac   0x08000bac   0x00000004   Code   RO          933    i.CDC_DeInit_FS     usbd_cdc_if.o
    0x08000bb0   0x08000bb0   0x00000024   Code   RO          934    i.CDC_Init_FS       usbd_cdc_if.o
    0x08000bd4   0x08000bd4   0x00000048   Code   RO          935    i.CDC_Receive_FS    usbd_cdc_if.o
    0x08000c1c   0x08000c1c   0x0000002c   Code   RO          936    i.CDC_Transmit_FS   usbd_cdc_if.o
    0x08000c48   0x08000c48   0x00000094   Code   RO         6885    i.Callback_RC_Handle  dji_remote.o
    0x08000cdc   0x08000cdc   0x0000010c   Code   RO         6377    i.Chassis_Init      chassis_task.o
    0x08000de8   0x08000de8   0x00000094   Code   RO         6378    i.Chassis_Task      chassis_task.o
    0x08000e7c   0x08000e7c   0x0000000c   Code   RO          989    i.DMA2_Stream2_IRQHandler  stm32f4xx_it.o
    0x08000e88   0x08000e88   0x00000028   Code   RO         4003    i.DMA_CalcBaseAndBitshift  stm32f4xx_hal_dma.o
    0x08000eb0   0x08000eb0   0x00000054   Code   RO         4004    i.DMA_CheckFifoParam  stm32f4xx_hal_dma.o
    0x08000f04   0x08000f04   0x00000028   Code   RO         4005    i.DMA_SetConfig     stm32f4xx_hal_dma.o
    0x08000f2c   0x08000f2c   0x00000002   Code   RO          990    i.DebugMon_Handler  stm32f4xx_it.o
    0x08000f2e   0x08000f2e   0x00000002   Code   RO           13    i.Error_Handler     main.o
    0x08000f30   0x08000f30   0x00000080   Code   RO         6303    i.GIMBAL_Feedback_Update  gimbal_task1.o
    0x08000fb0   0x08000fb0   0x000001e0   Code   RO         6304    i.GIMBAL_Init       gimbal_task1.o
    0x08001190   0x08001190   0x0000008c   Code   RO         6305    i.GIMBAL_PITCH_MOTOR_CONTROL  gimbal_task1.o
    0x0800121c   0x0800121c   0x000000a8   Code   RO         6306    i.GIMBAL_RC_Set_Control  gimbal_task1.o
    0x080012c4   0x080012c4   0x00000098   Code   RO         6307    i.GIMBAL_YAW_MOTOR_CONTROL  gimbal_task1.o
    0x0800135c   0x0800135c   0x00000098   Code   RO         6308    i.Gimbal_Task       gimbal_task1.o
    0x080013f4   0x080013f4   0x00000024   Code   RO         1683    i.HAL_CAN_ActivateNotification  stm32f4xx_hal_can.o
    0x08001418   0x08001418   0x000000c8   Code   RO         1684    i.HAL_CAN_AddTxMessage  stm32f4xx_hal_can.o
    0x080014e0   0x080014e0   0x0000010c   Code   RO         1685    i.HAL_CAN_ConfigFilter  stm32f4xx_hal_can.o
    0x080015ec   0x080015ec   0x00000002   Code   RO         1688    i.HAL_CAN_ErrorCallback  stm32f4xx_hal_can.o
    0x080015ee   0x080015ee   0x000000e8   Code   RO         1691    i.HAL_CAN_GetRxMessage  stm32f4xx_hal_can.o
    0x080016d6   0x080016d6   0x000001fc   Code   RO         1695    i.HAL_CAN_IRQHandler  stm32f4xx_hal_can.o
    0x080018d2   0x080018d2   0x0000011a   Code   RO         1696    i.HAL_CAN_Init      stm32f4xx_hal_can.o
    0x080019ec   0x080019ec   0x0000011c   Code   RO          286    i.HAL_CAN_MspInit   can.o
    0x08001b08   0x08001b08   0x00000002   Code   RO         1703    i.HAL_CAN_RxFifo0FullCallback  stm32f4xx_hal_can.o
    0x08001b0a   0x08001b0a   0x00000002   PAD
    0x08001b0c   0x08001b0c   0x000000dc   Code   RO         6747    i.HAL_CAN_RxFifo0MsgPendingCallback  bsp_can.o
    0x08001be8   0x08001be8   0x00000002   Code   RO         1705    i.HAL_CAN_RxFifo1FullCallback  stm32f4xx_hal_can.o
    0x08001bea   0x08001bea   0x00000002   Code   RO         1706    i.HAL_CAN_RxFifo1MsgPendingCallback  stm32f4xx_hal_can.o
    0x08001bec   0x08001bec   0x00000002   Code   RO         1707    i.HAL_CAN_SleepCallback  stm32f4xx_hal_can.o
    0x08001bee   0x08001bee   0x00000002   PAD
    0x08001bf0   0x08001bf0   0x00000058   Code   RO         1708    i.HAL_CAN_Start     stm32f4xx_hal_can.o
    0x08001c48   0x08001c48   0x00000002   Code   RO         1710    i.HAL_CAN_TxMailbox0AbortCallback  stm32f4xx_hal_can.o
    0x08001c4a   0x08001c4a   0x00000002   Code   RO         1711    i.HAL_CAN_TxMailbox0CompleteCallback  stm32f4xx_hal_can.o
    0x08001c4c   0x08001c4c   0x00000002   Code   RO         1712    i.HAL_CAN_TxMailbox1AbortCallback  stm32f4xx_hal_can.o
    0x08001c4e   0x08001c4e   0x00000002   Code   RO         1713    i.HAL_CAN_TxMailbox1CompleteCallback  stm32f4xx_hal_can.o
    0x08001c50   0x08001c50   0x00000002   Code   RO         1714    i.HAL_CAN_TxMailbox2AbortCallback  stm32f4xx_hal_can.o
    0x08001c52   0x08001c52   0x00000002   Code   RO         1715    i.HAL_CAN_TxMailbox2CompleteCallback  stm32f4xx_hal_can.o
    0x08001c54   0x08001c54   0x00000002   Code   RO         1717    i.HAL_CAN_WakeUpFromRxMsgCallback  stm32f4xx_hal_can.o
    0x08001c56   0x08001c56   0x00000002   PAD
    0x08001c58   0x08001c58   0x000001a0   Code   RO         4011    i.HAL_DMA_IRQHandler  stm32f4xx_hal_dma.o
    0x08001df8   0x08001df8   0x000000d4   Code   RO         4012    i.HAL_DMA_Init      stm32f4xx_hal_dma.o
    0x08001ecc   0x08001ecc   0x00000046   Code   RO         4015    i.HAL_DMA_Start     stm32f4xx_hal_dma.o
    0x08001f12   0x08001f12   0x00000002   PAD
    0x08001f14   0x08001f14   0x00000024   Code   RO         4443    i.HAL_Delay         stm32f4xx_hal.o
    0x08001f38   0x08001f38   0x000001cc   Code   RO         3899    i.HAL_GPIO_Init     stm32f4xx_hal_gpio.o
    0x08002104   0x08002104   0x0000000a   Code   RO         3901    i.HAL_GPIO_ReadPin  stm32f4xx_hal_gpio.o
    0x0800210e   0x0800210e   0x0000000e   Code   RO         3902    i.HAL_GPIO_TogglePin  stm32f4xx_hal_gpio.o
    0x0800211c   0x0800211c   0x0000000a   Code   RO         3903    i.HAL_GPIO_WritePin  stm32f4xx_hal_gpio.o
    0x08002126   0x08002126   0x00000002   PAD
    0x08002128   0x08002128   0x0000000c   Code   RO         4451    i.HAL_GetTick       stm32f4xx_hal.o
    0x08002134   0x08002134   0x00000010   Code   RO         4457    i.HAL_IncTick       stm32f4xx_hal.o
    0x08002144   0x08002144   0x00000034   Code   RO         4458    i.HAL_Init          stm32f4xx_hal.o
    0x08002178   0x08002178   0x00000040   Code   RO         4459    i.HAL_InitTick      stm32f4xx_hal.o
    0x080021b8   0x080021b8   0x00000038   Code   RO         1096    i.HAL_MspInit       stm32f4xx_hal_msp.o
    0x080021f0   0x080021f0   0x0000001a   Code   RO         4306    i.HAL_NVIC_EnableIRQ  stm32f4xx_hal_cortex.o
    0x0800220a   0x0800220a   0x00000002   PAD
    0x0800220c   0x0800220c   0x00000040   Code   RO         4312    i.HAL_NVIC_SetPriority  stm32f4xx_hal_cortex.o
    0x0800224c   0x0800224c   0x00000024   Code   RO         4313    i.HAL_NVIC_SetPriorityGrouping  stm32f4xx_hal_cortex.o
    0x08002270   0x08002270   0x00000002   Code   RO         1341    i.HAL_PCDEx_LPM_Callback  stm32f4xx_hal_pcd_ex.o
    0x08002272   0x08002272   0x00000008   Code   RO         1342    i.HAL_PCDEx_SetRxFiFo  stm32f4xx_hal_pcd_ex.o
    0x0800227a   0x0800227a   0x00000044   Code   RO         1343    i.HAL_PCDEx_SetTxFiFo  stm32f4xx_hal_pcd_ex.o
    0x080022be   0x080022be   0x00000008   Code   RO          651    i.HAL_PCD_ConnectCallback  usbd_conf.o
    0x080022c6   0x080022c6   0x00000012   Code   RO          652    i.HAL_PCD_DataInStageCallback  usbd_conf.o
    0x080022d8   0x080022d8   0x00000014   Code   RO          653    i.HAL_PCD_DataOutStageCallback  usbd_conf.o
    0x080022ec   0x080022ec   0x00000008   Code   RO          654    i.HAL_PCD_DisconnectCallback  usbd_conf.o
    0x080022f4   0x080022f4   0x0000004c   Code   RO         1129    i.HAL_PCD_EP_Close  stm32f4xx_hal_pcd.o
    0x08002340   0x08002340   0x0000005c   Code   RO         1130    i.HAL_PCD_EP_ClrStall  stm32f4xx_hal_pcd.o
    0x0800239c   0x0800239c   0x00000012   Code   RO         1132    i.HAL_PCD_EP_GetRxCount  stm32f4xx_hal_pcd.o
    0x080023ae   0x080023ae   0x00000060   Code   RO         1133    i.HAL_PCD_EP_Open   stm32f4xx_hal_pcd.o
    0x0800240e   0x0800240e   0x00000048   Code   RO         1134    i.HAL_PCD_EP_Receive  stm32f4xx_hal_pcd.o
    0x08002456   0x08002456   0x00000074   Code   RO         1135    i.HAL_PCD_EP_SetStall  stm32f4xx_hal_pcd.o
    0x080024ca   0x080024ca   0x00000040   Code   RO         1136    i.HAL_PCD_EP_Transmit  stm32f4xx_hal_pcd.o
    0x0800250a   0x0800250a   0x00000002   PAD
    0x0800250c   0x0800250c   0x00000464   Code   RO         1138    i.HAL_PCD_IRQHandler  stm32f4xx_hal_pcd.o
    0x08002970   0x08002970   0x00000008   Code   RO          655    i.HAL_PCD_ISOINIncompleteCallback  usbd_conf.o
    0x08002978   0x08002978   0x00000008   Code   RO          656    i.HAL_PCD_ISOOUTIncompleteCallback  usbd_conf.o
    0x08002980   0x08002980   0x000000e2   Code   RO         1141    i.HAL_PCD_Init      stm32f4xx_hal_pcd.o
    0x08002a62   0x08002a62   0x00000002   PAD
    0x08002a64   0x08002a64   0x00000084   Code   RO          658    i.HAL_PCD_MspInit   usbd_conf.o
    0x08002ae8   0x08002ae8   0x0000002c   Code   RO          659    i.HAL_PCD_ResetCallback  usbd_conf.o
    0x08002b14   0x08002b14   0x00000008   Code   RO          660    i.HAL_PCD_ResumeCallback  usbd_conf.o
    0x08002b1c   0x08002b1c   0x00000008   Code   RO          661    i.HAL_PCD_SOFCallback  usbd_conf.o
    0x08002b24   0x08002b24   0x00000028   Code   RO         1147    i.HAL_PCD_SetAddress  stm32f4xx_hal_pcd.o
    0x08002b4c   0x08002b4c   0x0000000e   Code   RO          662    i.HAL_PCD_SetupStageCallback  usbd_conf.o
    0x08002b5a   0x08002b5a   0x00000042   Code   RO         1149    i.HAL_PCD_Start     stm32f4xx_hal_pcd.o
    0x08002b9c   0x08002b9c   0x00000030   Code   RO          663    i.HAL_PCD_SuspendCallback  usbd_conf.o
    0x08002bcc   0x08002bcc   0x00000130   Code   RO         3493    i.HAL_RCC_ClockConfig  stm32f4xx_hal_rcc.o
    0x08002cfc   0x08002cfc   0x0000000c   Code   RO         3498    i.HAL_RCC_GetHCLKFreq  stm32f4xx_hal_rcc.o
    0x08002d08   0x08002d08   0x00000020   Code   RO         3500    i.HAL_RCC_GetPCLK1Freq  stm32f4xx_hal_rcc.o
    0x08002d28   0x08002d28   0x00000020   Code   RO         3501    i.HAL_RCC_GetPCLK2Freq  stm32f4xx_hal_rcc.o
    0x08002d48   0x08002d48   0x00000064   Code   RO         3502    i.HAL_RCC_GetSysClockFreq  stm32f4xx_hal_rcc.o
    0x08002dac   0x08002dac   0x0000031c   Code   RO         3505    i.HAL_RCC_OscConfig  stm32f4xx_hal_rcc.o
    0x080030c8   0x080030c8   0x00000080   Code   RO         1927    i.HAL_SPI_Init      stm32f4xx_hal_spi.o
    0x08003148   0x08003148   0x000000cc   Code   RO          460    i.HAL_SPI_MspInit   spi.o
    0x08003214   0x08003214   0x0000015c   Code   RO         1935    i.HAL_SPI_Transmit  stm32f4xx_hal_spi.o
    0x08003370   0x08003370   0x000001e2   Code   RO         1936    i.HAL_SPI_TransmitReceive  stm32f4xx_hal_spi.o
    0x08003552   0x08003552   0x00000028   Code   RO         4317    i.HAL_SYSTICK_Config  stm32f4xx_hal_cortex.o
    0x0800357a   0x0800357a   0x00000002   Code   RO         2915    i.HAL_TIMEx_BreakCallback  stm32f4xx_hal_tim_ex.o
    0x0800357c   0x0800357c   0x00000002   Code   RO         2916    i.HAL_TIMEx_CommutCallback  stm32f4xx_hal_tim_ex.o
    0x0800357e   0x0800357e   0x00000042   Code   RO         2933    i.HAL_TIMEx_MasterConfigSynchronization  stm32f4xx_hal_tim_ex.o
    0x080035c0   0x080035c0   0x00000036   Code   RO         2240    i.HAL_TIM_Base_Init  stm32f4xx_hal_tim.o
    0x080035f6   0x080035f6   0x00000002   PAD
    0x080035f8   0x080035f8   0x0000003c   Code   RO          508    i.HAL_TIM_Base_MspInit  tim.o
    0x08003634   0x08003634   0x000000d6   Code   RO         2249    i.HAL_TIM_ConfigClockSource  stm32f4xx_hal_tim.o
    0x0800370a   0x0800370a   0x00000002   Code   RO         2269    i.HAL_TIM_IC_CaptureCallback  stm32f4xx_hal_tim.o
    0x0800370c   0x0800370c   0x00000166   Code   RO         2283    i.HAL_TIM_IRQHandler  stm32f4xx_hal_tim.o
    0x08003872   0x08003872   0x00000002   Code   RO         2286    i.HAL_TIM_OC_DelayElapsedCallback  stm32f4xx_hal_tim.o
    0x08003874   0x08003874   0x00000002   Code   RO         2313    i.HAL_TIM_PWM_PulseFinishedCallback  stm32f4xx_hal_tim.o
    0x08003876   0x08003876   0x00000002   Code   RO         2321    i.HAL_TIM_PeriodElapsedCallback  stm32f4xx_hal_tim.o
    0x08003878   0x08003878   0x00000002   Code   RO         2326    i.HAL_TIM_TriggerCallback  stm32f4xx_hal_tim.o
    0x0800387a   0x0800387a   0x00000002   PAD
    0x0800387c   0x0800387c   0x000000e0   Code   RO         6886    i.HAL_UART_IDLE_IRQHandler  dji_remote.o
    0x0800395c   0x0800395c   0x00000062   Code   RO         3191    i.HAL_UART_Init     stm32f4xx_hal_uart.o
    0x080039be   0x080039be   0x00000002   PAD
    0x080039c0   0x080039c0   0x000000f4   Code   RO          550    i.HAL_UART_MspInit  usart.o
    0x08003ab4   0x08003ab4   0x00000012   Code   RO         6887    i.HAL_UART_Receive_IT_IDLE  dji_remote.o
    0x08003ac6   0x08003ac6   0x000000ba   Code   RO         3199    i.HAL_UART_Transmit  stm32f4xx_hal_uart.o
    0x08003b80   0x08003b80   0x00000002   Code   RO          991    i.HardFault_Handler  stm32f4xx_it.o
    0x08003b82   0x08003b82   0x00000002   PAD
    0x08003b84   0x08003b84   0x00000060   Code   RO         6112    i.Initial_Task      initial_task.o
    0x08003be4   0x08003be4   0x00000038   Code   RO          846    i.IntToUnicode      usbd_desc.o
    0x08003c1c   0x08003c1c   0x00000016   Code   RO         7064    i.MPU6500_GET_DATA  bsp_imu.o
    0x08003c32   0x08003c32   0x0000000e   Code   RO         7065    i.MPU6500_INITIAL   bsp_imu.o
    0x08003c40   0x08003c40   0x00000074   Code   RO         7066    i.MPU_Transfer      bsp_imu.o
    0x08003cb4   0x08003cb4   0x00000044   Code   RO          287    i.MX_CAN1_Init      can.o
    0x08003cf8   0x08003cf8   0x00000044   Code   RO          288    i.MX_CAN2_Init      can.o
    0x08003d3c   0x08003d3c   0x0000002c   Code   RO          334    i.MX_DMA_Init       dma.o
    0x08003d68   0x08003d68   0x00000058   Code   RO          358    i.MX_FREERTOS_Init  freertos.o
    0x08003dc0   0x08003dc0   0x00000184   Code   RO          255    i.MX_GPIO_Init      gpio.o
    0x08003f44   0x08003f44   0x0000004c   Code   RO          461    i.MX_SPI1_Init      spi.o
    0x08003f90   0x08003f90   0x00000048   Code   RO          462    i.MX_SPI5_Init      spi.o
    0x08003fd8   0x08003fd8   0x00000068   Code   RO          509    i.MX_TIM4_Init      tim.o
    0x08004040   0x08004040   0x0000003c   Code   RO          551    i.MX_USART1_UART_Init  usart.o
    0x0800407c   0x0800407c   0x00000038   Code   RO          552    i.MX_USART6_UART_Init  usart.o
    0x080040b4   0x080040b4   0x00000054   Code   RO          603    i.MX_USB_DEVICE_Init  usb_device.o
    0x08004108   0x08004108   0x00000002   Code   RO          992    i.MemManage_Handler  stm32f4xx_it.o
    0x0800410a   0x0800410a   0x00000002   Code   RO          993    i.NMI_Handler       stm32f4xx_it.o
    0x0800410c   0x0800410c   0x0000000c   Code   RO          994    i.OTG_FS_IRQHandler  stm32f4xx_it.o
    0x08004118   0x08004118   0x00000008   Code   RO          359    i.Out_Control       freertos.o
    0x08004120   0x08004120   0x000000dc   Code   RO         1152    i.PCD_EP_OutXfrComplete_int  stm32f4xx_hal_pcd.o
    0x080041fc   0x080041fc   0x000000a2   Code   RO         1153    i.PCD_WriteEmptyTxFifo  stm32f4xx_hal_pcd.o
    0x0800429e   0x0800429e   0x00000002   PAD
    0x080042a0   0x080042a0   0x000000a4   Code   RO         6711    i.Place_Staus_Check  robot_status.o
    0x08004344   0x08004344   0x00000060   Code   RO          360    i.Protect_Task      freertos.o
    0x080043a4   0x080043a4   0x00000058   Code   RO         6171    i.Revolver_Task     revolver_task.o
    0x080043fc   0x080043fc   0x00000058   Code   RO         1965    i.SPI_EndRxTxTransaction  stm32f4xx_hal_spi.o
    0x08004454   0x08004454   0x00000094   Code   RO         1970    i.SPI_WaitFlagStateUntilTimeout  stm32f4xx_hal_spi.o
    0x080044e8   0x080044e8   0x00000148   Code   RO         6172    i.Shooting_Initial  revolver_task.o
    0x08004630   0x08004630   0x00000068   Code   RO         6173    i.Shooting_Motor_set  revolver_task.o
    0x08004698   0x08004698   0x0000008a   Code   RO         6174    i.Shooting_control_loop  revolver_task.o
    0x08004722   0x08004722   0x00000002   PAD
    0x08004724   0x08004724   0x000000ac   Code   RO         6175    i.Shooting_feedback_update  revolver_task.o
    0x080047d0   0x080047d0   0x000000c8   Code   RO         6176    i.Shooting_set_contorl  revolver_task.o
    0x08004898   0x08004898   0x00000128   Code   RO          361    i.StartTask         freertos.o
    0x080049c0   0x080049c0   0x00000018   Code   RO          995    i.SysTick_Handler   stm32f4xx_it.o
    0x080049d8   0x080049d8   0x00000084   Code   RO           14    i.SystemClock_Config  main.o
    0x08004a5c   0x08004a5c   0x00000054   Code   RO         4704    i.SystemInit        system_stm32f4xx.o
    0x08004ab0   0x08004ab0   0x0000001c   Code   RO          996    i.TIM4_IRQHandler   stm32f4xx_it.o
    0x08004acc   0x08004acc   0x000000c8   Code   RO         2328    i.TIM_Base_SetConfig  stm32f4xx_hal_tim.o
    0x08004b94   0x08004b94   0x00000014   Code   RO         2339    i.TIM_ETR_SetConfig  stm32f4xx_hal_tim.o
    0x08004ba8   0x08004ba8   0x00000010   Code   RO         2340    i.TIM_ITRx_SetConfig  stm32f4xx_hal_tim.o
    0x08004bb8   0x08004bb8   0x00000022   Code   RO         2346    i.TIM_TI1_ConfigInputStage  stm32f4xx_hal_tim.o
    0x08004bda   0x08004bda   0x00000024   Code   RO         2348    i.TIM_TI2_ConfigInputStage  stm32f4xx_hal_tim.o
    0x08004bfe   0x08004bfe   0x00000008   Code   RO          362    i.Task_10ms         freertos.o
    0x08004c06   0x08004c06   0x00000078   Code   RO         6888    i.UART_Receive_DMA_NoIT  dji_remote.o
    0x08004c7e   0x08004c7e   0x00000002   PAD
    0x08004c80   0x08004c80   0x000002ac   Code   RO         3217    i.UART_SetConfig    stm32f4xx_hal_uart.o
    0x08004f2c   0x08004f2c   0x00000064   Code   RO         3219    i.UART_WaitOnFlagUntilTimeout  stm32f4xx_hal_uart.o
    0x08004f90   0x08004f90   0x0000000c   Code   RO          997    i.USART1_IRQHandler  stm32f4xx_it.o
    0x08004f9c   0x08004f9c   0x0000004a   Code   RO         7515    i.USBD_CDC_DataIn   usbd_cdc.o
    0x08004fe6   0x08004fe6   0x0000002e   Code   RO         7516    i.USBD_CDC_DataOut  usbd_cdc.o
    0x08005014   0x08005014   0x00000044   Code   RO         7517    i.USBD_CDC_DeInit   usbd_cdc.o
    0x08005058   0x08005058   0x00000024   Code   RO         7518    i.USBD_CDC_EP0_RxReady  usbd_cdc.o
    0x0800507c   0x0800507c   0x0000000c   Code   RO         7519    i.USBD_CDC_GetDeviceQualifierDescriptor  usbd_cdc.o
    0x08005088   0x08005088   0x0000000c   Code   RO         7520    i.USBD_CDC_GetFSCfgDesc  usbd_cdc.o
    0x08005094   0x08005094   0x0000000c   Code   RO         7521    i.USBD_CDC_GetHSCfgDesc  usbd_cdc.o
    0x080050a0   0x080050a0   0x0000000c   Code   RO         7522    i.USBD_CDC_GetOtherSpeedCfgDesc  usbd_cdc.o
    0x080050ac   0x080050ac   0x00000094   Code   RO         7523    i.USBD_CDC_Init     usbd_cdc.o
    0x08005140   0x08005140   0x00000028   Code   RO         7524    i.USBD_CDC_ReceivePacket  usbd_cdc.o
    0x08005168   0x08005168   0x00000010   Code   RO         7525    i.USBD_CDC_RegisterInterface  usbd_cdc.o
    0x08005178   0x08005178   0x0000000c   Code   RO         7526    i.USBD_CDC_SetRxBuffer  usbd_cdc.o
    0x08005184   0x08005184   0x00000010   Code   RO         7527    i.USBD_CDC_SetTxBuffer  usbd_cdc.o
    0x08005194   0x08005194   0x000000ac   Code   RO         7528    i.USBD_CDC_Setup    usbd_cdc.o
    0x08005240   0x08005240   0x00000036   Code   RO         7529    i.USBD_CDC_TransmitPacket  usbd_cdc.o
    0x08005276   0x08005276   0x0000000e   Code   RO         7252    i.USBD_ClrClassConfig  usbd_core.o
    0x08005284   0x08005284   0x00000010   Code   RO         7455    i.USBD_CtlContinueRx  usbd_ioreq.o
    0x08005294   0x08005294   0x00000010   Code   RO         7456    i.USBD_CtlContinueSendData  usbd_ioreq.o
    0x080052a4   0x080052a4   0x00000016   Code   RO         7390    i.USBD_CtlError     usbd_ctlreq.o
    0x080052ba   0x080052ba   0x0000001e   Code   RO         7457    i.USBD_CtlPrepareRx  usbd_ioreq.o
    0x080052d8   0x080052d8   0x00000016   Code   RO         7458    i.USBD_CtlReceiveStatus  usbd_ioreq.o
    0x080052ee   0x080052ee   0x0000001a   Code   RO         7459    i.USBD_CtlSendData  usbd_ioreq.o
    0x08005308   0x08005308   0x00000016   Code   RO         7460    i.USBD_CtlSendStatus  usbd_ioreq.o
    0x0800531e   0x0800531e   0x00000002   PAD
    0x08005320   0x08005320   0x00000020   Code   RO          847    i.USBD_FS_ConfigStrDescriptor  usbd_desc.o
    0x08005340   0x08005340   0x0000000c   Code   RO          848    i.USBD_FS_DeviceDescriptor  usbd_desc.o
    0x0800534c   0x0800534c   0x00000024   Code   RO          849    i.USBD_FS_InterfaceStrDescriptor  usbd_desc.o
    0x08005370   0x08005370   0x0000000c   Code   RO          850    i.USBD_FS_LangIDStrDescriptor  usbd_desc.o
    0x0800537c   0x0800537c   0x00000028   Code   RO          851    i.USBD_FS_ManufacturerStrDescriptor  usbd_desc.o
    0x080053a4   0x080053a4   0x0000002c   Code   RO          852    i.USBD_FS_ProductStrDescriptor  usbd_desc.o
    0x080053d0   0x080053d0   0x00000038   Code   RO          853    i.USBD_FS_SerialStrDescriptor  usbd_desc.o
    0x08005408   0x08005408   0x000000e8   Code   RO         7391    i.USBD_GetDescriptor  usbd_ctlreq.o
    0x080054f0   0x080054f0   0x00000048   Code   RO         7392    i.USBD_GetString    usbd_ctlreq.o
    0x08005538   0x08005538   0x00000018   Code   RO          664    i.USBD_Get_USB_Status  usbd_conf.o
    0x08005550   0x08005550   0x0000002a   Code   RO         7254    i.USBD_Init         usbd_core.o
    0x0800557a   0x0800557a   0x00000012   Code   RO          665    i.USBD_LL_ClearStallEP  usbd_conf.o
    0x0800558c   0x0800558c   0x00000012   Code   RO          666    i.USBD_LL_CloseEP   usbd_conf.o
    0x0800559e   0x0800559e   0x000000c6   Code   RO         7255    i.USBD_LL_DataInStage  usbd_core.o
    0x08005664   0x08005664   0x00000082   Code   RO         7256    i.USBD_LL_DataOutStage  usbd_core.o
    0x080056e6   0x080056e6   0x00000004   Code   RO         7257    i.USBD_LL_DevConnected  usbd_core.o
    0x080056ea   0x080056ea   0x00000016   Code   RO         7258    i.USBD_LL_DevDisconnected  usbd_core.o
    0x08005700   0x08005700   0x00000008   Code   RO          670    i.USBD_LL_GetRxDataSize  usbd_conf.o
    0x08005708   0x08005708   0x00000060   Code   RO          671    i.USBD_LL_Init      usbd_conf.o
    0x08005768   0x08005768   0x00000020   Code   RO          672    i.USBD_LL_IsStallEP  usbd_conf.o
    0x08005788   0x08005788   0x00000004   Code   RO         7259    i.USBD_LL_IsoINIncomplete  usbd_core.o
    0x0800578c   0x0800578c   0x00000004   Code   RO         7260    i.USBD_LL_IsoOUTIncomplete  usbd_core.o
    0x08005790   0x08005790   0x00000018   Code   RO          673    i.USBD_LL_OpenEP    usbd_conf.o
    0x080057a8   0x080057a8   0x00000012   Code   RO          674    i.USBD_LL_PrepareReceive  usbd_conf.o
    0x080057ba   0x080057ba   0x00000050   Code   RO         7261    i.USBD_LL_Reset     usbd_core.o
    0x0800580a   0x0800580a   0x0000000c   Code   RO         7262    i.USBD_LL_Resume    usbd_core.o
    0x08005816   0x08005816   0x00000018   Code   RO         7263    i.USBD_LL_SOF       usbd_core.o
    0x0800582e   0x0800582e   0x00000006   Code   RO         7264    i.USBD_LL_SetSpeed  usbd_core.o
    0x08005834   0x08005834   0x00000012   Code   RO          675    i.USBD_LL_SetUSBAddress  usbd_conf.o
    0x08005846   0x08005846   0x0000005a   Code   RO         7265    i.USBD_LL_SetupStage  usbd_core.o
    0x080058a0   0x080058a0   0x00000012   Code   RO          676    i.USBD_LL_StallEP   usbd_conf.o
    0x080058b2   0x080058b2   0x00000012   Code   RO          677    i.USBD_LL_Start     usbd_conf.o
    0x080058c4   0x080058c4   0x00000012   Code   RO         7266    i.USBD_LL_Suspend   usbd_core.o
    0x080058d6   0x080058d6   0x00000012   Code   RO          679    i.USBD_LL_Transmit  usbd_conf.o
    0x080058e8   0x080058e8   0x00000028   Code   RO         7393    i.USBD_ParseSetupRequest  usbd_ctlreq.o
    0x08005910   0x08005910   0x00000010   Code   RO         7267    i.USBD_RegisterClass  usbd_core.o
    0x08005920   0x08005920   0x00000016   Code   RO         7269    i.USBD_SetClassConfig  usbd_core.o
    0x08005936   0x08005936   0x00000002   PAD
    0x08005938   0x08005938   0x00000084   Code   RO         7394    i.USBD_SetConfig    usbd_ctlreq.o
    0x080059bc   0x080059bc   0x0000000a   Code   RO         7270    i.USBD_Start        usbd_core.o
    0x080059c6   0x080059c6   0x00000112   Code   RO         7395    i.USBD_StdDevReq    usbd_ctlreq.o
    0x08005ad8   0x08005ad8   0x00000150   Code   RO         7396    i.USBD_StdEPReq     usbd_ctlreq.o
    0x08005c28   0x08005c28   0x0000004e   Code   RO         7397    i.USBD_StdItfReq    usbd_ctlreq.o
    0x08005c76   0x08005c76   0x00000002   PAD
    0x08005c78   0x08005c78   0x00000080   Code   RO         1383    i.USB_ActivateEndpoint  stm32f4xx_ll_usb.o
    0x08005cf8   0x08005cf8   0x00000034   Code   RO         1385    i.USB_ActivateSetup  stm32f4xx_ll_usb.o
    0x08005d2c   0x08005d2c   0x00000074   Code   RO         1387    i.USB_CoreInit      stm32f4xx_ll_usb.o
    0x08005da0   0x08005da0   0x00000038   Code   RO         1388    i.USB_CoreReset     stm32f4xx_ll_usb.o
    0x08005dd8   0x08005dd8   0x00000080   Code   RO         1391    i.USB_DeactivateEndpoint  stm32f4xx_ll_usb.o
    0x08005e58   0x08005e58   0x00000018   Code   RO         1392    i.USB_DevConnect    stm32f4xx_ll_usb.o
    0x08005e70   0x08005e70   0x00000018   Code   RO         1393    i.USB_DevDisconnect  stm32f4xx_ll_usb.o
    0x08005e88   0x08005e88   0x0000018c   Code   RO         1394    i.USB_DevInit       stm32f4xx_ll_usb.o
    0x08006014   0x08006014   0x0000000c   Code   RO         1395    i.USB_DisableGlobalInt  stm32f4xx_ll_usb.o
    0x08006020   0x08006020   0x00000118   Code   RO         1398    i.USB_EP0StartXfer  stm32f4xx_ll_usb.o
    0x08006138   0x08006138   0x00000058   Code   RO         1399    i.USB_EP0_OutStart  stm32f4xx_ll_usb.o
    0x08006190   0x08006190   0x00000058   Code   RO         1400    i.USB_EPClearStall  stm32f4xx_ll_usb.o
    0x080061e8   0x080061e8   0x00000058   Code   RO         1401    i.USB_EPSetStall    stm32f4xx_ll_usb.o
    0x08006240   0x08006240   0x000001e8   Code   RO         1402    i.USB_EPStartXfer   stm32f4xx_ll_usb.o
    0x08006428   0x08006428   0x0000000c   Code   RO         1403    i.USB_EnableGlobalInt  stm32f4xx_ll_usb.o
    0x08006434   0x08006434   0x00000020   Code   RO         1404    i.USB_FlushRxFifo   stm32f4xx_ll_usb.o
    0x08006454   0x08006454   0x00000024   Code   RO         1405    i.USB_FlushTxFifo   stm32f4xx_ll_usb.o
    0x08006478   0x08006478   0x0000001a   Code   RO         1407    i.USB_GetDevSpeed   stm32f4xx_ll_usb.o
    0x08006492   0x08006492   0x00000008   Code   RO         1409    i.USB_GetMode       stm32f4xx_ll_usb.o
    0x0800649a   0x0800649a   0x0000000e   Code   RO         1416    i.USB_ReadDevAllInEpInterrupt  stm32f4xx_ll_usb.o
    0x080064a8   0x080064a8   0x0000000e   Code   RO         1417    i.USB_ReadDevAllOutEpInterrupt  stm32f4xx_ll_usb.o
    0x080064b6   0x080064b6   0x00000024   Code   RO         1418    i.USB_ReadDevInEPInterrupt  stm32f4xx_ll_usb.o
    0x080064da   0x080064da   0x00000010   Code   RO         1419    i.USB_ReadDevOutEPInterrupt  stm32f4xx_ll_usb.o
    0x080064ea   0x080064ea   0x00000008   Code   RO         1420    i.USB_ReadInterrupts  stm32f4xx_ll_usb.o
    0x080064f2   0x080064f2   0x0000001c   Code   RO         1421    i.USB_ReadPacket    stm32f4xx_ll_usb.o
    0x0800650e   0x0800650e   0x0000002e   Code   RO         1423    i.USB_SetCurrentMode  stm32f4xx_ll_usb.o
    0x0800653c   0x0800653c   0x00000022   Code   RO         1424    i.USB_SetDevAddress  stm32f4xx_ll_usb.o
    0x0800655e   0x0800655e   0x00000002   PAD
    0x08006560   0x08006560   0x000000e8   Code   RO         1426    i.USB_SetTurnaroundTime  stm32f4xx_ll_usb.o
    0x08006648   0x08006648   0x00000024   Code   RO         1429    i.USB_WritePacket   stm32f4xx_ll_usb.o
    0x0800666c   0x0800666c   0x00000002   Code   RO          998    i.UsageFault_Handler  stm32f4xx_it.o
    0x0800666e   0x0800666e   0x00000002   PAD
    0x08006670   0x08006670   0x00000020   Code   RO         8092    i.__0printf         mc_w.l(printfa.o)
    0x08006690   0x08006690   0x00000030   Code   RO         8186    i.__ARM_fpclassify  m_wm.l(fpclassify.o)
    0x080066c0   0x080066c0   0x00000020   Code   RO         4319    i.__NVIC_SetPriority  stm32f4xx_hal_cortex.o
    0x080066e0   0x080066e0   0x00000360   Code   RO         7774    i.__hardfp_asin     m_wm.l(asin.o)
    0x08006a40   0x08006a40   0x000002d8   Code   RO         8158    i.__hardfp_atan     m_wm.l(atan.o)
    0x08006d18   0x08006d18   0x000001f0   Code   RO         7788    i.__hardfp_atan2    m_wm.l(atan2.o)
    0x08006f08   0x08006f08   0x00000014   Code   RO         7812    i.__hardfp_fabs     m_wm.l(fabs.o)
    0x08006f1c   0x08006f1c   0x0000007a   Code   RO         7830    i.__hardfp_sqrt     m_wm.l(sqrt_full.o)
    0x08006f96   0x08006f96   0x000000f8   Code   RO         8204    i.__kernel_poly     m_wm.l(poly.o)
    0x0800708e   0x0800708e   0x00000014   Code   RO         8173    i.__mathlib_dbl_infnan  m_wm.l(dunder.o)
    0x080070a2   0x080070a2   0x00000014   Code   RO         8174    i.__mathlib_dbl_infnan2  m_wm.l(dunder.o)
    0x080070b6   0x080070b6   0x00000002   PAD
    0x080070b8   0x080070b8   0x00000020   Code   RO         8175    i.__mathlib_dbl_invalid  m_wm.l(dunder.o)
    0x080070d8   0x080070d8   0x00000020   Code   RO         8178    i.__mathlib_dbl_underflow  m_wm.l(dunder.o)
    0x080070f8   0x080070f8   0x0000000e   Code   RO         8263    i.__scatterload_copy  mc_w.l(handlers.o)
    0x08007106   0x08007106   0x00000002   Code   RO         8264    i.__scatterload_null  mc_w.l(handlers.o)
    0x08007108   0x08007108   0x0000000e   Code   RO         8265    i.__scatterload_zeroinit  mc_w.l(handlers.o)
    0x08007116   0x08007116   0x00000002   PAD
    0x08007118   0x08007118   0x0000000c   Code   RO         8235    i.__set_errno       mc_w.l(errno.o)
    0x08007124   0x08007124   0x00000184   Code   RO         8099    i._fp_digits        mc_w.l(printfa.o)
    0x080072a8   0x080072a8   0x000006dc   Code   RO         8100    i._printf_core      mc_w.l(printfa.o)
    0x08007984   0x08007984   0x00000024   Code   RO         8101    i._printf_post_padding  mc_w.l(printfa.o)
    0x080079a8   0x080079a8   0x0000002e   Code   RO         8102    i._printf_pre_padding  mc_w.l(printfa.o)
    0x080079d6   0x080079d6   0x00000010   Code   RO         8160    i.atan              m_wm.l(atan.o)
    0x080079e6   0x080079e6   0x00000002   PAD
    0x080079e8   0x080079e8   0x00000054   Code   RO         6748    i.can_user_init     bsp_can.o
    0x08007a3c   0x08007a3c   0x000000f8   Code   RO         6577    i.chassis_behaviour_control_set  chassis_behaviour.o
    0x08007b34   0x08007b34   0x0000005c   Code   RO         6578    i.chassis_behaviour_mode_set  chassis_behaviour.o
    0x08007b90   0x08007b90   0x0000012c   Code   RO         6379    i.chassis_control_loop  chassis_task.o
    0x08007cbc   0x08007cbc   0x00000128   Code   RO         6380    i.chassis_feedback_update  chassis_task.o
    0x08007de4   0x08007de4   0x000000c4   Code   RO         6579    i.chassis_infantry_follow_gimbal_yaw_control  chassis_behaviour.o
    0x08007ea8   0x08007ea8   0x000000f8   Code   RO         6381    i.chassis_rc_to_control_vector  chassis_task.o
    0x08007fa0   0x08007fa0   0x0000016c   Code   RO         6382    i.chassis_set_contorl  chassis_task.o
    0x0800810c   0x0800810c   0x0000000c   Code   RO         6241    i.configureTimerForRunTimeStats  test_task.o
    0x08008118   0x08008118   0x00000018   Code   RO         7814    i.fabs              m_wm.l(fabs.o)
    0x08008130   0x08008130   0x0000004e   Code   RO         6482    i.first_order_filter_cali  user_lib.o
    0x0800817e   0x0800817e   0x00000012   Code   RO         6483    i.first_order_filter_init  user_lib.o
    0x08008190   0x08008190   0x00000020   Code   RO         6484    i.fp32_constrain    user_lib.o
    0x080081b0   0x080081b0   0x00000018   Code   RO          553    i.fputc             usart.o
    0x080081c8   0x080081c8   0x00000050   Code   RO         8120    i.free              mc_w.l(malloc.o)
    0x08008218   0x08008218   0x0000000c   Code   RO         6242    i.getRunTimeCounterValue  test_task.o
    0x08008224   0x08008224   0x00000014   Code   RO         6749    i.get_Chassis_Motor_Measure_Point  bsp_can.o
    0x08008238   0x08008238   0x00000008   Code   RO         7067    i.get_INS_angle_point  bsp_imu.o
    0x08008240   0x08008240   0x00000008   Code   RO         7069    i.get_MPU6500_Gyro_Data_Point  bsp_imu.o
    0x08008248   0x08008248   0x00000008   Code   RO         6750    i.get_PAN_Trigger_Motor_Measure_Point  bsp_can.o
    0x08008250   0x08008250   0x00000008   Code   RO         6751    i.get_Pitch_Gimbal_Motor_Measure_Point  bsp_can.o
    0x08008258   0x08008258   0x00000008   Code   RO         6752    i.get_Shooting_Down_Motor_Measure_Point  bsp_can.o
    0x08008260   0x08008260   0x00000008   Code   RO         6753    i.get_Shooting_Up_Motor_Measure_Point  bsp_can.o
    0x08008268   0x08008268   0x00000008   Code   RO         6754    i.get_Trigger_Motor_Measure_Point  bsp_can.o
    0x08008270   0x08008270   0x00000008   Code   RO         6755    i.get_Yaw_Gimbal_Motor_Measure_Point  bsp_can.o
    0x08008278   0x08008278   0x00000008   Code   RO         6309    i.get_pitch_motor_point  gimbal_task1.o
    0x08008280   0x08008280   0x00000008   Code   RO         6889    i.get_remote_control_point  dji_remote.o
    0x08008288   0x08008288   0x00000008   Code   RO         6310    i.get_yaw_motor_point  gimbal_task1.o
    0x08008290   0x08008290   0x00000472   Code   RO         7070    i.imu_ahrs_update   bsp_imu.o
    0x08008702   0x08008702   0x00000002   PAD
    0x08008704   0x08008704   0x00000174   Code   RO         7071    i.imu_attitude_update  bsp_imu.o
    0x08008878   0x08008878   0x000001cc   Code   RO         7072    i.init_quaternion   bsp_imu.o
    0x08008a44   0x08008a44   0x0000002c   Code   RO         7073    i.inv_sqrt          bsp_imu.o
    0x08008a70   0x08008a70   0x0000000a   Code   RO         7074    i.ist8310_get_data  bsp_imu.o
    0x08008a7a   0x08008a7a   0x00000100   Code   RO         7075    i.ist8310_init      bsp_imu.o
    0x08008b7a   0x08008b7a   0x00000038   Code   RO         7076    i.ist_reg_read_by_mpu  bsp_imu.o
    0x08008bb2   0x08008bb2   0x00000042   Code   RO         7077    i.ist_reg_write_by_mpu  bsp_imu.o
    0x08008bf4   0x08008bf4   0x00000048   Code   RO         6489    i.loop_fp32_constrain  user_lib.o
    0x08008c3c   0x08008c3c   0x0000005c   Code   RO           15    i.main              main.o
    0x08008c98   0x08008c98   0x0000000c   Code   RO         5604    i.makeFreeRtosPriority  cmsis_os.o
    0x08008ca4   0x08008ca4   0x0000006c   Code   RO         8121    i.malloc            mc_w.l(malloc.o)
    0x08008d10   0x08008d10   0x00000034   Code   RO         6311    i.motor_ecd_to_angle_change  gimbal_task1.o
    0x08008d44   0x08008d44   0x00000164   Code   RO         7078    i.mpu_device_init   bsp_imu.o
    0x08008ea8   0x08008ea8   0x00000240   Code   RO         7079    i.mpu_get_data      bsp_imu.o
    0x080090e8   0x080090e8   0x0000008e   Code   RO         7080    i.mpu_master_i2c_auto_read_config  bsp_imu.o
    0x08009176   0x08009176   0x00000002   PAD
    0x08009178   0x08009178   0x000000a4   Code   RO         7081    i.mpu_offset_call   bsp_imu.o
    0x0800921c   0x0800921c   0x00000050   Code   RO         7082    i.mpu_read_byte     bsp_imu.o
    0x0800926c   0x0800926c   0x0000005c   Code   RO         7083    i.mpu_read_bytes    bsp_imu.o
    0x080092c8   0x080092c8   0x0000000a   Code   RO         7084    i.mpu_set_accel_fsr  bsp_imu.o
    0x080092d2   0x080092d2   0x0000000a   Code   RO         7085    i.mpu_set_gyro_fsr  bsp_imu.o
    0x080092dc   0x080092dc   0x00000054   Code   RO         7086    i.mpu_write_byte    bsp_imu.o
    0x08009330   0x08009330   0x00000064   Code   RO         6943    i.oled_LOGO         oled.o
    0x08009394   0x08009394   0x00000040   Code   RO         6944    i.oled_clear        oled.o
    0x080093d4   0x080093d4   0x00000048   Code   RO         6948    i.oled_drawpoint    oled.o
    0x0800941c   0x0800941c   0x00000124   Code   RO         6949    i.oled_init         oled.o
    0x08009540   0x08009540   0x00000034   Code   RO         6951    i.oled_refresh_gram  oled.o
    0x08009574   0x08009574   0x0000002a   Code   RO         6952    i.oled_set_pos      oled.o
    0x0800959e   0x0800959e   0x00000002   PAD
    0x080095a0   0x080095a0   0x0000002c   Code   RO         6956    i.oled_write_byte   oled.o
    0x080095cc   0x080095cc   0x0000000e   Code   RO         5606    i.osDelay           cmsis_os.o
    0x080095da   0x080095da   0x00000004   Code   RO         5607    i.osDelayUntil      cmsis_os.o
    0x080095de   0x080095de   0x0000000a   Code   RO         5609    i.osKernelStart     cmsis_os.o
    0x080095e8   0x080095e8   0x00000054   Code   RO         5643    i.osThreadCreate    cmsis_os.o
    0x0800963c   0x0800963c   0x000000b4   Code   RO         6841    i.pid_calc          pid.o
    0x080096f0   0x080096f0   0x0000002c   Code   RO         6842    i.pid_clear         pid.o
    0x0800971c   0x0800971c   0x0000000a   Code   RO         6843    i.pid_init          pid.o
    0x08009726   0x08009726   0x00000002   PAD
    0x08009728   0x08009728   0x00000070   Code   RO         5246    i.prvAddCurrentTaskToDelayedList  tasks.o
    0x08009798   0x08009798   0x000000d0   Code   RO         5247    i.prvAddNewTaskToReadyList  tasks.o
    0x08009868   0x08009868   0x00000034   Code   RO         5248    i.prvDeleteTCB      tasks.o
    0x0800989c   0x0800989c   0x0000004c   Code   RO         5971    i.prvHeapInit       heap_4.o
    0x080098e8   0x080098e8   0x00000060   Code   RO         5249    i.prvIdleTask       tasks.o
    0x08009948   0x08009948   0x0000009e   Code   RO         5250    i.prvInitialiseNewTask  tasks.o
    0x080099e6   0x080099e6   0x00000002   PAD
    0x080099e8   0x080099e8   0x0000004c   Code   RO         5972    i.prvInsertBlockIntoFreeList  heap_4.o
    0x08009a34   0x08009a34   0x00000020   Code   RO         5252    i.prvResetNextTaskUnblockTime  tasks.o
    0x08009a54   0x08009a54   0x00000028   Code   RO         6033    i.prvTaskExitError  port.o
    0x08009a7c   0x08009a7c   0x00000034   Code   RO         5253    i.prvTaskIsTaskSuspended  tasks.o
    0x08009ab0   0x08009ab0   0x000000d8   Code   RO         5973    i.pvPortMalloc      heap_4.o
    0x08009b88   0x08009b88   0x0000002c   Code   RO         6034    i.pxPortInitialiseStack  port.o
    0x08009bb4   0x08009bb4   0x00000014   Code   RO         6445    i.send_data         robomaster_vcan.o
    0x08009bc8   0x08009bc8   0x00000064   Code   RO         6756    i.set_motor_voltage_CAN1  bsp_can.o
    0x08009c2c   0x08009c2c   0x00000064   Code   RO         6757    i.set_motor_voltage_CAN2  bsp_can.o
    0x08009c90   0x08009c90   0x00000044   Code   RO         6446    i.shanwai_send_wave_form  robomaster_vcan.o
    0x08009cd4   0x08009cd4   0x0000006e   Code   RO         7832    i.sqrt              m_wm.l(sqrt_full.o)
    0x08009d42   0x08009d42   0x00000026   Code   RO         4854    i.uxListRemove      list.o
    0x08009d68   0x08009d68   0x00000014   Code   RO          365    i.vApplicationGetIdleTaskMemory  freertos.o
    0x08009d7c   0x08009d7c   0x00000016   Code   RO         4855    i.vListInitialise   list.o
    0x08009d92   0x08009d92   0x00000006   Code   RO         4856    i.vListInitialiseItem  list.o
    0x08009d98   0x08009d98   0x00000030   Code   RO         4857    i.vListInsert       list.o
    0x08009dc8   0x08009dc8   0x00000018   Code   RO         4858    i.vListInsertEnd    list.o
    0x08009de0   0x08009de0   0x00000040   Code   RO         6036    i.vPortEnterCritical  port.o
    0x08009e20   0x08009e20   0x00000028   Code   RO         6037    i.vPortExitCritical  port.o
    0x08009e48   0x08009e48   0x0000005c   Code   RO         5974    i.vPortFree         heap_4.o
    0x08009ea4   0x08009ea4   0x00000024   Code   RO         6038    i.vPortSetupTimerInterrupt  port.o
    0x08009ec8   0x08009ec8   0x0000004c   Code   RO         5263    i.vTaskDelay        tasks.o
    0x08009f14   0x08009f14   0x000000ac   Code   RO         5264    i.vTaskDelete       tasks.o
    0x08009fc0   0x08009fc0   0x0000007c   Code   RO         5277    i.vTaskResume       tasks.o
    0x0800a03c   0x0800a03c   0x00000070   Code   RO         5280    i.vTaskStartScheduler  tasks.o
    0x0800a0ac   0x0800a0ac   0x000000bc   Code   RO         5281    i.vTaskSuspend      tasks.o
    0x0800a168   0x0800a168   0x00000010   Code   RO         5282    i.vTaskSuspendAll   tasks.o
    0x0800a178   0x0800a178   0x00000074   Code   RO         5283    i.vTaskSwitchContext  tasks.o
    0x0800a1ec   0x0800a1ec   0x000000f4   Code   RO         6040    i.xPortStartScheduler  port.o
    0x0800a2e0   0x0800a2e0   0x0000002c   Code   RO         6041    i.xPortSysTickHandler  port.o
    0x0800a30c   0x0800a30c   0x0000005a   Code   RO         5285    i.xTaskCreate       tasks.o
    0x0800a366   0x0800a366   0x00000056   Code   RO         5286    i.xTaskCreateStatic  tasks.o
    0x0800a3bc   0x0800a3bc   0x0000001c   Code   RO         5290    i.xTaskGetSchedulerState  tasks.o
    0x0800a3d8   0x0800a3d8   0x0000000c   Code   RO         5291    i.xTaskGetTickCount  tasks.o
    0x0800a3e4   0x0800a3e4   0x000000c8   Code   RO         5293    i.xTaskIncrementTick  tasks.o
    0x0800a4ac   0x0800a4ac   0x000000c4   Code   RO         5299    i.xTaskResumeAll    tasks.o
    0x0800a570   0x0800a570   0x000000e0   Data   RO          367    .constdata          freertos.o
    0x0800a650   0x0800a650   0x00000008   Data   RO         4018    .constdata          stm32f4xx_hal_dma.o
    0x0800a658   0x0800a658   0x00000010   Data   RO         4705    .constdata          system_stm32f4xx.o
    0x0800a668   0x0800a668   0x00000008   Data   RO         4706    .constdata          system_stm32f4xx.o
    0x0800a670   0x0800a670   0x00000008   Data   RO         6178    .constdata          revolver_task.o
    0x0800a678   0x0800a678   0x00000008   Data   RO         6384    .constdata          chassis_task.o
    0x0800a680   0x0800a680   0x00000874   Data   RO         6958    .constdata          oled.o
    0x0800aef4   0x0800aef4   0x00000014   Data   RO         7088    .constdata          bsp_imu.o
    0x0800af08   0x0800af08   0x00000804   Data   RO         7751    .constdata          arm_cortexM4lf_math.lib(arm_common_tables.o)
    0x0800b70c   0x0800b70c   0x00000004   PAD
    0x0800b710   0x0800b710   0x00000050   Data   RO         7777    .constdata          m_wm.l(asin.o)
    0x0800b760   0x0800b760   0x00000098   Data   RO         8161    .constdata          m_wm.l(atan.o)
    0x0800b7f8   0x0800b7f8   0x00000008   Data   RO         8206    .constdata          m_wm.l(qnan.o)
    0x0800b800   0x0800b800   0x00000077   Data   RO          368    .conststring        freertos.o
    0x0800b877   0x0800b877   0x00000001   PAD
    0x0800b878   0x0800b878   0x00000020   Data   RO         8261    Region$$Table       anon$$obj.o


    Execution Region RW_IRAM1 (Exec base: 0x20000000, Load base: 0x0800b898, Size: 0x0000cad0, Max: 0x00030000, ABSOLUTE, COMPRESSED[0x00000134])

    Exec Addr    Load Addr    Size         Type   Attr      Idx    E Section Name        Object

    0x20000000   COMPRESSED   0x00000004   Data   RW          290    .data               can.o
    0x20000004   COMPRESSED   0x00000024   Data   RW          369    .data               freertos.o
    0x20000028   COMPRESSED   0x0000001c   Data   RW          855    .data               usbd_desc.o
    0x20000044   COMPRESSED   0x00000032   Data   RW          856    .data               usbd_desc.o
    0x20000076   COMPRESSED   0x00000002   PAD
    0x20000078   COMPRESSED   0x00000010   Data   RW          938    .data               usbd_cdc_if.o
    0x20000088   COMPRESSED   0x0000000c   Data   RW         4465    .data               stm32f4xx_hal.o
    0x20000094   COMPRESSED   0x00000004   Data   RW         4707    .data               system_stm32f4xx.o
    0x20000098   COMPRESSED   0x00000044   Data   RW         5302    .data               tasks.o
    0x200000dc   COMPRESSED   0x00000018   Data   RW         5979    .data               heap_4.o
    0x200000f4   COMPRESSED   0x0000000c   Data   RW         6042    .data               port.o
    0x20000100   COMPRESSED   0x0000000a   Data   RW         6179    .data               revolver_task.o
    0x2000010a   COMPRESSED   0x00000006   Data   RW         6246    .data               test_task.o
    0x20000110   COMPRESSED   0x00000010   Data   RW         6313    .data               gimbal_task1.o
    0x20000120   COMPRESSED   0x00000010   Data   RW         6580    .data               chassis_behaviour.o
    0x20000130   COMPRESSED   0x00000018   Data   RW         6647    .data               robomaster_filter.o
    0x20000148   COMPRESSED   0x00000018   Data   RW         6648    .data               robomaster_filter.o
    0x20000160   COMPRESSED   0x00000018   Data   RW         6650    .data               robomaster_filter.o
    0x20000178   COMPRESSED   0x00000018   Data   RW         6651    .data               robomaster_filter.o
    0x20000190   COMPRESSED   0x0000000c   Data   RW         6713    .data               robot_status.o
    0x2000019c   COMPRESSED   0x0000016c   Data   RW         6758    .data               bsp_can.o
    0x20000308   COMPRESSED   0x0000000c   Data   RW         6892    .data               dji_remote.o
    0x20000314   COMPRESSED   0x00000060   Data   RW         7089    .data               bsp_imu.o
    0x20000374   COMPRESSED   0x00000001   Data   RW         7398    .data               usbd_ctlreq.o
    0x20000375   COMPRESSED   0x00000003   PAD
    0x20000378   COMPRESSED   0x000000d7   Data   RW         7530    .data               usbd_cdc.o
    0x2000044f   COMPRESSED   0x00000001   PAD
    0x20000450   COMPRESSED   0x00000038   Data   RW         7531    .data               usbd_cdc.o
    0x20000488   COMPRESSED   0x00000004   Data   RW         8224    .data               mc_w.l(stdout.o)
    0x2000048c   COMPRESSED   0x00000004   Data   RW         8231    .data               mc_w.l(mvars.o)
    0x20000490   COMPRESSED   0x00000004   Data   RW         8232    .data               mc_w.l(mvars.o)
    0x20000494   COMPRESSED   0x00000004   Data   RW         8236    .data               mc_w.l(errno.o)
    0x20000498        -       0x00000050   Zero   RW          289    .bss                can.o
    0x200004e8        -       0x00000260   Zero   RW          366    .bss                freertos.o
    0x20000748        -       0x000000b0   Zero   RW          463    .bss                spi.o
    0x200007f8        -       0x00000040   Zero   RW          510    .bss                tim.o
    0x20000838        -       0x000000e0   Zero   RW          554    .bss                usart.o
    0x20000918        -       0x0000029c   Zero   RW          604    .bss                usb_device.o
    0x20000bb4        -       0x00000408   Zero   RW          680    .bss                usbd_conf.o
    0x20000fbc        -       0x00000200   Zero   RW          854    .bss                usbd_desc.o
    0x200011bc        -       0x00001084   Zero   RW          937    .bss                usbd_cdc_if.o
    0x20002240        -       0x000000f0   Zero   RW         5301    .bss                tasks.o
    0x20002330        -       0x00003c00   Zero   RW         5978    .bss                heap_4.o
    0x20005f30        -       0x00000198   Zero   RW         6177    .bss                revolver_task.o
    0x200060c8        -       0x000001ac   Zero   RW         6312    .bss                gimbal_task1.o
    0x20006274        -       0x000001c8   Zero   RW         6383    .bss                chassis_task.o
    0x2000643c        -       0x00000010   Zero   RW         6447    .bss                robomaster_vcan.o
    0x2000644c        -       0x00000048   Zero   RW         6638    .bss                robomaster_filter.o
    0x20006494        -       0x00000048   Zero   RW         6639    .bss                robomaster_filter.o
    0x200064dc        -       0x00000048   Zero   RW         6640    .bss                robomaster_filter.o
    0x20006524        -       0x00000048   Zero   RW         6641    .bss                robomaster_filter.o
    0x2000656c        -       0x0000000c   Zero   RW         6712    .bss                robot_status.o
    0x20006578        -       0x00000064   Zero   RW         6890    .bss                dji_remote.o
    0x200065dc        -       0x00000014   Zero   RW         6891    .bss                dji_remote.o
    0x200065f0        -       0x00000400   Zero   RW         6957    .bss                oled.o
    0x200069f0        -       0x000000dc   Zero   RW         7087    .bss                bsp_imu.o
    0x20006acc   COMPRESSED   0x00000004   PAD
    0x20006ad0        -       0x00002000   Zero   RW            2    HEAP                startup_stm32f427xx.o
    0x20008ad0        -       0x00004000   Zero   RW            1    STACK               startup_stm32f427xx.o


==============================================================================

Image component sizes


      Code (inc. data)   RO Data    RW Data    ZI Data      Debug   Object Name

       572         64          0        364          0       8984   bsp_can.o
      4084        304         20         96        220      19484   bsp_imu.o
       420         40          0          4         80       2606   can.o
       536         60          0         16          0       8046   chassis_behaviour.o
      1624        128          8          0        456      17470   chassis_task.o
       124          0          0          0          0      23328   cmsis_os.o
       518         22          0         12        120       6269   dji_remote.o
        44          4          0          0          0        818   dma.o
         0          0          0          0          0      18240   event_groups.o
       516         76        343         36        608      10917   freertos.o
      1288        134          0         16        428      10679   gimbal_task1.o
       388         30          0          0          0       1183   gpio.o
       460         24          0         24      15360       7543   heap_4.o
        96         30          0          0          0       6099   initial_task.o
       138          0          0          0          0       3738   list.o
       226         24          0          0          0     808566   main.o
       666         36       2164          0       1024       5677   oled.o
       234         12          0          0          0       2446   pid.o
       702         72          0         12          0      11440   port.o
      1030         94          8         10        408       8526   revolver_task.o
        86          0          0         96        288       4238   robomaster_filter.o
        88          8          0          0         16       1898   robomaster_vcan.o
       164         10          0         12         12       1769   robot_status.o
       352         44          0          0        176       2530   spi.o
        36          8        428          0      24576        868   startup_stm32f427xx.o
       180         28          0         12          0       4797   stm32f4xx_hal.o
      1638          6          0          0          0      14899   stm32f4xx_hal_can.o
       198         14          0          0          0      34139   stm32f4xx_hal_cortex.o
       862         16          8          0          0       5864   stm32f4xx_hal_dma.o
       494         52          0          0          0       3876   stm32f4xx_hal_gpio.o
        56          4          0          0          0        902   stm32f4xx_hal_msp.o
      2372         18          0          0          0      13337   stm32f4xx_hal_pcd.o
        78          0          0          0          0       2529   stm32f4xx_hal_pcd_ex.o
      1276         86          0          0          0       5848   stm32f4xx_hal_rcc.o
      1194          8          0          0          0       6448   stm32f4xx_hal_spi.o
       942         44          0          0          0      10377   stm32f4xx_hal_tim.o
        70          0          0          0          0       2561   stm32f4xx_hal_tim_ex.o
      1068          8          0          0          0       4268   stm32f4xx_hal_uart.o
       148         52          0          0          0       7453   stm32f4xx_it.o
      2546        140          0          0          0      23715   stm32f4xx_ll_usb.o
         0          0          0          0          0        392   stream_buffer.o
        84         18         24          4          0       1255   system_stm32f4xx.o
      2126        162          0         68        240      22322   tasks.o
        24         10          0          6          0       4244   test_task.o
       164         18          0          0         64       1782   tim.o
       384         56          0          0        224       3206   usart.o
        84         18          0          0        668       2607   usb_device.o
       730         16          0        271          0      14062   usbd_cdc.o
       160         32          0         16       4228       4220   usbd_cdc_if.o
       634         20          0          0       1032      15716   usbd_conf.o
       696          0          0          0          0      12881   usbd_core.o
      1186         28          0          1          0       8400   usbd_ctlreq.o
       288        104          0         78        512       6237   usbd_desc.o
       132          0          0          0          0       4732   usbd_ioreq.o
       200          0          0          0          0       3299   user_lib.o

    ----------------------------------------------------------------------
     34460       2182       3036       1160      50744    1239730   Object Totals
         0          0         32          0          0          0   (incl. Generated)
        54          0          1          6          4          0   (incl. Padding)

    ----------------------------------------------------------------------

      Code (inc. data)   RO Data    RW Data    ZI Data      Debug   Library Member Name

         0          0       2052          0          0       4704   arm_common_tables.o
       120         12          0          0          0      17170   arm_cos_f32.o
       148         18          0          0          0        814   arm_sin_f32.o
       864         94         80          0          0        280   asin.o
       744        106        152          0          0        352   atan.o
       496         64          0          0          0        192   atan2.o
       104         16          0          0          0        496   dunder.o
        44          0          0          0          0        248   fabs.o
        48          0          0          0          0        124   fpclassify.o
       248          0          0          0          0        152   poly.o
         0          0          8          0          0          0   qnan.o
       232          0          0          0          0        296   sqrt_full.o
        86          0          0          0          0          0   __dczerorl2.o
         0          0          0          0          0          0   entry.o
         0          0          0          0          0          0   entry10a.o
         0          0          0          0          0          0   entry11a.o
         8          4          0          0          0          0   entry2.o
         4          0          0          0          0          0   entry5.o
         0          0          0          0          0          0   entry7b.o
         0          0          0          0          0          0   entry8b.o
         8          4          0          0          0          0   entry9a.o
        12          6          0          4          0         68   errno.o
        30          0          0          0          0          0   handlers.o
        36          8          0          0          0         68   init.o
         0          0          0          0          0          0   iusefp.o
        30          0          0          0          0         68   llshl.o
        36          0          0          0          0         68   llsshr.o
        32          0          0          0          0         68   llushr.o
       188         20          0          0          0        160   malloc.o
        36          0          0          0          0         68   memcpya.o
        36          0          0          0          0        108   memseta.o
         0          0          0          8          0          0   mvars.o
      2258         90          0          0          0        452   printfa.o
         0          0          0          4          0          0   stdout.o
        44          0          0          0          0         80   uidiv.o
        98          0          0          0          0         92   uldiv.o
        48          0          0          0          0         68   cdrcmple.o
        56          0          0          0          0         88   d2f.o
       334          0          0          0          0        148   dadd.o
       222          0          0          0          0        100   ddiv.o
       186          0          0          0          0        176   depilogue.o
        48          0          0          0          0         68   dfixul.o
        34          0          0          0          0         76   dflti.o
       228          0          0          0          0         96   dmul.o
       162          0          0          0          0        100   dsqrt.o
        38          0          0          0          0         68   f2d.o
       110          0          0          0          0        168   fepilogue.o

    ----------------------------------------------------------------------
      7464        442       2296         16          0      27284   Library Totals
         8          0          4          0          0          0   (incl. Padding)

    ----------------------------------------------------------------------

      Code (inc. data)   RO Data    RW Data    ZI Data      Debug   Library Name

       268         30       2052          0          0      22688   arm_cortexM4lf_math.lib
      2780        280        240          0          0       2140   m_wm.l
      2942        132          0         16          0       1300   mc_w.l
      1466          0          0          0          0       1156   mf_w.l

    ----------------------------------------------------------------------
      7464        442       2296         16          0      27284   Library Totals

    ----------------------------------------------------------------------

==============================================================================


      Code (inc. data)   RO Data    RW Data    ZI Data      Debug   

     41924       2624       5332       1176      50744    1229550   Grand Totals
     41924       2624       5332        308      50744    1229550   ELF Image Totals (compressed)
     41924       2624       5332        308          0          0   ROM Totals

==============================================================================

    Total RO  Size (Code + RO Data)                47256 (  46.15kB)
    Total RW  Size (RW Data + ZI Data)             51920 (  50.70kB)
    Total ROM Size (Code + RO Data + RW Data)      47564 (  46.45kB)

==============================================================================

